Archive member included to satisfy reference by file (symbol)

/opt/ST/STEdgeAI/4.0/Middlewares/ST/AI/Lib/GCC/STM32H7/NetworkRuntime1200_CM7_GCC.a(layers_conv2d_stm32_integer.o)
                              network.o (forward_dense_integer_SSSA_ch)
/opt/ST/STEdgeAI/4.0/Middlewares/ST/AI/Lib/GCC/STM32H7/NetworkRuntime1200_CM7_GCC.a(layers_nl_stm32_integer.o)
                              network.o (forward_nl_integer)
/opt/ST/STEdgeAI/4.0/Middlewares/ST/AI/Lib/GCC/STM32H7/NetworkRuntime1200_CM7_GCC.a(layers_pool_stm32_integer.o)
                              network.o (forward_ap_integer_INT8)
/opt/ST/STEdgeAI/4.0/Middlewares/ST/AI/Lib/GCC/STM32H7/NetworkRuntime1200_CM7_GCC.a(layers_stm32_integer.o)
                              network.o (forward_eltwise_integer_INT8)
/opt/ST/STEdgeAI/4.0/Middlewares/ST/AI/Lib/GCC/STM32H7/NetworkRuntime1200_CM7_GCC.a(forward_lite_conv2d_if32of32wf32.o)
                              network.o (forward_lite_conv2d_if32of32wf32_group)
/opt/ST/STEdgeAI/4.0/Middlewares/ST/AI/Lib/GCC/STM32H7/NetworkRuntime1200_CM7_GCC.a(forward_lite_convert.o)
                              network.o (forward_lite_node_convert_integer_is8of32)
/opt/ST/STEdgeAI/4.0/Middlewares/ST/AI/Lib/GCC/STM32H7/NetworkRuntime1200_CM7_GCC.a(forward_lite_dense_is8os8ws8_ch.o)
                              /opt/ST/STEdgeAI/4.0/Middlewares/ST/AI/Lib/GCC/STM32H7/NetworkRuntime1200_CM7_GCC.a(layers_conv2d_stm32_integer.o) (forward_lite_dense_is8os8ws8_ch)
/opt/ST/STEdgeAI/4.0/Middlewares/ST/AI/Lib/GCC/STM32H7/NetworkRuntime1200_CM7_GCC.a(forward_lite_dense_is8os8ws8.o)
                              /opt/ST/STEdgeAI/4.0/Middlewares/ST/AI/Lib/GCC/STM32H7/NetworkRuntime1200_CM7_GCC.a(layers_conv2d_stm32_integer.o) (forward_lite_dense_is8os8ws8)
/opt/ST/STEdgeAI/4.0/Middlewares/ST/AI/Lib/GCC/STM32H7/NetworkRuntime1200_CM7_GCC.a(forward_lite_maxpool_is8os8_scalepos.o)
                              network.o (forward_lite_maxpool_is8os8_scalepos)
/opt/ST/STEdgeAI/4.0/Middlewares/ST/AI/Lib/GCC/STM32H7/NetworkRuntime1200_CM7_GCC.a(forward_lite_avepool_is8os8.o)
                              /opt/ST/STEdgeAI/4.0/Middlewares/ST/AI/Lib/GCC/STM32H7/NetworkRuntime1200_CM7_GCC.a(layers_pool_stm32_integer.o) (forward_lite_avepool_is8os8)
/opt/ST/STEdgeAI/4.0/Middlewares/ST/AI/Lib/GCC/STM32H7/NetworkRuntime1200_CM7_GCC.a(forward_lite_pw_sssa8_ch.o)
                              network.o (forward_lite_pw_sssa8_ch)
/opt/ST/STEdgeAI/4.0/Middlewares/ST/AI/Lib/GCC/STM32H7/NetworkRuntime1200_CM7_GCC.a(forward_lite_conv2d_sssa8_ch.o)
                              network.o (forward_lite_conv2d_deep_sssa8_ch)
/opt/ST/STEdgeAI/4.0/Middlewares/ST/AI/Lib/GCC/STM32H7/NetworkRuntime1200_CM7_GCC.a(lite_convert_kernel.o)
                              /opt/ST/STEdgeAI/4.0/Middlewares/ST/AI/Lib/GCC/STM32H7/NetworkRuntime1200_CM7_GCC.a(forward_lite_convert.o) (lite_convert_is8of32)
/opt/ST/STEdgeAI/4.0/Middlewares/ST/AI/Lib/GCC/STM32H7/NetworkRuntime1200_CM7_GCC.a(forward_lite_maxpool_is16os16.o)
                              /opt/ST/STEdgeAI/4.0/Middlewares/ST/AI/Lib/GCC/STM32H7/NetworkRuntime1200_CM7_GCC.a(layers_pool_stm32_integer.o) (forward_lite_maxpool_is16os16_scalepos)
/opt/ST/STEdgeAI/4.0/Middlewares/ST/AI/Lib/GCC/STM32H7/NetworkRuntime1200_CM7_GCC.a(forward_lite_maxpool_is8os8.o)
                              /opt/ST/STEdgeAI/4.0/Middlewares/ST/AI/Lib/GCC/STM32H7/NetworkRuntime1200_CM7_GCC.a(layers_pool_stm32_integer.o) (forward_lite_maxpool_is8os8_scaleneg)
/opt/ST/STEdgeAI/4.0/Middlewares/ST/AI/Lib/GCC/STM32H7/NetworkRuntime1200_CM7_GCC.a(forward_lite_maxpool_iu16ou16.o)
                              /opt/ST/STEdgeAI/4.0/Middlewares/ST/AI/Lib/GCC/STM32H7/NetworkRuntime1200_CM7_GCC.a(layers_pool_stm32_integer.o) (forward_lite_maxpool_iu16ou16_scalepos)
/opt/ST/STEdgeAI/4.0/Middlewares/ST/AI/Lib/GCC/STM32H7/NetworkRuntime1200_CM7_GCC.a(forward_lite_maxpool_iu8ou8.o)
                              /opt/ST/STEdgeAI/4.0/Middlewares/ST/AI/Lib/GCC/STM32H7/NetworkRuntime1200_CM7_GCC.a(layers_pool_stm32_integer.o) (forward_lite_maxpool_iu8ou8_scalepos)
/opt/ST/STEdgeAI/4.0/Middlewares/ST/AI/Lib/GCC/STM32H7/NetworkRuntime1200_CM7_GCC.a(lite_nl_generic_integer.o)
                              network.o (forward_lite_nl_softmax_is8os8)
/opt/ST/STEdgeAI/4.0/Middlewares/ST/AI/Lib/GCC/STM32H7/NetworkRuntime1200_CM7_GCC.a(forward_lite_pad_generic.o)
                              network.o (forward_lite_pad_constant)
/opt/ST/STEdgeAI/4.0/Middlewares/ST/AI/Lib/GCC/STM32H7/NetworkRuntime1200_CM7_GCC.a(st_align_factor.o)
                              /opt/ST/STEdgeAI/4.0/Middlewares/ST/AI/Lib/GCC/STM32H7/NetworkRuntime1200_CM7_GCC.a(layers_conv2d_stm32_integer.o) (align_factor)
/opt/ST/STEdgeAI/4.0/Middlewares/ST/AI/Lib/GCC/STM32H7/NetworkRuntime1200_CM7_GCC.a(st_int8_to16_no_shift.o)
                              /opt/ST/STEdgeAI/4.0/Middlewares/ST/AI/Lib/GCC/STM32H7/NetworkRuntime1200_CM7_GCC.a(forward_lite_conv2d_sssa8_ch.o) (st_int8_to16_no_shift)
[...]
Memory Configuration

Name             Origin             Length             Attributes
RAM              0x20000000         0x02000000         xrw
FLASH            0x08000000         0x02000000         xr
*default*        0x00000000         0xffffffff

Linker script and memory map

LOAD /usr/lib/gcc/arm-none-eabi/13.2.1/thumb/v7e-m+dp/hard/crti.o
LOAD /usr/lib/gcc/arm-none-eabi/13.2.1/thumb/v7e-m+dp/hard/crtbegin.o
LOAD /usr/lib/gcc/arm-none-eabi/13.2.1/../../../arm-none-eabi/lib/thumb/v7e-m+dp/hard/crt0.o
START GROUP
LOAD /usr/lib/gcc/arm-none-eabi/13.2.1/../../../arm-none-eabi/lib/thumb/v7e-m+dp/hard/libm.a
END GROUP
LOAD network.o
LOAD startup_stm32xx.o
LOAD stedgeai_app_main.o
LOAD network_data.o
LOAD syscalls.o
LOAD sysmem.o
LOAD /opt/ST/STEdgeAI/4.0/Middlewares/ST/AI/Lib/GCC/STM32H7/NetworkRuntime1200_CM7_GCC.a
START GROUP
LOAD /usr/lib/gcc/arm-none-eabi/13.2.1/thumb/v7e-m+dp/hard/libgcc.a
LOAD /usr/lib/gcc/arm-none-eabi/13.2.1/../../../arm-none-eabi/lib/thumb/v7e-m+dp/hard/libc_nano.a
END GROUP
START GROUP
LOAD /usr/lib/gcc/arm-none-eabi/13.2.1/thumb/v7e-m+dp/hard/libgcc.a
LOAD /usr/lib/gcc/arm-none-eabi/13.2.1/../../../arm-none-eabi/lib/thumb/v7e-m+dp/hard/libc_nano.a
END GROUP
LOAD /usr/lib/gcc/arm-none-eabi/13.2.1/thumb/v7e-m+dp/hard/crtend.o
LOAD /usr/lib/gcc/arm-none-eabi/13.2.1/thumb/v7e-m+dp/hard/crtn.o
                0x21000000                        _estack = 0x21000000
                0x00002000                        _Min_Heap_Size = 0x2000
                0x00001000                        _Min_Stack_Size = 0x1000

.isr_vector     0x08000000       0x40
                0x08000000                        . = ALIGN (0x4)
 *(.isr_vector)
 .isr_vector    0x08000000       0x40 startup_stm32xx.o
                0x08000000                g_pfnVectors
                0x08000040                        . = ALIGN (0x4)

.text           0x08000040     0x718c
                0x08000040                        . = ALIGN (0x4)
 *(.text)
 .text          0x08000040       0x88 /usr/lib/gcc/arm-none-eabi/13.2.1/thumb/v7e-m+dp/hard/crtbegin.o
 .text          0x080000c8       0x28 /usr/lib/gcc/arm-none-eabi/13.2.1/thumb/v7e-m+dp/hard/libgcc.a(_fixsfdi.o)
                0x080000c8                __aeabi_f2lz
                0x080000c8                __fixsfdi
 .text          0x080000f0       0x40 /usr/lib/gcc/arm-none-eabi/13.2.1/thumb/v7e-m+dp/hard/libgcc.a(_fixunssfdi.o)
                0x080000f0                __aeabi_f2ulz
                0x080000f0                __fixunssfdi
 .text          0x08000130       0x50 /usr/lib/gcc/arm-none-eabi/13.2.1/../../../arm-none-eabi/lib/thumb/v7e-m+dp/hard/libc_nano.a(libc_a-init.o)
                0x08000130                __libc_init_array
 *(.text*)
 .text._stai_network_check
                0x08000180       0x36 network.o
 *fill*         0x080001b6        0x2 
 .text.stai_network_init
                0x080001b8       0x38 network.o
                0x080001b8                stai_network_init
 .text.forward_lite_nl_integer_nl_4
                0x080001f0       0x74 network.o
                0x080001f0                forward_lite_nl_integer_nl_4
 .text.forward_lite_nl_integer_nl_9
                0x08000264       0x74 network.o
                0x08000264                forward_lite_nl_integer_nl_9
 .text.forward_lite_nl_integer_nl_17
                0x080002d8       0x78 network.o
                0x080002d8                forward_lite_nl_integer_nl_17
 .text.forward_lite_nl_integer_nl_22
                0x08000350       0x78 network.o
                0x08000350                forward_lite_nl_integer_nl_22
 .text.forward_lite_eltwise_integer_INT8_eltwise_26
                0x080003c8       0x94 network.o
                0x080003c8                forward_lite_eltwise_integer_INT8_eltwise_26
 .text.forward_lite_nl_integer_nl_27
                0x0800045c       0x74 network.o
                0x0800045c                forward_lite_nl_integer_nl_27
 .text.forward_lite_eltwise_integer_INT8_eltwise_34
                0x080004d0       0x94 network.o
                0x080004d0                forward_lite_eltwise_integer_INT8_eltwise_34
 .text.forward_lite_eltwise_integer_INT8_eltwise_35
                0x08000564       0x94 network.o
                0x08000564                forward_lite_eltwise_integer_INT8_eltwise_35
 .text.forward_lite_nl_integer_nl_36
                0x080005f8       0x78 network.o
                0x080005f8                forward_lite_nl_integer_nl_36
 .text.forward_lite_eltwise_integer_INT8_eltwise_43
                0x08000670       0x94 network.o
                0x08000670                forward_lite_eltwise_integer_INT8_eltwise_43
 .text.forward_lite_eltwise_integer_INT8_eltwise_44
                0x08000704       0x94 network.o
                0x08000704                forward_lite_eltwise_integer_INT8_eltwise_44
 .text.forward_lite_nl_integer_nl_45
                0x08000798       0x78 network.o
                0x08000798                forward_lite_nl_integer_nl_45
 .text.forward_lite_eltwise_integer_INT8_eltwise_46
                0x08000810       0x90 network.o
                0x08000810                forward_lite_eltwise_integer_INT8_eltwise_46
 .text.forward_lite_nl_integer_nl_47
                0x080008a0       0x74 network.o
                0x080008a0                forward_lite_nl_integer_nl_47
 .text.forward_lite_ap_integer_INT8_pool_48
                0x08000914       0x74 network.o
                0x08000914                forward_lite_ap_integer_INT8_pool_48
 .text.forward_lite_dense_integer_SSSA_ch_gemm_49
                0x08000988       0xa8 network.o
                0x08000988                forward_lite_dense_integer_SSSA_ch_gemm_49
 .text.forward_lite_nl_integer_nl_50
                0x08000a30       0x74 network.o
                0x08000a30                forward_lite_nl_integer_nl_50
 .text.forward_lite_dense_integer_SSSA_ch_gemm_51
                0x08000aa4       0xa0 network.o
                0x08000aa4                forward_lite_dense_integer_SSSA_ch_gemm_51
 .text.stai_network_run
                0x08000b44      0x9dc network.o
                0x08000b44                stai_network_run
 .text.stai_network_get_activations
                0x08001520       0x50 network.o
                0x08001520                stai_network_get_activations
 .text.stai_network_get_inputs
                0x08001570       0x50 network.o
                0x08001570                stai_network_get_inputs
 .text.stai_network_get_outputs
                0x080015c0       0x50 network.o
                0x080015c0                stai_network_get_outputs
 .text.stai_network_set_activations
                0x08001610       0x90 network.o
                0x08001610                stai_network_set_activations
 .text.Reset_Handler
                0x080016a0       0x50 startup_stm32xx.o
                0x080016a0                Reset_Handler
 .text.Default_Handler
                0x080016f0        0x2 startup_stm32xx.o
                0x080016f0                DebugMon_Handler
                0x080016f0                HardFault_Handler
                0x080016f0                SysTick_Handler
                0x080016f0                PendSV_Handler
                0x080016f0                NMI_Handler
                0x080016f0                UsageFault_Handler
                0x080016f0                Default_Handler
                0x080016f0                MemManage_Handler
                0x080016f0                SVC_Handler
                0x080016f0                BusFault_Handler
 *fill*         0x080016f2        0x2 
 .text.aiInit   0x080016f4       0x54 stedgeai_app_main.o
                0x080016f4                aiInit
 .text.aiRun    0x08001748        0xc stedgeai_app_main.o
                0x08001748                aiRun
 .text.main_loop
                0x08001754        0xc stedgeai_app_main.o
                0x08001754                main_loop
 .text.SystemInit
                0x08001760        0x2 stedgeai_app_main.o
                0x08001760                SystemInit
 .text.startup.main
                0x08001762        0x6 stedgeai_app_main.o
                0x08001762                main
 .text.forward_dense_integer_SSSA_ch
                0x08001768      0x1b8 /opt/ST/STEdgeAI/4.0/Middlewares/ST/AI/Lib/GCC/STM32H7/NetworkRuntime1200_CM7_GCC.a(layers_conv2d_stm32_integer.o)
                0x08001768                forward_dense_integer_SSSA_ch
 .text.forward_nl_integer
                0x08001920       0xa4 /opt/ST/STEdgeAI/4.0/Middlewares/ST/AI/Lib/GCC/STM32H7/NetworkRuntime1200_CM7_GCC.a(layers_nl_stm32_integer.o)
                0x08001920                forward_nl_integer
 .text.forward_ap_integer_INT8
                0x080019c4      0x1bc /opt/ST/STEdgeAI/4.0/Middlewares/ST/AI/Lib/GCC/STM32H7/NetworkRuntime1200_CM7_GCC.a(layers_pool_stm32_integer.o)
                0x080019c4                forward_ap_integer_INT8
 .text.forward_eltwise_integer_INT8
                0x08001b80      0x3d4 /opt/ST/STEdgeAI/4.0/Middlewares/ST/AI/Lib/GCC/STM32H7/NetworkRuntime1200_CM7_GCC.a(layers_stm32_integer.o)
                0x08001b80                forward_eltwise_integer_INT8
 .text.forward_lite_conv2d_if32of32wf32_group
                0x08001f54      0x300 /opt/ST/STEdgeAI/4.0/Middlewares/ST/AI/Lib/GCC/STM32H7/NetworkRuntime1200_CM7_GCC.a(forward_lite_conv2d_if32of32wf32.o)
                0x08001f54                forward_lite_conv2d_if32of32wf32_group
 .text.forward_lite_node_convert_integer_is8of32
                0x08002254        0x4 /opt/ST/STEdgeAI/4.0/Middlewares/ST/AI/Lib/GCC/STM32H7/NetworkRuntime1200_CM7_GCC.a(forward_lite_convert.o)
                0x08002254                forward_lite_node_convert_integer_is8of32
 .text.forward_lite_node_convert_integer_if32os8
                0x08002258        0x4 /opt/ST/STEdgeAI/4.0/Middlewares/ST/AI/Lib/GCC/STM32H7/NetworkRuntime1200_CM7_GCC.a(forward_lite_convert.o)
                0x08002258                forward_lite_node_convert_integer_if32os8
 .text.forward_lite_dense_is8os8ws8_ch
                0x0800225c       0x7c /opt/ST/STEdgeAI/4.0/Middlewares/ST/AI/Lib/GCC/STM32H7/NetworkRuntime1200_CM7_GCC.a(forward_lite_dense_is8os8ws8_ch.o)
                0x0800225c                forward_lite_dense_is8os8ws8_ch
 .text.forward_lite_maxpool_is8os8_scalepos
                0x080022d8      0x1cc /opt/ST/STEdgeAI/4.0/Middlewares/ST/AI/Lib/GCC/STM32H7/NetworkRuntime1200_CM7_GCC.a(forward_lite_maxpool_is8os8_scalepos.o)
                0x080022d8                forward_lite_maxpool_is8os8_scalepos
 .text.forward_lite_avepool_is8os8
                0x080024a4       0x4c /opt/ST/STEdgeAI/4.0/Middlewares/ST/AI/Lib/GCC/STM32H7/NetworkRuntime1200_CM7_GCC.a(forward_lite_avepool_is8os8.o)
                0x080024a4                forward_lite_avepool_is8os8
 .text.forward_lite_pw_sssa8_ch
                0x080024f0      0x478 /opt/ST/STEdgeAI/4.0/Middlewares/ST/AI/Lib/GCC/STM32H7/NetworkRuntime1200_CM7_GCC.a(forward_lite_pw_sssa8_ch.o)
                0x080024f0                forward_lite_pw_sssa8_ch
 .text.forward_lite_conv2d_deep_sssa8_ch
                0x08002968      0x1c4 /opt/ST/STEdgeAI/4.0/Middlewares/ST/AI/Lib/GCC/STM32H7/NetworkRuntime1200_CM7_GCC.a(forward_lite_conv2d_sssa8_ch.o)
                0x08002968                forward_lite_conv2d_deep_sssa8_ch
 .text.lite_convert_is8of32
                0x08002b2c       0x24 /opt/ST/STEdgeAI/4.0/Middlewares/ST/AI/Lib/GCC/STM32H7/NetworkRuntime1200_CM7_GCC.a(lite_convert_kernel.o)
                0x08002b2c                lite_convert_is8of32
 .text.lite_convert_if32os8
                0x08002b50       0x6c /opt/ST/STEdgeAI/4.0/Middlewares/ST/AI/Lib/GCC/STM32H7/NetworkRuntime1200_CM7_GCC.a(lite_convert_kernel.o)
                0x08002b50                lite_convert_if32os8
 .text.forward_lite_nl_softmax_is8os8
                0x08002bbc       0x14 /opt/ST/STEdgeAI/4.0/Middlewares/ST/AI/Lib/GCC/STM32H7/NetworkRuntime1200_CM7_GCC.a(lite_nl_generic_integer.o)
                0x08002bbc                forward_lite_nl_softmax_is8os8
 .text.forward_lite_pad_constant
                0x08002bd0      0x138 /opt/ST/STEdgeAI/4.0/Middlewares/ST/AI/Lib/GCC/STM32H7/NetworkRuntime1200_CM7_GCC.a(forward_lite_pad_generic.o)
                0x08002bd0                forward_lite_pad_constant
 .text.align_factor
                0x08002d08       0xa4 /opt/ST/STEdgeAI/4.0/Middlewares/ST/AI/Lib/GCC/STM32H7/NetworkRuntime1200_CM7_GCC.a(st_align_factor.o)
                0x08002d08                align_factor
 .text.align_factor_ch
                0x08002dac       0x60 /opt/ST/STEdgeAI/4.0/Middlewares/ST/AI/Lib/GCC/STM32H7/NetworkRuntime1200_CM7_GCC.a(st_align_factor.o)
                0x08002dac                align_factor_ch
 .text.st_int8_avepool
                0x08002e0c      0x214 /opt/ST/STEdgeAI/4.0/Middlewares/ST/AI/Lib/GCC/STM32H7/NetworkRuntime1200_CM7_GCC.a(st_int8_pool.o)
                0x08002e0c                st_int8_avepool
 .text.st_sssa8_ch_fully_connected
                0x08003020      0x518 /opt/ST/STEdgeAI/4.0/Middlewares/ST/AI/Lib/GCC/STM32H7/NetworkRuntime1200_CM7_GCC.a(st_sssa8_ch_dense.o)
                0x08003020                st_sssa8_ch_fully_connected
 .text.st_int8_copy
                0x08003538      0x138 /opt/ST/STEdgeAI/4.0/Middlewares/ST/AI/Lib/GCC/STM32H7/NetworkRuntime1200_CM7_GCC.a(st_int8_fill.o)
                0x08003538                st_int8_copy
 .text.st_int8_fill
                0x08003670       0x80 /opt/ST/STEdgeAI/4.0/Middlewares/ST/AI/Lib/GCC/STM32H7/NetworkRuntime1200_CM7_GCC.a(st_int8_fill.o)
                0x08003670                st_int8_fill
 .text.st_int8_reordered_no_shift_zero
                0x080036f0       0x6c /opt/ST/STEdgeAI/4.0/Middlewares/ST/AI/Lib/GCC/STM32H7/NetworkRuntime1200_CM7_GCC.a(st_int8_reordered_no_shift.o)
                0x080036f0                st_int8_reordered_no_shift_zero
 .text.st_sssa8_ch_nn_mat_mult_conv2d_nt_t
                0x0800375c      0xc44 /opt/ST/STEdgeAI/4.0/Middlewares/ST/AI/Lib/GCC/STM32H7/NetworkRuntime1200_CM7_GCC.a(st_sssa8_ch_nn_mat_mult_conv2d_nt_t.o)
                0x0800375c                st_sssa8_ch_nn_mat_mult_conv2d_nt_t
 .text.st_sssa8_ch_1_output_mgt
                0x080043a0       0x64 /opt/ST/STEdgeAI/4.0/Middlewares/ST/AI/Lib/GCC/STM32H7/NetworkRuntime1200_CM7_GCC.a(st_sssa8_ch_nn_mat_mult_nt_t.o)
                0x080043a0                st_sssa8_ch_1_output_mgt
 .text.st_sssa8_ch_2_output_mgt
                0x08004404       0xb4 /opt/ST/STEdgeAI/4.0/Middlewares/ST/AI/Lib/GCC/STM32H7/NetworkRuntime1200_CM7_GCC.a(st_sssa8_ch_nn_mat_mult_nt_t.o)
                0x08004404                st_sssa8_ch_2_output_mgt
 .text.weights_offset_contribution_calc
                0x080044b8       0xcc /opt/ST/STEdgeAI/4.0/Middlewares/ST/AI/Lib/GCC/STM32H7/NetworkRuntime1200_CM7_GCC.a(st_sssa8_ch_nn_mat_mult_nt_t.o)
                0x080044b8                weights_offset_contribution_calc
 .text.weights_2channels_prefetch
                0x08004584      0x228 /opt/ST/STEdgeAI/4.0/Middlewares/ST/AI/Lib/GCC/STM32H7/NetworkRuntime1200_CM7_GCC.a(st_sssa8_ch_nn_mat_mult_nt_t.o)
                0x08004584                weights_2channels_prefetch
 .text.st_sssa8_ch_fullW_prefetch
                0x080047ac       0x74 /opt/ST/STEdgeAI/4.0/Middlewares/ST/AI/Lib/GCC/STM32H7/NetworkRuntime1200_CM7_GCC.a(st_sssa8_ch_nn_mat_mult_nt_t.o)
                0x080047ac                st_sssa8_ch_fullW_prefetch
 .text.st_sssa8_ch_nn_mat_mult_pw_nt_t
                0x08004820      0x760 /opt/ST/STEdgeAI/4.0/Middlewares/ST/AI/Lib/GCC/STM32H7/NetworkRuntime1200_CM7_GCC.a(st_sssa8_ch_nn_mat_mult_pw_nt_t.o)
                0x08004820                st_sssa8_ch_nn_mat_mult_pw_nt_t
 .text.st_sssa8_ch_nn_mat_mult_pw_nt_t_KWS
                0x08004f80      0x350 /opt/ST/STEdgeAI/4.0/Middlewares/ST/AI/Lib/GCC/STM32H7/NetworkRuntime1200_CM7_GCC.a(st_sssa8_ch_nn_mat_mult_pw_nt_t.o)
                0x08004f80                st_sssa8_ch_nn_mat_mult_pw_nt_t_KWS
 .text.ai_mul_buffer_INT8
                0x080052d0      0x81c /opt/ST/STEdgeAI/4.0/Middlewares/ST/AI/Lib/GCC/STM32H7/NetworkRuntime1200_CM7_GCC.a(ai_math_helpers.o)
                0x080052d0                ai_mul_buffer_INT8
 .text.ai_sum_f32
                0x08005aec       0x14 /opt/ST/STEdgeAI/4.0/Middlewares/ST/AI/Lib/GCC/STM32H7/NetworkRuntime1200_CM7_GCC.a(ai_math_helpers.o)
                0x08005aec                ai_sum_f32
 .text.ai_mul_f32
                0x08005b00       0x14 /opt/ST/STEdgeAI/4.0/Middlewares/ST/AI/Lib/GCC/STM32H7/NetworkRuntime1200_CM7_GCC.a(ai_math_helpers.o)
                0x08005b00                ai_mul_f32
 .text.ai_sum_buffer_INT8
                0x08005b14      0x2d0 /opt/ST/STEdgeAI/4.0/Middlewares/ST/AI/Lib/GCC/STM32H7/NetworkRuntime1200_CM7_GCC.a(ai_math_helpers.o)
                0x08005b14                ai_sum_buffer_INT8
 .text.core_get_broadcasted_shape
                0x08005de4       0x50 /opt/ST/STEdgeAI/4.0/Middlewares/ST/AI/Lib/GCC/STM32H7/NetworkRuntime1200_CM7_GCC.a(core_utils.o)
                0x08005de4                core_get_broadcasted_shape
 .text.core_compute_offsets
                0x08005e34      0x124 /opt/ST/STEdgeAI/4.0/Middlewares/ST/AI/Lib/GCC/STM32H7/NetworkRuntime1200_CM7_GCC.a(core_utils.o)
                0x08005e34                core_compute_offsets
 .text.ai_math_elementwise_mul_int8
                0x08005f58      0x494 /opt/ST/STEdgeAI/4.0/Middlewares/ST/AI/Lib/GCC/STM32H7/NetworkRuntime1200_CM7_GCC.a(ai_math_elementwise_mul_int8.o)
                0x08005f58                ai_math_elementwise_mul_int8
 .text.ai_math_elementwise_sum_int8
                0x080063ec      0x1d8 /opt/ST/STEdgeAI/4.0/Middlewares/ST/AI/Lib/GCC/STM32H7/NetworkRuntime1200_CM7_GCC.a(ai_math_elementwise_sum_int8.o)
                0x080063ec                ai_math_elementwise_sum_int8
 .text._lite_kernel_nl_softmax_is8os8
                0x080065c4      0xbf0 /opt/ST/STEdgeAI/4.0/Middlewares/ST/AI/Lib/GCC/STM32H7/NetworkRuntime1200_CM7_GCC.a(lite_nl_softmax_is8os8.o)
                0x080065c4                _lite_kernel_nl_softmax_is8os8
 *(.glue_7)
 .glue_7        0x080071b4        0x0 linker stubs
 *(.glue_7t)
 .glue_7t       0x080071b4        0x0 linker stubs
 *(.eh_frame)
 .eh_frame      0x080071b4        0x0 /usr/lib/gcc/arm-none-eabi/13.2.1/thumb/v7e-m+dp/hard/crtbegin.o
 *(.init)
 .init          0x080071b4        0x4 /usr/lib/gcc/arm-none-eabi/13.2.1/thumb/v7e-m+dp/hard/crti.o
                0x080071b4                _init
 .init          0x080071b8        0x8 /usr/lib/gcc/arm-none-eabi/13.2.1/thumb/v7e-m+dp/hard/crtn.o
 *(.fini)
 .fini          0x080071c0        0x4 /usr/lib/gcc/arm-none-eabi/13.2.1/thumb/v7e-m+dp/hard/crti.o
                0x080071c0                _fini
 .fini          0x080071c4        0x8 /usr/lib/gcc/arm-none-eabi/13.2.1/thumb/v7e-m+dp/hard/crtn.o
                0x080071cc                        . = ALIGN (0x4)
                0x080071cc                        _etext = .

.vfp11_veneer   0x080071cc        0x0
 .vfp11_veneer  0x080071cc        0x0 linker stubs

.v4_bx          0x080071cc        0x0
 .v4_bx         0x080071cc        0x0 linker stubs

.iplt           0x080071cc        0x0
 .iplt          0x080071cc        0x0 /usr/lib/gcc/arm-none-eabi/13.2.1/thumb/v7e-m+dp/hard/crtbegin.o

.rodata         0x080071d0    0x53988
                0x080071d0                        . = ALIGN (0x4)
 *(.rodata)
 *(.rodata*)
 .rodata._network_context.0
                0x080071d0       0x30 network.o
 .rodata.pad_37_v_pad_constant_value_const_s8
                0x08007200        0x1 network.o
 .rodata.pad_28_v_pad_constant_value_const_s8
                0x08007201        0x1 network.o
 *fill*         0x08007202        0x2 
 .rodata.conv2d_20_t_weight_0_fmt_scale_const_f32
                0x08007204      0x100 network.o
 .rodata.pad_18_v_pad_constant_value_const_s8
                0x08007304        0x1 network.o
 *fill*         0x08007305        0x3 
 .rodata.conv2d_15_t_weight_0_fmt_scale_const_f32
                0x08007308      0x100 network.o
 .rodata.pad_13_v_pad_constant_value_const_s8
                0x08007408        0x1 network.o
 *fill*         0x08007409        0x3 
 .rodata.conv2d_24_t_weight_0_fmt_scale_const_f32
                0x0800740c      0x100 network.o
 .rodata.conv2d_7_t_weight_0_fmt_scale_const_f32
                0x0800750c      0x200 network.o
 .rodata.pad_5_v_pad_constant_value_const_s8
                0x0800770c        0x1 network.o
 *fill*         0x0800770d        0x3 
 .rodata.conv2d_2_t_weight_0_fmt_scale_const_f32
                0x08007710      0x200 network.o
 .rodata.pad_0_v_pad_constant_value_const_s8
                0x08007910        0x1 network.o
 *fill*         0x08007911        0x3 
 .rodata.gemm_51_chain
                0x08007914        0x8 network.o
 .rodata.nl_50_chain
                0x0800791c        0x8 network.o
 .rodata.nl_50_nl_params
                0x08007924       0x10 network.o
 .rodata.nl_50_nl_params_data
                0x08007934      0x100 network.o
 .rodata.gemm_49_chain
                0x08007a34        0x8 network.o
 .rodata.pool_48_chain
                0x08007a3c        0x8 network.o
 .rodata.nl_47_chain
                0x08007a44        0x8 network.o
 .rodata.nl_47_nl_params
                0x08007a4c       0x10 network.o
 .rodata.nl_47_nl_params_data
                0x08007a5c      0x100 network.o
 .rodata.eltwise_46_chain
                0x08007b5c        0x8 network.o
 .rodata.nl_45_chain
                0x08007b64        0x8 network.o
 .rodata.nl_45_nl_params
                0x08007b6c       0x10 network.o
 .rodata.nl_45_nl_params_data
                0x08007b7c      0x100 network.o
 .rodata.eltwise_44_chain
                0x08007c7c        0x8 network.o
 .rodata.eltwise_43_chain
                0x08007c84        0x8 network.o
 .rodata.nl_36_chain
                0x08007c8c        0x8 network.o
 .rodata.nl_36_nl_params
                0x08007c94       0x10 network.o
 .rodata.nl_36_nl_params_data
                0x08007ca4      0x100 network.o
 .rodata.eltwise_35_chain
                0x08007da4        0x8 network.o
 .rodata.eltwise_34_chain
                0x08007dac        0x8 network.o
 .rodata.nl_27_chain
                0x08007db4        0x8 network.o
 .rodata.nl_27_nl_params
                0x08007dbc       0x10 network.o
 .rodata.nl_27_nl_params_data
                0x08007dcc      0x100 network.o
 .rodata.eltwise_26_chain
                0x08007ecc        0x8 network.o
 .rodata.nl_22_chain
                0x08007ed4        0x8 network.o
 .rodata.nl_22_nl_params
                0x08007edc       0x10 network.o
 .rodata.nl_22_nl_params_data
                0x08007eec      0x100 network.o
 .rodata.nl_17_chain
                0x08007fec        0x8 network.o
 .rodata.nl_17_nl_params
                0x08007ff4       0x10 network.o
 .rodata.nl_17_nl_params_data
                0x08008004      0x100 network.o
 .rodata.nl_9_chain
                0x08008104        0x8 network.o
 .rodata.nl_9_nl_params
                0x0800810c       0x10 network.o
 .rodata.nl_9_nl_params_data
                0x0800811c      0x100 network.o
 .rodata.nl_4_chain
                0x0800821c        0x8 network.o
 .rodata.nl_4_nl_params
                0x08008224       0x10 network.o
 .rodata.nl_4_nl_params_data
                0x08008234      0x100 network.o
 .rodata.__compound_literal.274
                0x08008334        0x8 network.o
 .rodata.__compound_literal.273
                0x0800833c        0x4 network.o
 .rodata.__compound_literal.272
                0x08008340       0x10 network.o
 .rodata.__compound_literal.271
                0x08008350        0x8 network.o
 .rodata.__compound_literal.270
                0x08008358        0x1 network.o
 *fill*         0x08008359        0x3 
 .rodata.__compound_literal.269
                0x0800835c        0x4 network.o
 .rodata.__compound_literal.268
                0x08008360        0x8 network.o
 .rodata.__compound_literal.267
                0x08008368        0x1 network.o
 *fill*         0x08008369        0x3 
 .rodata.__compound_literal.266
                0x0800836c        0x4 network.o
 .rodata.__compound_literal.265
                0x08008370        0x8 network.o
 .rodata.__compound_literal.264
                0x08008378       0x20 network.o
 .rodata.__compound_literal.263
                0x08008398       0x80 network.o
 .rodata.__compound_literal.262
                0x08008418        0x8 network.o
 .rodata.__compound_literal.261
                0x08008420        0x1 network.o
 *fill*         0x08008421        0x3 
 .rodata.__compound_literal.260
                0x08008424        0x4 network.o
 .rodata.__compound_literal.259
                0x08008428        0x8 network.o
 .rodata.__compound_literal.258
                0x08008430        0x1 network.o
 *fill*         0x08008431        0x3 
 .rodata.__compound_literal.257
                0x08008434        0x4 network.o
 .rodata.__compound_literal.256
                0x08008438        0x8 network.o
 .rodata.__compound_literal.255
                0x08008440        0x1 network.o
 *fill*         0x08008441        0x3 
 .rodata.__compound_literal.254
                0x08008444        0x4 network.o
 .rodata.__compound_literal.253
                0x08008448        0x8 network.o
 .rodata.__compound_literal.252
                0x08008450        0x1 network.o
 *fill*         0x08008451        0x3 
 .rodata.__compound_literal.251
                0x08008454        0x4 network.o
 .rodata.__compound_literal.250
                0x08008458        0x8 network.o
 .rodata.__compound_literal.249
                0x08008460        0x1 network.o
 *fill*         0x08008461        0x3 
 .rodata.__compound_literal.248
                0x08008464        0x4 network.o
 .rodata.__compound_literal.247
                0x08008468        0x8 network.o
 .rodata.__compound_literal.246
                0x08008470        0x1 network.o
 *fill*         0x08008471        0x3 
 .rodata.__compound_literal.245
                0x08008474        0x4 network.o
 .rodata.__compound_literal.244
                0x08008478        0x8 network.o
 .rodata.__compound_literal.243
                0x08008480        0x1 network.o
 *fill*         0x08008481        0x3 
 .rodata.__compound_literal.242
                0x08008484        0x4 network.o
 .rodata.__compound_literal.241
                0x08008488        0x8 network.o
 .rodata.__compound_literal.240
                0x08008490        0x1 network.o
 *fill*         0x08008491        0x3 
 .rodata.__compound_literal.239
                0x08008494        0x4 network.o
 .rodata.__compound_literal.238
                0x08008498        0x8 network.o
 .rodata.__compound_literal.237
                0x080084a0        0x1 network.o
 *fill*         0x080084a1        0x3 
 .rodata.__compound_literal.236
                0x080084a4        0x4 network.o
 .rodata.__compound_literal.235
                0x080084a8        0x8 network.o
 .rodata.__compound_literal.234
                0x080084b0        0x1 network.o
 *fill*         0x080084b1        0x3 
 .rodata.__compound_literal.233
                0x080084b4        0x4 network.o
 .rodata.__compound_literal.232
                0x080084b8        0x8 network.o
 .rodata.__compound_literal.231
                0x080084c0        0x1 network.o
 *fill*         0x080084c1        0x3 
 .rodata.__compound_literal.230
                0x080084c4        0x4 network.o
 .rodata.__compound_literal.229
                0x080084c8        0x8 network.o
 .rodata.__compound_literal.228
                0x080084d0        0x1 network.o
 *fill*         0x080084d1        0x3 
 .rodata.__compound_literal.227
                0x080084d4        0x4 network.o
 .rodata.__compound_literal.226
                0x080084d8        0x8 network.o
 .rodata.__compound_literal.225
                0x080084e0        0x1 network.o
 *fill*         0x080084e1        0x3 
 .rodata.__compound_literal.224
                0x080084e4        0x4 network.o
 .rodata.__compound_literal.223
                0x080084e8        0x8 network.o
 .rodata.__compound_literal.222
                0x080084f0        0x1 network.o
 *fill*         0x080084f1        0x3 
 .rodata.__compound_literal.221
                0x080084f4        0x4 network.o
 .rodata.__compound_literal.220
                0x080084f8        0x8 network.o
 .rodata.__compound_literal.219
                0x08008500        0x1 network.o
 *fill*         0x08008501        0x3 
 .rodata.__compound_literal.218
                0x08008504        0x4 network.o
 .rodata.__compound_literal.217
                0x08008508        0x8 network.o
 .rodata.__compound_literal.216
                0x08008510        0x1 network.o
 *fill*         0x08008511        0x3 
 .rodata.__compound_literal.215
                0x08008514        0x4 network.o
 .rodata.__compound_literal.214
                0x08008518        0x8 network.o
 .rodata.__compound_literal.213
                0x08008520        0x1 network.o
 *fill*         0x08008521        0x3 
 .rodata.__compound_literal.212
                0x08008524        0x4 network.o
 .rodata.__compound_literal.211
                0x08008528        0x8 network.o
 .rodata.__compound_literal.210
                0x08008530        0x1 network.o
 *fill*         0x08008531        0x3 
 .rodata.__compound_literal.209
                0x08008534        0x4 network.o
 .rodata.__compound_literal.208
                0x08008538        0x8 network.o
 .rodata.__compound_literal.207
                0x08008540        0x1 network.o
 *fill*         0x08008541        0x3 
 .rodata.__compound_literal.206
                0x08008544        0x4 network.o
 .rodata.__compound_literal.205
                0x08008548        0x8 network.o
 .rodata.__compound_literal.204
                0x08008550        0x1 network.o
 *fill*         0x08008551        0x3 
 .rodata.__compound_literal.203
                0x08008554        0x4 network.o
 .rodata.__compound_literal.202
                0x08008558        0x8 network.o
 .rodata.__compound_literal.201
                0x08008560        0x1 network.o
 *fill*         0x08008561        0x3 
 .rodata.__compound_literal.200
                0x08008564        0x4 network.o
 .rodata.__compound_literal.199
                0x08008568        0x8 network.o
 .rodata.__compound_literal.198
                0x08008570        0x1 network.o
 *fill*         0x08008571        0x3 
 .rodata.__compound_literal.197
                0x08008574        0x4 network.o
 .rodata.__compound_literal.196
                0x08008578        0x8 network.o
 .rodata.__compound_literal.195
                0x08008580        0x1 network.o
 *fill*         0x08008581        0x3 
 .rodata.__compound_literal.194
                0x08008584        0x4 network.o
 .rodata.__compound_literal.193
                0x08008588        0x8 network.o
 .rodata.__compound_literal.192
                0x08008590        0x1 network.o
 *fill*         0x08008591        0x3 
 .rodata.__compound_literal.191
                0x08008594        0x4 network.o
 .rodata.__compound_literal.190
                0x08008598        0x8 network.o
 .rodata.__compound_literal.189
                0x080085a0        0x1 network.o
 *fill*         0x080085a1        0x3 
 .rodata.__compound_literal.188
                0x080085a4        0x4 network.o
 .rodata.__compound_literal.187
                0x080085a8        0x8 network.o
 .rodata.__compound_literal.186
                0x080085b0        0x1 network.o
 *fill*         0x080085b1        0x3 
 .rodata.__compound_literal.185
                0x080085b4        0x4 network.o
 .rodata.__compound_literal.184
                0x080085b8        0x8 network.o
 .rodata.__compound_literal.183
                0x080085c0        0x1 network.o
 *fill*         0x080085c1        0x3 
 .rodata.__compound_literal.182
                0x080085c4        0x4 network.o
 .rodata.g_network_weights_array
                0x080085c8    0x52590 network_data.o
                0x080085c8                g_network_weights_array
                0x0805ab58                        . = ALIGN (0x4)

.rel.dyn        0x0805ab58        0x0
 .rel.iplt      0x0805ab58        0x0 /usr/lib/gcc/arm-none-eabi/13.2.1/thumb/v7e-m+dp/hard/crtbegin.o

.ARM.extab      0x0805ab58        0x0
                0x0805ab58                        . = ALIGN (0x4)
 *(.ARM.extab* .gnu.linkonce.armextab.*)
                0x0805ab58                        . = ALIGN (0x4)

.ARM            0x0805ab58        0x0
                0x0805ab58                        . = ALIGN (0x4)
                0x0805ab58                        __exidx_start = .
 *(.ARM.exidx*)
                0x0805ab58                        __exidx_end = .
                0x0805ab58                        . = ALIGN (0x4)

.preinit_array  0x0805ab58        0x0
                0x0805ab58                        . = ALIGN (0x4)
                0x0805ab58                        PROVIDE (__preinit_array_start = .)
 *(.preinit_array*)
                0x0805ab58                        PROVIDE (__preinit_array_end = .)
                0x0805ab58                        . = ALIGN (0x4)

.init_array     0x0805ab58        0x4
                0x0805ab58                        . = ALIGN (0x4)
                0x0805ab58                        PROVIDE (__init_array_start = .)
 *(SORT_BY_NAME(.init_array.*))
 *(.init_array*)
 .init_array    0x0805ab58        0x4 /usr/lib/gcc/arm-none-eabi/13.2.1/thumb/v7e-m+dp/hard/crtbegin.o
                0x0805ab5c                        PROVIDE (__init_array_end = .)
                0x0805ab5c                        . = ALIGN (0x4)

.fini_array     0x0805ab5c        0x4
                0x0805ab5c                        . = ALIGN (0x4)
                0x0805ab5c                        PROVIDE (__fini_array_start = .)
 *(SORT_BY_NAME(.fini_array.*))
 *(.fini_array*)
 .fini_array    0x0805ab5c        0x4 /usr/lib/gcc/arm-none-eabi/13.2.1/thumb/v7e-m+dp/hard/crtbegin.o
                0x0805ab60                        PROVIDE (__fini_array_end = .)
                0x0805ab60                        . = ALIGN (0x4)
                0x0805ab60                        _sidata = LOADADDR (.data)

.data           0x20000000     0x11ec load address 0x0805ab60
                0x20000000                        . = ALIGN (0x4)
                0x20000000                        _sdata = .
 *(.data)
 *(.data*)
 .data.gemm_51_layer
                0x20000000       0x20 network.o
 .data.__compound_literal.435
                0x20000020       0x30 network.o
 .data.__compound_literal.434
                0x20000050        0x4 network.o
 .data.__compound_literal.433
                0x20000054        0x8 network.o
 .data.__compound_literal.432
                0x2000005c        0x4 network.o
 .data.__compound_literal.431
                0x20000060        0x4 network.o
 .data.nl_50_layer
                0x20000064       0x20 network.o
 .data.__compound_literal.430
                0x20000084       0x30 network.o
 .data.__compound_literal.427
                0x200000b4        0x4 network.o
 .data.__compound_literal.426
                0x200000b8        0x4 network.o
 .data.gemm_49_layer
                0x200000bc       0x20 network.o
 .data.__compound_literal.425
                0x200000dc       0x30 network.o
 .data.__compound_literal.424
                0x2000010c        0x4 network.o
 .data.__compound_literal.423
                0x20000110        0x8 network.o
 .data.__compound_literal.422
                0x20000118        0x4 network.o
 .data.__compound_literal.421
                0x2000011c        0x4 network.o
 .data.pool_48_layer
                0x20000120       0x38 network.o
 .data.__compound_literal.419
                0x20000158       0x30 network.o
 .data.__compound_literal.416
                0x20000188        0x4 network.o
 .data.__compound_literal.415
                0x2000018c        0x4 network.o
 .data.nl_47_layer
                0x20000190       0x20 network.o
 .data.__compound_literal.414
                0x200001b0       0x30 network.o
 .data.__compound_literal.411
                0x200001e0        0x4 network.o
 .data.__compound_literal.410
                0x200001e4        0x4 network.o
 .data.eltwise_46_layer
                0x200001e8       0x24 network.o
 .data.__compound_literal.409
                0x2000020c       0x30 network.o
 .data.__compound_literal.406
                0x2000023c        0x4 network.o
 .data.__compound_literal.405
                0x20000240        0x8 network.o
 .data.nl_45_layer
                0x20000248       0x20 network.o
 .data.__compound_literal.404
                0x20000268       0x30 network.o
 .data.__compound_literal.401
                0x20000298        0x4 network.o
 .data.__compound_literal.400
                0x2000029c        0x4 network.o
 .data.eltwise_44_layer
                0x200002a0       0x24 network.o
 .data.__compound_literal.399
                0x200002c4       0x30 network.o
 .data.__compound_literal.396
                0x200002f4        0x4 network.o
 .data.__compound_literal.395
                0x200002f8        0x8 network.o
 .data.eltwise_43_layer
                0x20000300       0x24 network.o
 .data.__compound_literal.394
                0x20000324       0x30 network.o
 .data.__compound_literal.391
                0x20000354        0x4 network.o
 .data.__compound_literal.390
                0x20000358        0x8 network.o
 .data.nl_36_layer
                0x20000360       0x20 network.o
 .data.__compound_literal.389
                0x20000380       0x30 network.o
 .data.__compound_literal.386
                0x200003b0        0x4 network.o
 .data.__compound_literal.385
                0x200003b4        0x4 network.o
 .data.eltwise_35_layer
                0x200003b8       0x24 network.o
 .data.__compound_literal.384
                0x200003dc       0x30 network.o
 .data.__compound_literal.381
                0x2000040c        0x4 network.o
 .data.__compound_literal.380
                0x20000410        0x8 network.o
 .data.eltwise_34_layer
                0x20000418       0x24 network.o
 .data.__compound_literal.379
                0x2000043c       0x30 network.o
 .data.__compound_literal.376
                0x2000046c        0x4 network.o
 .data.__compound_literal.375
                0x20000470        0x8 network.o
 .data.nl_27_layer
                0x20000478       0x20 network.o
 .data.__compound_literal.374
                0x20000498       0x30 network.o
 .data.__compound_literal.371
                0x200004c8        0x4 network.o
 .data.__compound_literal.370
                0x200004cc        0x4 network.o
 .data.eltwise_26_layer
                0x200004d0       0x24 network.o
 .data.__compound_literal.369
                0x200004f4       0x30 network.o
 .data.__compound_literal.366
                0x20000524        0x4 network.o
 .data.__compound_literal.365
                0x20000528        0x8 network.o
 .data.nl_22_layer
                0x20000530       0x20 network.o
 .data.__compound_literal.364
                0x20000550       0x30 network.o
 .data.__compound_literal.361
                0x20000580        0x4 network.o
 .data.__compound_literal.360
                0x20000584        0x4 network.o
 .data.nl_17_layer
                0x20000588       0x20 network.o
 .data.__compound_literal.359
                0x200005a8       0x30 network.o
 .data.__compound_literal.356
                0x200005d8        0x4 network.o
 .data.__compound_literal.355
                0x200005dc        0x4 network.o
 .data.nl_9_layer
                0x200005e0       0x20 network.o
 .data.__compound_literal.354
                0x20000600       0x30 network.o
 .data.__compound_literal.351
                0x20000630        0x4 network.o
 .data.__compound_literal.350
                0x20000634        0x4 network.o
 .data.nl_4_layer
                0x20000638       0x20 network.o
 .data.__compound_literal.349
                0x20000658       0x30 network.o
 .data.__compound_literal.346
                0x20000688        0x4 network.o
 .data.__compound_literal.345
                0x2000068c        0x4 network.o
 .data.gemm_51_weights
                0x20000690       0x1c network.o
 .data.__compound_literal.344
                0x200006ac       0x10 network.o
 .data.__compound_literal.343
                0x200006bc       0x10 network.o
 .data.gemm_51_scratch0
                0x200006cc       0x1c network.o
 .data.__compound_literal.342
                0x200006e8       0x10 network.o
 .data.__compound_literal.341
                0x200006f8       0x10 network.o
 .data.gemm_51_output
                0x20000708       0x1c network.o
 .data.__compound_literal.340
                0x20000724       0x10 network.o
 .data.__compound_literal.339
                0x20000734       0x10 network.o
 .data.gemm_51_bias
                0x20000744       0x1c network.o
 .data.__compound_literal.338
                0x20000760       0x10 network.o
 .data.__compound_literal.337
                0x20000770       0x10 network.o
 .data.nl_50_output
                0x20000780       0x1c network.o
 .data.__compound_literal.336
                0x2000079c       0x10 network.o
 .data.__compound_literal.335
                0x200007ac       0x10 network.o
 .data.gemm_49_weights
                0x200007bc       0x1c network.o
 .data.__compound_literal.334
                0x200007d8       0x10 network.o
 .data.__compound_literal.333
                0x200007e8       0x10 network.o
 .data.gemm_49_scratch0
                0x200007f8       0x1c network.o
 .data.__compound_literal.332
                0x20000814       0x10 network.o
 .data.__compound_literal.331
                0x20000824       0x10 network.o
 .data.gemm_49_output
                0x20000834       0x1c network.o
 .data.__compound_literal.330
                0x20000850       0x10 network.o
 .data.__compound_literal.329
                0x20000860       0x10 network.o
 .data.gemm_49_bias
                0x20000870       0x1c network.o
 .data.__compound_literal.328
                0x2000088c       0x10 network.o
 .data.__compound_literal.327
                0x2000089c       0x10 network.o
 .data.pool_48_output
                0x200008ac       0x1c network.o
 .data.__compound_literal.326
                0x200008c8       0x10 network.o
 .data.__compound_literal.325
                0x200008d8       0x10 network.o
 .data.nl_47_output
                0x200008e8       0x1c network.o
 .data.__compound_literal.324
                0x20000904       0x10 network.o
 .data.__compound_literal.323
                0x20000914       0x10 network.o
 .data.eltwise_46_output
                0x20000924       0x1c network.o
 .data.__compound_literal.322
                0x20000940       0x10 network.o
 .data.__compound_literal.321
                0x20000950       0x10 network.o
 .data.nl_45_output
                0x20000960       0x1c network.o
 .data.__compound_literal.320
                0x2000097c       0x10 network.o
 .data.__compound_literal.319
                0x2000098c       0x10 network.o
 .data.tfl_pseudo_qconst4_3D
                0x2000099c       0x1c network.o
 .data.__compound_literal.318
                0x200009b8       0x10 network.o
 .data.__compound_literal.317
                0x200009c8       0x10 network.o
 .data.eltwise_44_output
                0x200009d8       0x1c network.o
 .data.__compound_literal.316
                0x200009f4       0x10 network.o
 .data.__compound_literal.315
                0x20000a04       0x10 network.o
 .data.tfl_pseudo_qconst5_3D
                0x20000a14       0x1c network.o
 .data.__compound_literal.314
                0x20000a30       0x10 network.o
 .data.__compound_literal.313
                0x20000a40       0x10 network.o
 .data.eltwise_43_output
                0x20000a50       0x1c network.o
 .data.__compound_literal.312
                0x20000a6c       0x10 network.o
 .data.__compound_literal.311
                0x20000a7c       0x10 network.o
 .data.conv2d_40_0_0_eltwise_43_conversion_output
                0x20000a8c       0x1c network.o
 .data.__compound_literal.310
                0x20000aa8       0x10 network.o
 .data.__compound_literal.309
                0x20000ab8       0x10 network.o
 .data.nl_36_output
                0x20000ac8       0x1c network.o
 .data.__compound_literal.308
                0x20000ae4       0x10 network.o
 .data.__compound_literal.307
                0x20000af4       0x10 network.o
 .data.tfl_pseudo_qconst7_3D
                0x20000b04       0x1c network.o
 .data.__compound_literal.306
                0x20000b20       0x10 network.o
 .data.__compound_literal.305
                0x20000b30       0x10 network.o
 .data.eltwise_35_output
                0x20000b40       0x1c network.o
 .data.__compound_literal.304
                0x20000b5c       0x10 network.o
 .data.__compound_literal.303
                0x20000b6c       0x10 network.o
 .data.tfl_pseudo_qconst8_3D
                0x20000b7c       0x1c network.o
 .data.__compound_literal.302
                0x20000b98       0x10 network.o
 .data.__compound_literal.301
                0x20000ba8       0x10 network.o
 .data.eltwise_34_output
                0x20000bb8       0x1c network.o
 .data.__compound_literal.300
                0x20000bd4       0x10 network.o
 .data.__compound_literal.299
                0x20000be4       0x10 network.o
 .data.conv2d_31_0_0_eltwise_34_conversion_output
                0x20000bf4       0x1c network.o
 .data.__compound_literal.298
                0x20000c10       0x10 network.o
 .data.__compound_literal.297
                0x20000c20       0x10 network.o
 .data.nl_27_output
                0x20000c30       0x1c network.o
 .data.__compound_literal.296
                0x20000c4c       0x10 network.o
 .data.__compound_literal.295
                0x20000c5c       0x10 network.o
 .data.eltwise_26_output
                0x20000c6c       0x1c network.o
 .data.__compound_literal.294
                0x20000c88       0x10 network.o
 .data.__compound_literal.293
                0x20000c98       0x10 network.o
 .data.conv2d_24_output0
                0x20000ca8       0x1c network.o
 .data.__compound_literal.292
                0x20000cc4       0x10 network.o
 .data.__compound_literal.291
                0x20000cd4       0x10 network.o
 .data.nl_22_output
                0x20000ce4       0x1c network.o
 .data.__compound_literal.290
                0x20000d00       0x10 network.o
 .data.__compound_literal.289
                0x20000d10       0x10 network.o
 .data.conv2d_20_output0
                0x20000d20       0x1c network.o
 .data.__compound_literal.288
                0x20000d3c       0x10 network.o
 .data.__compound_literal.287
                0x20000d4c       0x10 network.o
 .data.nl_17_output
                0x20000d5c       0x1c network.o
 .data.__compound_literal.286
                0x20000d78       0x10 network.o
 .data.__compound_literal.285
                0x20000d88       0x10 network.o
 .data.conv2d_15_output0
                0x20000d98       0x1c network.o
 .data.__compound_literal.284
                0x20000db4       0x10 network.o
 .data.__compound_literal.283
                0x20000dc4       0x10 network.o
 .data.nl_9_output
                0x20000dd4       0x1c network.o
 .data.__compound_literal.282
                0x20000df0       0x10 network.o
 .data.__compound_literal.281
                0x20000e00       0x10 network.o
 .data.conv2d_7_output0
                0x20000e10       0x1c network.o
 .data.__compound_literal.280
                0x20000e2c       0x10 network.o
 .data.__compound_literal.279
                0x20000e3c       0x10 network.o
 .data.nl_4_output
                0x20000e4c       0x1c network.o
 .data.__compound_literal.278
                0x20000e68       0x10 network.o
 .data.__compound_literal.277
                0x20000e78       0x10 network.o
 .data.conv2d_2_output0
                0x20000e88       0x1c network.o
 .data.__compound_literal.276
                0x20000ea4       0x10 network.o
 .data.__compound_literal.275
                0x20000eb4       0x10 network.o
 .data.gemm_51_scratch0_array
                0x20000ec4       0x10 network.o
 .data.gemm_51_bias_array
                0x20000ed4       0x10 network.o
 .data.gemm_51_weights_array
                0x20000ee4       0x10 network.o
 .data.gemm_51_output_array
                0x20000ef4       0x10 network.o
 .data.nl_50_output_array
                0x20000f04       0x10 network.o
 .data.gemm_49_scratch0_array
                0x20000f14       0x10 network.o
 .data.gemm_49_bias_array
                0x20000f24       0x10 network.o
 .data.gemm_49_weights_array
                0x20000f34       0x10 network.o
 .data.gemm_49_output_array
                0x20000f44       0x10 network.o
 .data.pool_48_output_array
                0x20000f54       0x10 network.o
 .data.nl_47_output_array
                0x20000f64       0x10 network.o
 .data.eltwise_46_output_array
                0x20000f74       0x10 network.o
 .data.nl_45_output_array
                0x20000f84       0x10 network.o
 .data.tfl_pseudo_qconst4_3D_array
                0x20000f94       0x10 network.o
 .data.eltwise_44_output_array
                0x20000fa4       0x10 network.o
 .data.tfl_pseudo_qconst5_3D_array
                0x20000fb4       0x10 network.o
 .data.eltwise_43_output_array
                0x20000fc4       0x10 network.o
 .data.conv2d_40_0_0_eltwise_43_conversion_output_array
                0x20000fd4       0x10 network.o
 .data.nl_36_output_array
                0x20000fe4       0x10 network.o
 .data.tfl_pseudo_qconst7_3D_array
                0x20000ff4       0x10 network.o
 .data.eltwise_35_output_array
                0x20001004       0x10 network.o
 .data.tfl_pseudo_qconst8_3D_array
                0x20001014       0x10 network.o
 .data.eltwise_34_output_array
                0x20001024       0x10 network.o
 .data.conv2d_31_0_0_eltwise_34_conversion_output_array
                0x20001034       0x10 network.o
 .data.nl_27_output_array
                0x20001044       0x10 network.o
 .data.eltwise_26_output_array
                0x20001054       0x10 network.o
 .data.conv2d_24_output_array
                0x20001064       0x10 network.o
 .data.nl_22_output_array
                0x20001074       0x10 network.o
 .data.conv2d_20_output_array
                0x20001084       0x10 network.o
 .data.nl_17_output_array
                0x20001094       0x10 network.o
 .data.conv2d_15_output_array
                0x200010a4       0x10 network.o
 .data.nl_9_output_array
                0x200010b4       0x10 network.o
 .data.conv2d_7_output_array
                0x200010c4       0x10 network.o
 .data.nl_4_output_array
                0x200010d4       0x10 network.o
 .data.conv2d_2_output_array
                0x200010e4       0x10 network.o
 .data.gemm_51_weights_array_intq
                0x200010f4        0x8 network.o
 .data.gemm_51_output_array_intq
                0x200010fc        0x8 network.o
 .data.nl_50_output_array_intq
                0x20001104        0x8 network.o
 .data.gemm_49_weights_array_intq
                0x2000110c        0x8 network.o
 .data.gemm_49_output_array_intq
                0x20001114        0x8 network.o
 .data.pool_48_output_array_intq
                0x2000111c        0x8 network.o
 .data.nl_47_output_array_intq
                0x20001124        0x8 network.o
 .data.eltwise_46_output_array_intq
                0x2000112c        0x8 network.o
 .data.nl_45_output_array_intq
                0x20001134        0x8 network.o
 .data.tfl_pseudo_qconst4_3D_array_intq
                0x2000113c        0x8 network.o
 .data.eltwise_44_output_array_intq
                0x20001144        0x8 network.o
 .data.tfl_pseudo_qconst5_3D_array_intq
                0x2000114c        0x8 network.o
 .data.eltwise_43_output_array_intq
                0x20001154        0x8 network.o
 .data.conv2d_40_0_0_eltwise_43_conversion_output_array_intq
                0x2000115c        0x8 network.o
 .data.nl_36_output_array_intq
                0x20001164        0x8 network.o
 .data.tfl_pseudo_qconst7_3D_array_intq
                0x2000116c        0x8 network.o
 .data.eltwise_35_output_array_intq
                0x20001174        0x8 network.o
 .data.tfl_pseudo_qconst8_3D_array_intq
                0x2000117c        0x8 network.o
 .data.eltwise_34_output_array_intq
                0x20001184        0x8 network.o
 .data.conv2d_31_0_0_eltwise_34_conversion_output_array_intq
                0x2000118c        0x8 network.o
 .data.nl_27_output_array_intq
                0x20001194        0x8 network.o
 .data.eltwise_26_output_array_intq
                0x2000119c        0x8 network.o
 .data.conv2d_24_output_array_intq
                0x200011a4        0x8 network.o
 .data.nl_22_output_array_intq
                0x200011ac        0x8 network.o
 .data.conv2d_20_output_array_intq
                0x200011b4        0x8 network.o
 .data.nl_17_output_array_intq
                0x200011bc        0x8 network.o
 .data.conv2d_15_output_array_intq
                0x200011c4        0x8 network.o
 .data.nl_9_output_array_intq
                0x200011cc        0x8 network.o
 .data.conv2d_7_output_array_intq
                0x200011d4        0x8 network.o
 .data.nl_4_output_array_intq
                0x200011dc        0x8 network.o
 .data.conv2d_2_output_array_intq
                0x200011e4        0x8 network.o
                0x200011ec                        . = ALIGN (0x4)
                0x200011ec                        _edata = .

.tm_clone_table
                0x200011ec        0x0 load address 0x0805bd4c
 .tm_clone_table
                0x200011ec        0x0 /usr/lib/gcc/arm-none-eabi/13.2.1/thumb/v7e-m+dp/hard/crtbegin.o
 .tm_clone_table
                0x200011ec        0x0 /usr/lib/gcc/arm-none-eabi/13.2.1/thumb/v7e-m+dp/hard/crtend.o

.igot.plt       0x200011ec        0x0 load address 0x0805bd4c
 .igot.plt      0x200011ec        0x0 /usr/lib/gcc/arm-none-eabi/13.2.1/thumb/v7e-m+dp/hard/crtbegin.o
                0x200011ec                        . = ALIGN (0x4)

.bss            0x200011f0    0x117e8 load address 0x0805bd4c
                0x200011f0                        _sbss = .
                0x200011f0                        __bss_start__ = _sbss
 *(.bss)
 .bss           0x200011f0       0x1c /usr/lib/gcc/arm-none-eabi/13.2.1/thumb/v7e-m+dp/hard/crtbegin.o
 *(.bss*)
 .bss.__compound_literal.429
                0x2000120c        0x4 network.o
 .bss.__compound_literal.428
                0x20001210        0x4 network.o
 .bss.__compound_literal.420
                0x20001214       0x10 network.o
 .bss.__compound_literal.418
                0x20001224        0x4 network.o
 .bss.__compound_literal.417
                0x20001228        0x4 network.o
 .bss.__compound_literal.413
                0x2000122c        0x4 network.o
 .bss.__compound_literal.412
                0x20001230        0x4 network.o
 .bss.__compound_literal.408
                0x20001234        0x4 network.o
 .bss.__compound_literal.407
                0x20001238        0x4 network.o
 .bss.__compound_literal.403
                0x2000123c        0x4 network.o
 .bss.__compound_literal.402
                0x20001240        0x4 network.o
 .bss.__compound_literal.398
                0x20001244        0x4 network.o
 .bss.__compound_literal.397
                0x20001248        0x4 network.o
 .bss.__compound_literal.393
                0x2000124c        0x4 network.o
 .bss.__compound_literal.392
                0x20001250        0x4 network.o
 .bss.__compound_literal.388
                0x20001254        0x4 network.o
 .bss.__compound_literal.387
                0x20001258        0x4 network.o
 .bss.__compound_literal.383
                0x2000125c        0x4 network.o
 .bss.__compound_literal.382
                0x20001260        0x4 network.o
 .bss.__compound_literal.378
                0x20001264        0x4 network.o
 .bss.__compound_literal.377
                0x20001268        0x4 network.o
 .bss.__compound_literal.373
                0x2000126c        0x4 network.o
 .bss.__compound_literal.372
                0x20001270        0x4 network.o
 .bss.__compound_literal.368
                0x20001274        0x4 network.o
 .bss.__compound_literal.367
                0x20001278        0x4 network.o
 .bss.__compound_literal.363
                0x2000127c        0x4 network.o
 .bss.__compound_literal.362
                0x20001280        0x4 network.o
 .bss.__compound_literal.358
                0x20001284        0x4 network.o
 .bss.__compound_literal.357
                0x20001288        0x4 network.o
 .bss.__compound_literal.353
                0x2000128c        0x4 network.o
 .bss.__compound_literal.352
                0x20001290        0x4 network.o
 .bss.__compound_literal.348
                0x20001294        0x4 network.o
 .bss.__compound_literal.347
                0x20001298        0x4 network.o
 .bss.m_acts    0x2000129c        0x4 stedgeai_app_main.o
 .bss.m_outputs
                0x200012a0        0x4 stedgeai_app_main.o
 .bss.m_inputs  0x200012a4        0x4 stedgeai_app_main.o
 .bss.activations_1
                0x200012a8    0x11700 stedgeai_app_main.o
 .bss.m_network
                0x200129a8       0x30 stedgeai_app_main.o
                0x200129a8                m_network
 *(COMMON)
                0x200129d8                        . = ALIGN (0x4)
                0x200129d8                        _ebss = .
                0x200129d8                        __bss_end__ = _ebss

._user_heap_stack
                0x200129d8     0x3000 load address 0x0805bd4c
                0x200129d8                        . = ALIGN (0x8)
                [!provide]                        PROVIDE (end = .)
                0x200129d8                        PROVIDE (_end = .)
                0x200149d8                        . = (. + _Min_Heap_Size)
 *fill*         0x200129d8     0x2000 
                0x200159d8                        . = (. + _Min_Stack_Size)
 *fill*         0x200149d8     0x1000 
                0x200159d8                        . = ALIGN (0x8)

/DISCARD/
 libc.a(*)
 libm.a(*)
 libgcc.a(*)

.ARM.attributes
                0x00000000       0x2e
 *(.ARM.attributes)
 .ARM.attributes
                0x00000000       0x20 /usr/lib/gcc/arm-none-eabi/13.2.1/thumb/v7e-m+dp/hard/crti.o
 .ARM.attributes
                0x00000020       0x32 /usr/lib/gcc/arm-none-eabi/13.2.1/thumb/v7e-m+dp/hard/crtbegin.o
 .ARM.attributes
                0x00000052       0x32 network.o
 .ARM.attributes
                0x00000084       0x21 startup_stm32xx.o
 .ARM.attributes
                0x000000a5       0x32 stedgeai_app_main.o
 .ARM.attributes
                0x000000d7       0x32 network_data.o
 .ARM.attributes
                0x00000109       0x2e /opt/ST/STEdgeAI/4.0/Middlewares/ST/AI/Lib/GCC/STM32H7/NetworkRuntime1200_CM7_GCC.a(layers_conv2d_stm32_integer.o)
 .ARM.attributes
                0x00000137       0x2e /opt/ST/STEdgeAI/4.0/Middlewares/ST/AI/Lib/GCC/STM32H7/NetworkRuntime1200_CM7_GCC.a(layers_nl_stm32_integer.o)
 .ARM.attributes
                0x00000165       0x2e /opt/ST/STEdgeAI/4.0/Middlewares/ST/AI/Lib/GCC/STM32H7/NetworkRuntime1200_CM7_GCC.a(layers_pool_stm32_integer.o)
 .ARM.attributes
                0x00000193       0x2e /opt/ST/STEdgeAI/4.0/Middlewares/ST/AI/Lib/GCC/STM32H7/NetworkRuntime1200_CM7_GCC.a(layers_stm32_integer.o)
 .ARM.attributes
                0x000001c1       0x2e /opt/ST/STEdgeAI/4.0/Middlewares/ST/AI/Lib/GCC/STM32H7/NetworkRuntime1200_CM7_GCC.a(forward_lite_conv2d_if32of32wf32.o)
 .ARM.attributes
                0x000001ef       0x2e /opt/ST/STEdgeAI/4.0/Middlewares/ST/AI/Lib/GCC/STM32H7/NetworkRuntime1200_CM7_GCC.a(forward_lite_convert.o)
 .ARM.attributes
                0x0000021d       0x2e /opt/ST/STEdgeAI/4.0/Middlewares/ST/AI/Lib/GCC/STM32H7/NetworkRuntime1200_CM7_GCC.a(forward_lite_dense_is8os8ws8_ch.o)
 .ARM.attributes
                0x0000024b       0x2e /opt/ST/STEdgeAI/4.0/Middlewares/ST/AI/Lib/GCC/STM32H7/NetworkRuntime1200_CM7_GCC.a(forward_lite_maxpool_is8os8_scalepos.o)
 .ARM.attributes
                0x00000279       0x2e /opt/ST/STEdgeAI/4.0/Middlewares/ST/AI/Lib/GCC/STM32H7/NetworkRuntime1200_CM7_GCC.a(forward_lite_avepool_is8os8.o)
 .ARM.attributes
                0x000002a7       0x2e /opt/ST/STEdgeAI/4.0/Middlewares/ST/AI/Lib/GCC/STM32H7/NetworkRuntime1200_CM7_GCC.a(forward_lite_pw_sssa8_ch.o)
 .ARM.attributes
                0x000002d5       0x2e /opt/ST/STEdgeAI/4.0/Middlewares/ST/AI/Lib/GCC/STM32H7/NetworkRuntime1200_CM7_GCC.a(forward_lite_conv2d_sssa8_ch.o)
 .ARM.attributes
                0x00000303       0x2e /opt/ST/STEdgeAI/4.0/Middlewares/ST/AI/Lib/GCC/STM32H7/NetworkRuntime1200_CM7_GCC.a(lite_convert_kernel.o)
 .ARM.attributes
                0x00000331       0x2e /opt/ST/STEdgeAI/4.0/Middlewares/ST/AI/Lib/GCC/STM32H7/NetworkRuntime1200_CM7_GCC.a(lite_nl_generic_integer.o)
 .ARM.attributes
                0x0000035f       0x2e /opt/ST/STEdgeAI/4.0/Middlewares/ST/AI/Lib/GCC/STM32H7/NetworkRuntime1200_CM7_GCC.a(forward_lite_pad_generic.o)
 .ARM.attributes
                0x0000038d       0x2e /opt/ST/STEdgeAI/4.0/Middlewares/ST/AI/Lib/GCC/STM32H7/NetworkRuntime1200_CM7_GCC.a(st_align_factor.o)
 .ARM.attributes
                0x000003bb       0x2e /opt/ST/STEdgeAI/4.0/Middlewares/ST/AI/Lib/GCC/STM32H7/NetworkRuntime1200_CM7_GCC.a(st_int8_pool.o)
 .ARM.attributes
                0x000003e9       0x2e /opt/ST/STEdgeAI/4.0/Middlewares/ST/AI/Lib/GCC/STM32H7/NetworkRuntime1200_CM7_GCC.a(st_sssa8_ch_dense.o)
 .ARM.attributes
                0x00000417       0x2e /opt/ST/STEdgeAI/4.0/Middlewares/ST/AI/Lib/GCC/STM32H7/NetworkRuntime1200_CM7_GCC.a(st_int8_fill.o)
 .ARM.attributes
                0x00000445       0x2e /opt/ST/STEdgeAI/4.0/Middlewares/ST/AI/Lib/GCC/STM32H7/NetworkRuntime1200_CM7_GCC.a(st_int8_reordered_no_shift.o)
 .ARM.attributes
                0x00000473       0x2e /opt/ST/STEdgeAI/4.0/Middlewares/ST/AI/Lib/GCC/STM32H7/NetworkRuntime1200_CM7_GCC.a(st_sssa8_ch_nn_mat_mult_conv2d_nt_t.o)
 .ARM.attributes
                0x000004a1       0x2e /opt/ST/STEdgeAI/4.0/Middlewares/ST/AI/Lib/GCC/STM32H7/NetworkRuntime1200_CM7_GCC.a(st_sssa8_ch_nn_mat_mult_nt_t.o)
 .ARM.attributes
                0x000004cf       0x1c /opt/ST/STEdgeAI/4.0/Middlewares/ST/AI/Lib/GCC/STM32H7/NetworkRuntime1200_CM7_GCC.a(st_sssa8_ch_nn_mat_mult_pw_nt_t.o)
 .ARM.attributes
                0x000004eb       0x2e /opt/ST/STEdgeAI/4.0/Middlewares/ST/AI/Lib/GCC/STM32H7/NetworkRuntime1200_CM7_GCC.a(ai_math_helpers.o)
 .ARM.attributes
                0x00000519       0x2e /opt/ST/STEdgeAI/4.0/Middlewares/ST/AI/Lib/GCC/STM32H7/NetworkRuntime1200_CM7_GCC.a(core_utils.o)
 .ARM.attributes
                0x00000547       0x2e /opt/ST/STEdgeAI/4.0/Middlewares/ST/AI/Lib/GCC/STM32H7/NetworkRuntime1200_CM7_GCC.a(ai_math_elementwise_mul_int8.o)
 .ARM.attributes
                0x00000575       0x2e /opt/ST/STEdgeAI/4.0/Middlewares/ST/AI/Lib/GCC/STM32H7/NetworkRuntime1200_CM7_GCC.a(ai_math_elementwise_sum_int8.o)
 .ARM.attributes
                0x000005a3       0x2e /opt/ST/STEdgeAI/4.0/Middlewares/ST/AI/Lib/GCC/STM32H7/NetworkRuntime1200_CM7_GCC.a(lite_nl_softmax_is8os8.o)
 .ARM.attributes
                0x000005d1       0x32 /usr/lib/gcc/arm-none-eabi/13.2.1/thumb/v7e-m+dp/hard/libgcc.a(_fixsfdi.o)
 .ARM.attributes
                0x00000603       0x32 /usr/lib/gcc/arm-none-eabi/13.2.1/thumb/v7e-m+dp/hard/libgcc.a(_fixunssfdi.o)
 .ARM.attributes
                0x00000635       0x32 /usr/lib/gcc/arm-none-eabi/13.2.1/../../../arm-none-eabi/lib/thumb/v7e-m+dp/hard/libc_nano.a(libc_a-init.o)
 .ARM.attributes
                0x00000667       0x32 /usr/lib/gcc/arm-none-eabi/13.2.1/thumb/v7e-m+dp/hard/crtend.o
 .ARM.attributes
                0x00000699       0x20 /usr/lib/gcc/arm-none-eabi/13.2.1/thumb/v7e-m+dp/hard/crtn.o
OUTPUT(network.elf elf32-littlearm)
LOAD linker stubs
LOAD /usr/lib/gcc/arm-none-eabi/13.2.1/../../../arm-none-eabi/lib/thumb/v7e-m+dp/hard/libc.a
LOAD /usr/lib/gcc/arm-none-eabi/13.2.1/../../../arm-none-eabi/lib/thumb/v7e-m+dp/hard/libm.a
LOAD /usr/lib/gcc/arm-none-eabi/13.2.1/thumb/v7e-m+dp/hard/libgcc.a

.comment        0x00000000       0x69
 .comment       0x00000000       0x69 /usr/lib/gcc/arm-none-eabi/13.2.1/thumb/v7e-m+dp/hard/crtbegin.o
                                 0x27 (size before relaxing)
 .comment       0x00000069       0x27 network.o
 .comment       0x00000069       0x27 stedgeai_app_main.o
 .comment       0x00000069       0x27 network_data.o
 .comment       0x00000069       0x44 /opt/ST/STEdgeAI/4.0/Middlewares/ST/AI/Lib/GCC/STM32H7/NetworkRuntime1200_CM7_GCC.a(layers_conv2d_stm32_integer.o)
 .comment       0x00000069       0x44 /opt/ST/STEdgeAI/4.0/Middlewares/ST/AI/Lib/GCC/STM32H7/NetworkRuntime1200_CM7_GCC.a(layers_nl_stm32_integer.o)
 .comment       0x00000069       0x44 /opt/ST/STEdgeAI/4.0/Middlewares/ST/AI/Lib/GCC/STM32H7/NetworkRuntime1200_CM7_GCC.a(layers_pool_stm32_integer.o)
 .comment       0x00000069       0x44 /opt/ST/STEdgeAI/4.0/Middlewares/ST/AI/Lib/GCC/STM32H7/NetworkRuntime1200_CM7_GCC.a(layers_stm32_integer.o)
 .comment       0x00000069       0x44 /opt/ST/STEdgeAI/4.0/Middlewares/ST/AI/Lib/GCC/STM32H7/NetworkRuntime1200_CM7_GCC.a(forward_lite_conv2d_if32of32wf32.o)
 .comment       0x00000069       0x44 /opt/ST/STEdgeAI/4.0/Middlewares/ST/AI/Lib/GCC/STM32H7/NetworkRuntime1200_CM7_GCC.a(forward_lite_convert.o)
 .comment       0x00000069       0x44 /opt/ST/STEdgeAI/4.0/Middlewares/ST/AI/Lib/GCC/STM32H7/NetworkRuntime1200_CM7_GCC.a(forward_lite_dense_is8os8ws8_ch.o)
 .comment       0x00000069       0x44 /opt/ST/STEdgeAI/4.0/Middlewares/ST/AI/Lib/GCC/STM32H7/NetworkRuntime1200_CM7_GCC.a(forward_lite_maxpool_is8os8_scalepos.o)
 .comment       0x00000069       0x44 /opt/ST/STEdgeAI/4.0/Middlewares/ST/AI/Lib/GCC/STM32H7/NetworkRuntime1200_CM7_GCC.a(forward_lite_avepool_is8os8.o)
 .comment       0x00000069       0x44 /opt/ST/STEdgeAI/4.0/Middlewares/ST/AI/Lib/GCC/STM32H7/NetworkRuntime1200_CM7_GCC.a(forward_lite_pw_sssa8_ch.o)
 .comment       0x00000069       0x44 /opt/ST/STEdgeAI/4.0/Middlewares/ST/AI/Lib/GCC/STM32H7/NetworkRuntime1200_CM7_GCC.a(forward_lite_conv2d_sssa8_ch.o)
 .comment       0x00000069       0x44 /opt/ST/STEdgeAI/4.0/Middlewares/ST/AI/Lib/GCC/STM32H7/NetworkRuntime1200_CM7_GCC.a(lite_convert_kernel.o)
 .comment       0x00000069       0x44 /opt/ST/STEdgeAI/4.0/Middlewares/ST/AI/Lib/GCC/STM32H7/NetworkRuntime1200_CM7_GCC.a(lite_nl_generic_integer.o)
 .comment       0x00000069       0x44 /opt/ST/STEdgeAI/4.0/Middlewares/ST/AI/Lib/GCC/STM32H7/NetworkRuntime1200_CM7_GCC.a(forward_lite_pad_generic.o)
 .comment       0x00000069       0x44 /opt/ST/STEdgeAI/4.0/Middlewares/ST/AI/Lib/GCC/STM32H7/NetworkRuntime1200_CM7_GCC.a(st_align_factor.o)
 .comment       0x00000069       0x44 /opt/ST/STEdgeAI/4.0/Middlewares/ST/AI/Lib/GCC/STM32H7/NetworkRuntime1200_CM7_GCC.a(st_int8_pool.o)
 .comment       0x00000069       0x44 /opt/ST/STEdgeAI/4.0/Middlewares/ST/AI/Lib/GCC/STM32H7/NetworkRuntime1200_CM7_GCC.a(st_sssa8_ch_dense.o)
 .comment       0x00000069       0x44 /opt/ST/STEdgeAI/4.0/Middlewares/ST/AI/Lib/GCC/STM32H7/NetworkRuntime1200_CM7_GCC.a(st_int8_fill.o)
 .comment       0x00000069       0x44 /opt/ST/STEdgeAI/4.0/Middlewares/ST/AI/Lib/GCC/STM32H7/NetworkRuntime1200_CM7_GCC.a(st_int8_reordered_no_shift.o)
 .comment       0x00000069       0x44 /opt/ST/STEdgeAI/4.0/Middlewares/ST/AI/Lib/GCC/STM32H7/NetworkRuntime1200_CM7_GCC.a(st_sssa8_ch_nn_mat_mult_conv2d_nt_t.o)
 .comment       0x00000069       0x44 /opt/ST/STEdgeAI/4.0/Middlewares/ST/AI/Lib/GCC/STM32H7/NetworkRuntime1200_CM7_GCC.a(st_sssa8_ch_nn_mat_mult_nt_t.o)
 .comment       0x00000069       0x44 /opt/ST/STEdgeAI/4.0/Middlewares/ST/AI/Lib/GCC/STM32H7/NetworkRuntime1200_CM7_GCC.a(ai_math_helpers.o)
 .comment       0x00000069       0x44 /opt/ST/STEdgeAI/4.0/Middlewares/ST/AI/Lib/GCC/STM32H7/NetworkRuntime1200_CM7_GCC.a(core_utils.o)
 .comment       0x00000069       0x44 /opt/ST/STEdgeAI/4.0/Middlewares/ST/AI/Lib/GCC/STM32H7/NetworkRuntime1200_CM7_GCC.a(ai_math_elementwise_mul_int8.o)
 .comment       0x00000069       0x44 /opt/ST/STEdgeAI/4.0/Middlewares/ST/AI/Lib/GCC/STM32H7/NetworkRuntime1200_CM7_GCC.a(ai_math_elementwise_sum_int8.o)
 .comment       0x00000069       0x44 /opt/ST/STEdgeAI/4.0/Middlewares/ST/AI/Lib/GCC/STM32H7/NetworkRuntime1200_CM7_GCC.a(lite_nl_softmax_is8os8.o)
 .comment       0x00000069       0x27 /usr/lib/gcc/arm-none-eabi/13.2.1/thumb/v7e-m+dp/hard/libgcc.a(_fixsfdi.o)
 .comment       0x00000069       0x27 /usr/lib/gcc/arm-none-eabi/13.2.1/thumb/v7e-m+dp/hard/libgcc.a(_fixunssfdi.o)
 .comment       0x00000069       0x27 /usr/lib/gcc/arm-none-eabi/13.2.1/../../../arm-none-eabi/lib/thumb/v7e-m+dp/hard/libc_nano.a(libc_a-init.o)
 .comment       0x00000069       0x27 /usr/lib/gcc/arm-none-eabi/13.2.1/thumb/v7e-m+dp/hard/crtend.o

.debug_info     0x00000000     0x6705
 .debug_info    0x00000000     0x59ae network.o
 .debug_info    0x000059ae       0x32 startup_stm32xx.o
 .debug_info    0x000059e0      0x4ee stedgeai_app_main.o
 .debug_info    0x00005ece       0xc1 network_data.o
 .debug_info    0x00005f8f      0x332 /usr/lib/gcc/arm-none-eabi/13.2.1/thumb/v7e-m+dp/hard/libgcc.a(_fixsfdi.o)
 .debug_info    0x000062c1      0x339 /usr/lib/gcc/arm-none-eabi/13.2.1/thumb/v7e-m+dp/hard/libgcc.a(_fixunssfdi.o)
 .debug_info    0x000065fa      0x10b /usr/lib/gcc/arm-none-eabi/13.2.1/../../../arm-none-eabi/lib/thumb/v7e-m+dp/hard/libc_nano.a(libc_a-init.o)

.debug_abbrev   0x00000000      0x92c
 .debug_abbrev  0x00000000      0x422 network.o
 .debug_abbrev  0x00000422       0x24 startup_stm32xx.o
 .debug_abbrev  0x00000446      0x1a7 stedgeai_app_main.o
 .debug_abbrev  0x000005ed       0x76 network_data.o
 .debug_abbrev  0x00000663      0x115 /usr/lib/gcc/arm-none-eabi/13.2.1/thumb/v7e-m+dp/hard/libgcc.a(_fixsfdi.o)
 .debug_abbrev  0x00000778       0xeb /usr/lib/gcc/arm-none-eabi/13.2.1/thumb/v7e-m+dp/hard/libgcc.a(_fixunssfdi.o)
 .debug_abbrev  0x00000863       0xc9 /usr/lib/gcc/arm-none-eabi/13.2.1/../../../arm-none-eabi/lib/thumb/v7e-m+dp/hard/libc_nano.a(libc_a-init.o)

.debug_loc      0x00000000     0x1c60
 .debug_loc     0x00000000     0x1c60 network.o

.debug_aranges  0x00000000      0x210
 .debug_aranges
                0x00000000      0x130 network.o
 .debug_aranges
                0x00000130       0x28 startup_stm32xx.o
 .debug_aranges
                0x00000158       0x40 stedgeai_app_main.o
 .debug_aranges
                0x00000198       0x18 network_data.o
 .debug_aranges
                0x000001b0       0x20 /usr/lib/gcc/arm-none-eabi/13.2.1/thumb/v7e-m+dp/hard/libgcc.a(_fixsfdi.o)
 .debug_aranges
                0x000001d0       0x20 /usr/lib/gcc/arm-none-eabi/13.2.1/thumb/v7e-m+dp/hard/libgcc.a(_fixunssfdi.o)
 .debug_aranges
                0x000001f0       0x20 /usr/lib/gcc/arm-none-eabi/13.2.1/../../../arm-none-eabi/lib/thumb/v7e-m+dp/hard/libc_nano.a(libc_a-init.o)

.debug_ranges   0x00000000      0x1e8
 .debug_ranges  0x00000000      0x198 network.o
 .debug_ranges  0x00000198       0x20 startup_stm32xx.o
 .debug_ranges  0x000001b8       0x30 stedgeai_app_main.o

.debug_macro    0x00000000     0x3dd2
 .debug_macro   0x00000000      0x614 network.o
 .debug_macro   0x00000614      0xade network.o
 .debug_macro   0x000010f2      0x34e network.o
 .debug_macro   0x00001440      0x190 network.o
 .debug_macro   0x000015d0       0x22 network.o
 .debug_macro   0x000015f2       0x60 network.o
 .debug_macro   0x00001652       0x29 network.o
 .debug_macro   0x0000167b       0x94 network.o
 .debug_macro   0x0000170f       0x3c network.o
 .debug_macro   0x0000174b      0x103 network.o
 .debug_macro   0x0000184e       0x3a network.o
 .debug_macro   0x00001888       0x3c network.o
 .debug_macro   0x000018c4      0x379 network.o
 .debug_macro   0x00001c3d       0x46 network.o
 .debug_macro   0x00001c83       0x22 network.o
 .debug_macro   0x00001ca5      0x342 network.o
 .debug_macro   0x00001fe7       0x16 network.o
 .debug_macro   0x00001ffd       0x57 network.o
 .debug_macro   0x00002054      0x370 network.o
 .debug_macro   0x000023c4       0x16 network.o
 .debug_macro   0x000023da       0x4a network.o
 .debug_macro   0x00002424       0x34 network.o
 .debug_macro   0x00002458       0x10 network.o
 .debug_macro   0x00002468       0x52 network.o
 .debug_macro   0x000024ba      0x1de network.o
 .debug_macro   0x00002698       0x10 network.o
 .debug_macro   0x000026a8       0x22 network.o
 .debug_macro   0x000026ca       0x10 network.o
 .debug_macro   0x000026da       0xc0 network.o
 .debug_macro   0x0000279a      0x229 network.o
 .debug_macro   0x000029c3       0x2e network.o
 .debug_macro   0x000029f1       0xcf network.o
 .debug_macro   0x00002ac0      0x1ed network.o
 .debug_macro   0x00002cad       0x16 network.o
 .debug_macro   0x00002cc3       0x2e network.o
 .debug_macro   0x00002cf1       0xdc network.o
 .debug_macro   0x00002dcd       0x4d network.o
 .debug_macro   0x00002e1a       0x25 network.o
 .debug_macro   0x00002e3f       0x6d network.o
 .debug_macro   0x00002eac       0x16 network.o
 .debug_macro   0x00002ec2       0x7c network.o
 .debug_macro   0x00002f3e       0x22 network.o
 .debug_macro   0x00002f60       0x10 network.o
 .debug_macro   0x00002f70       0x10 network.o
 .debug_macro   0x00002f80       0x11 network.o
 .debug_macro   0x00002f91       0x2e network.o
 .debug_macro   0x00002fbf       0x2e network.o
 .debug_macro   0x00002fed      0x19b network.o
 .debug_macro   0x00003188      0x10c network.o
 .debug_macro   0x00003294      0x202 network.o
 .debug_macro   0x00003496       0x3a network.o
 .debug_macro   0x000034d0       0x16 network.o
 .debug_macro   0x000034e6      0x1d3 network.o
 .debug_macro   0x000036b9       0x16 network.o
 .debug_macro   0x000036cf       0x10 network.o
 .debug_macro   0x000036df      0x1b5 stedgeai_app_main.o
 .debug_macro   0x00003894       0x34 stedgeai_app_main.o
 .debug_macro   0x000038c8       0x16 stedgeai_app_main.o
 .debug_macro   0x000038de       0x9e stedgeai_app_main.o
 .debug_macro   0x0000397c      0x112 stedgeai_app_main.o
 .debug_macro   0x00003a8e       0x10 stedgeai_app_main.o
 .debug_macro   0x00003a9e       0x16 stedgeai_app_main.o
 .debug_macro   0x00003ab4       0x16 stedgeai_app_main.o
 .debug_macro   0x00003aca      0x170 stedgeai_app_main.o
 .debug_macro   0x00003c3a       0x16 stedgeai_app_main.o
 .debug_macro   0x00003c50       0x16 stedgeai_app_main.o
 .debug_macro   0x00003c66       0x29 stedgeai_app_main.o
 .debug_macro   0x00003c8f       0x16 stedgeai_app_main.o
 .debug_macro   0x00003ca5       0x28 stedgeai_app_main.o
 .debug_macro   0x00003ccd       0xab stedgeai_app_main.o
 .debug_macro   0x00003d78       0x10 stedgeai_app_main.o
 .debug_macro   0x00003d88       0x4a network_data.o

.debug_line     0x00000000     0x2b45
 .debug_line    0x00000000     0x22e5 network.o
 .debug_line    0x000022e5       0xb7 startup_stm32xx.o
 .debug_line    0x0000239c      0x3e4 stedgeai_app_main.o
 .debug_line    0x00002780      0x13d network_data.o
 .debug_line    0x000028bd       0xaf /usr/lib/gcc/arm-none-eabi/13.2.1/thumb/v7e-m+dp/hard/libgcc.a(_fixsfdi.o)
 .debug_line    0x0000296c       0xbb /usr/lib/gcc/arm-none-eabi/13.2.1/thumb/v7e-m+dp/hard/libgcc.a(_fixunssfdi.o)
 .debug_line    0x00002a27      0x11e /usr/lib/gcc/arm-none-eabi/13.2.1/../../../arm-none-eabi/lib/thumb/v7e-m+dp/hard/libc_nano.a(libc_a-init.o)

.debug_str      0x00000000    0x18587
 .debug_str     0x00000000    0x18587 network.o
                              0x179ce (size before relaxing)
 .debug_str     0x00018587       0xea startup_stm32xx.o
 .debug_str     0x00018587     0x8817 stedgeai_app_main.o
 .debug_str     0x00018587     0x42d8 network_data.o
 .debug_str     0x00018587      0x652 /usr/lib/gcc/arm-none-eabi/13.2.1/thumb/v7e-m+dp/hard/libgcc.a(_fixsfdi.o)
 .debug_str     0x00018587      0x642 /usr/lib/gcc/arm-none-eabi/13.2.1/thumb/v7e-m+dp/hard/libgcc.a(_fixunssfdi.o)
 .debug_str     0x00018587      0x1fd /usr/lib/gcc/arm-none-eabi/13.2.1/../../../arm-none-eabi/lib/thumb/v7e-m+dp/hard/libc_nano.a(libc_a-init.o)

.debug_frame    0x00000000      0x4cc
 .debug_frame   0x00000000      0x3dc network.o
 .debug_frame   0x000003dc       0x7c stedgeai_app_main.o
 .debug_frame   0x00000458       0x28 /usr/lib/gcc/arm-none-eabi/13.2.1/thumb/v7e-m+dp/hard/libgcc.a(_fixsfdi.o)
 .debug_frame   0x00000480       0x20 /usr/lib/gcc/arm-none-eabi/13.2.1/thumb/v7e-m+dp/hard/libgcc.a(_fixunssfdi.o)
 .debug_frame   0x000004a0       0x2c /usr/lib/gcc/arm-none-eabi/13.2.1/../../../arm-none-eabi/lib/thumb/v7e-m+dp/hard/libc_nano.a(libc_a-init.o)

.debug_loclists
                0x00000000       0xf7
 .debug_loclists
                0x00000000       0x33 /usr/lib/gcc/arm-none-eabi/13.2.1/thumb/v7e-m+dp/hard/libgcc.a(_fixsfdi.o)
 .debug_loclists
                0x00000033       0x5f /usr/lib/gcc/arm-none-eabi/13.2.1/thumb/v7e-m+dp/hard/libgcc.a(_fixunssfdi.o)
 .debug_loclists
                0x00000092       0x65 /usr/lib/gcc/arm-none-eabi/13.2.1/../../../arm-none-eabi/lib/thumb/v7e-m+dp/hard/libc_nano.a(libc_a-init.o)

Cross Reference Table

Symbol                                            File
BusFault_Handler                                  startup_stm32xx.o
DebugMon_Handler                                  startup_stm32xx.o
Default_Handler                                   startup_stm32xx.o
HardFault_Handler                                 startup_stm32xx.o
MemManage_Handler                                 startup_stm32xx.o
NMI_Handler                                       startup_stm32xx.o
PendSV_Handler                                    startup_stm32xx.o
Reset_Handler                                     startup_stm32xx.o
SVC_Handler                                       startup_stm32xx.o
SysTick_Handler                                   startup_stm32xx.o
SystemInit                                        stedgeai_app_main.o
                                                  startup_stm32xx.o
UsageFault_Handler                                startup_stm32xx.o
_ITM_deregisterTMCloneTable                       /usr/lib/gcc/arm-none-eabi/13.2.1/thumb/v7e-m+dp/hard/crtbegin.o
_ITM_registerTMCloneTable                         /usr/lib/gcc/arm-none-eabi/13.2.1/thumb/v7e-m+dp/hard/crtbegin.o
_Min_Stack_Size                                   sysmem.o
__TMC_END__                                       /usr/lib/gcc/arm-none-eabi/13.2.1/thumb/v7e-m+dp/hard/crtend.o
                                                  /usr/lib/gcc/arm-none-eabi/13.2.1/thumb/v7e-m+dp/hard/crtbegin.o
__aeabi_f2lz                                      /usr/lib/gcc/arm-none-eabi/13.2.1/thumb/v7e-m+dp/hard/libgcc.a(_fixsfdi.o)
                                                  /opt/ST/STEdgeAI/4.0/Middlewares/ST/AI/Lib/GCC/STM32H7/NetworkRuntime1200_CM7_GCC.a(st_align_factor.o)
__aeabi_f2ulz                                     /usr/lib/gcc/arm-none-eabi/13.2.1/thumb/v7e-m+dp/hard/libgcc.a(_fixunssfdi.o)
                                                  /usr/lib/gcc/arm-none-eabi/13.2.1/thumb/v7e-m+dp/hard/libgcc.a(_fixsfdi.o)
__atexit                                          /usr/lib/gcc/arm-none-eabi/13.2.1/../../../arm-none-eabi/lib/thumb/v7e-m+dp/hard/libc_nano.a(libc_a-__call_atexit.o)
                                                  /usr/lib/gcc/arm-none-eabi/13.2.1/../../../arm-none-eabi/lib/thumb/v7e-m+dp/hard/libc_nano.a(libc_a-__atexit.o)
__atexit0                                         /usr/lib/gcc/arm-none-eabi/13.2.1/../../../arm-none-eabi/lib/thumb/v7e-m+dp/hard/libc_nano.a(libc_a-__atexit.o)
__atexit_dummy                                    /usr/lib/gcc/arm-none-eabi/13.2.1/../../../arm-none-eabi/lib/thumb/v7e-m+dp/hard/libc_nano.a(libc_a-__atexit.o)
__bss_end__                                       /usr/lib/gcc/arm-none-eabi/13.2.1/../../../arm-none-eabi/lib/thumb/v7e-m+dp/hard/crt0.o
__bss_start__                                     /usr/lib/gcc/arm-none-eabi/13.2.1/../../../arm-none-eabi/lib/thumb/v7e-m+dp/hard/crt0.o
__call_exitprocs                                  /usr/lib/gcc/arm-none-eabi/13.2.1/../../../arm-none-eabi/lib/thumb/v7e-m+dp/hard/libc_nano.a(libc_a-__call_atexit.o)
                                                  /usr/lib/gcc/arm-none-eabi/13.2.1/../../../arm-none-eabi/lib/thumb/v7e-m+dp/hard/libc_nano.a(libc_a-__atexit.o)
                                                  /usr/lib/gcc/arm-none-eabi/13.2.1/../../../arm-none-eabi/lib/thumb/v7e-m+dp/hard/libc_nano.a(libc_a-exit.o)
__deregister_frame_info                           /usr/lib/gcc/arm-none-eabi/13.2.1/thumb/v7e-m+dp/hard/crtbegin.o
__dso_handle                                      /usr/lib/gcc/arm-none-eabi/13.2.1/thumb/v7e-m+dp/hard/crtbegin.o
__env                                             syscalls.o
__errno                                           /usr/lib/gcc/arm-none-eabi/13.2.1/../../../arm-none-eabi/lib/thumb/v7e-m+dp/hard/libc_nano.a(libc_a-errno.o)
                                                  /usr/lib/gcc/arm-none-eabi/13.2.1/../../../arm-none-eabi/lib/thumb/v7e-m+dp/hard/libm.a(libm_a-math_err.o)
                                                  /usr/lib/gcc/arm-none-eabi/13.2.1/../../../arm-none-eabi/lib/thumb/v7e-m+dp/hard/libm.a(libm_a-math_errf.o)
                                                  /usr/lib/gcc/arm-none-eabi/13.2.1/../../../arm-none-eabi/lib/thumb/v7e-m+dp/hard/libm.a(libm_a-wf_cosh.o)
                                                  /usr/lib/gcc/arm-none-eabi/13.2.1/../../../arm-none-eabi/lib/thumb/v7e-m+dp/hard/libm.a(libm_a-wf_fmod.o)
                                                  sysmem.o
                                                  syscalls.o
__exp2f_data                                      /usr/lib/gcc/arm-none-eabi/13.2.1/../../../arm-none-eabi/lib/thumb/v7e-m+dp/hard/libm.a(libm_a-sf_exp2_data.o)
                                                  /usr/lib/gcc/arm-none-eabi/13.2.1/../../../arm-none-eabi/lib/thumb/v7e-m+dp/hard/libm.a(libm_a-sf_pow.o)
                                                  /usr/lib/gcc/arm-none-eabi/13.2.1/../../../arm-none-eabi/lib/thumb/v7e-m+dp/hard/libm.a(libm_a-sf_exp.o)
__fini_array_end                                  /usr/lib/gcc/arm-none-eabi/13.2.1/../../../arm-none-eabi/lib/thumb/v7e-m+dp/hard/libc_nano.a(libc_a-fini.o)
__fini_array_start                                /usr/lib/gcc/arm-none-eabi/13.2.1/../../../arm-none-eabi/lib/thumb/v7e-m+dp/hard/libc_nano.a(libc_a-fini.o)
__fixsfdi                                         /usr/lib/gcc/arm-none-eabi/13.2.1/thumb/v7e-m+dp/hard/libgcc.a(_fixsfdi.o)
__fixunssfdi                                      /usr/lib/gcc/arm-none-eabi/13.2.1/thumb/v7e-m+dp/hard/libgcc.a(_fixunssfdi.o)
__fp_lock_all                                     /usr/lib/gcc/arm-none-eabi/13.2.1/../../../arm-none-eabi/lib/thumb/v7e-m+dp/hard/libc_nano.a(libc_a-findfp.o)
__fp_unlock_all                                   /usr/lib/gcc/arm-none-eabi/13.2.1/../../../arm-none-eabi/lib/thumb/v7e-m+dp/hard/libc_nano.a(libc_a-findfp.o)
__ieee754_coshf                                   /usr/lib/gcc/arm-none-eabi/13.2.1/../../../arm-none-eabi/lib/thumb/v7e-m+dp/hard/libm.a(libm_a-ef_cosh.o)
                                                  /usr/lib/gcc/arm-none-eabi/13.2.1/../../../arm-none-eabi/lib/thumb/v7e-m+dp/hard/libm.a(libm_a-wf_cosh.o)
__ieee754_fmodf                                   /usr/lib/gcc/arm-none-eabi/13.2.1/../../../arm-none-eabi/lib/thumb/v7e-m+dp/hard/libm.a(libm_a-ef_fmod.o)
                                                  /usr/lib/gcc/arm-none-eabi/13.2.1/../../../arm-none-eabi/lib/thumb/v7e-m+dp/hard/libm.a(libm_a-wf_fmod.o)
__init_array_end                                  /usr/lib/gcc/arm-none-eabi/13.2.1/../../../arm-none-eabi/lib/thumb/v7e-m+dp/hard/libc_nano.a(libc_a-init.o)
__init_array_start                                /usr/lib/gcc/arm-none-eabi/13.2.1/../../../arm-none-eabi/lib/thumb/v7e-m+dp/hard/libc_nano.a(libc_a-init.o)
__io_getchar                                      syscalls.o
__io_putchar                                      syscalls.o
__libc_fini_array                                 /usr/lib/gcc/arm-none-eabi/13.2.1/../../../arm-none-eabi/lib/thumb/v7e-m+dp/hard/libc_nano.a(libc_a-fini.o)
                                                  /usr/lib/gcc/arm-none-eabi/13.2.1/../../../arm-none-eabi/lib/thumb/v7e-m+dp/hard/crt0.o
__libc_init_array                                 /usr/lib/gcc/arm-none-eabi/13.2.1/../../../arm-none-eabi/lib/thumb/v7e-m+dp/hard/libc_nano.a(libc_a-init.o)
                                                  startup_stm32xx.o
                                                  /usr/lib/gcc/arm-none-eabi/13.2.1/../../../arm-none-eabi/lib/thumb/v7e-m+dp/hard/crt0.o
__logf_data                                       /usr/lib/gcc/arm-none-eabi/13.2.1/../../../arm-none-eabi/lib/thumb/v7e-m+dp/hard/libm.a(libm_a-sf_log_data.o)
                                                  /usr/lib/gcc/arm-none-eabi/13.2.1/../../../arm-none-eabi/lib/thumb/v7e-m+dp/hard/libm.a(libm_a-sf_log.o)
__malloc_free_list                                /usr/lib/gcc/arm-none-eabi/13.2.1/../../../arm-none-eabi/lib/thumb/v7e-m+dp/hard/libc_nano.a(libc_a-mallocr.o)
                                                  /usr/lib/gcc/arm-none-eabi/13.2.1/../../../arm-none-eabi/lib/thumb/v7e-m+dp/hard/libc_nano.a(libc_a-freer.o)
__malloc_lock                                     /usr/lib/gcc/arm-none-eabi/13.2.1/../../../arm-none-eabi/lib/thumb/v7e-m+dp/hard/libc_nano.a(libc_a-mlock.o)
                                                  /usr/lib/gcc/arm-none-eabi/13.2.1/../../../arm-none-eabi/lib/thumb/v7e-m+dp/hard/libc_nano.a(libc_a-freer.o)
                                                  /usr/lib/gcc/arm-none-eabi/13.2.1/../../../arm-none-eabi/lib/thumb/v7e-m+dp/hard/libc_nano.a(libc_a-mallocr.o)
__malloc_sbrk_start                               /usr/lib/gcc/arm-none-eabi/13.2.1/../../../arm-none-eabi/lib/thumb/v7e-m+dp/hard/libc_nano.a(libc_a-mallocr.o)
__malloc_unlock                                   /usr/lib/gcc/arm-none-eabi/13.2.1/../../../arm-none-eabi/lib/thumb/v7e-m+dp/hard/libc_nano.a(libc_a-mlock.o)
                                                  /usr/lib/gcc/arm-none-eabi/13.2.1/../../../arm-none-eabi/lib/thumb/v7e-m+dp/hard/libc_nano.a(libc_a-freer.o)
                                                  /usr/lib/gcc/arm-none-eabi/13.2.1/../../../arm-none-eabi/lib/thumb/v7e-m+dp/hard/libc_nano.a(libc_a-mallocr.o)
__math_check_oflow                                /usr/lib/gcc/arm-none-eabi/13.2.1/../../../arm-none-eabi/lib/thumb/v7e-m+dp/hard/libm.a(libm_a-math_err.o)
__math_check_uflow                                /usr/lib/gcc/arm-none-eabi/13.2.1/../../../arm-none-eabi/lib/thumb/v7e-m+dp/hard/libm.a(libm_a-math_err.o)
__math_divzero                                    /usr/lib/gcc/arm-none-eabi/13.2.1/../../../arm-none-eabi/lib/thumb/v7e-m+dp/hard/libm.a(libm_a-math_err.o)
__math_divzerof                                   /usr/lib/gcc/arm-none-eabi/13.2.1/../../../arm-none-eabi/lib/thumb/v7e-m+dp/hard/libm.a(libm_a-math_errf.o)
                                                  /usr/lib/gcc/arm-none-eabi/13.2.1/../../../arm-none-eabi/lib/thumb/v7e-m+dp/hard/libm.a(libm_a-sf_log.o)
                                                  /usr/lib/gcc/arm-none-eabi/13.2.1/../../../arm-none-eabi/lib/thumb/v7e-m+dp/hard/libm.a(libm_a-sf_pow.o)
__math_invalid                                    /usr/lib/gcc/arm-none-eabi/13.2.1/../../../arm-none-eabi/lib/thumb/v7e-m+dp/hard/libm.a(libm_a-math_err.o)
__math_invalidf                                   /usr/lib/gcc/arm-none-eabi/13.2.1/../../../arm-none-eabi/lib/thumb/v7e-m+dp/hard/libm.a(libm_a-math_errf.o)
                                                  /usr/lib/gcc/arm-none-eabi/13.2.1/../../../arm-none-eabi/lib/thumb/v7e-m+dp/hard/libm.a(libm_a-sf_log.o)
                                                  /usr/lib/gcc/arm-none-eabi/13.2.1/../../../arm-none-eabi/lib/thumb/v7e-m+dp/hard/libm.a(libm_a-sf_pow.o)
__math_may_uflow                                  /usr/lib/gcc/arm-none-eabi/13.2.1/../../../arm-none-eabi/lib/thumb/v7e-m+dp/hard/libm.a(libm_a-math_err.o)
__math_may_uflowf                                 /usr/lib/gcc/arm-none-eabi/13.2.1/../../../arm-none-eabi/lib/thumb/v7e-m+dp/hard/libm.a(libm_a-math_errf.o)
                                                  /usr/lib/gcc/arm-none-eabi/13.2.1/../../../arm-none-eabi/lib/thumb/v7e-m+dp/hard/libm.a(libm_a-sf_pow.o)
                                                  /usr/lib/gcc/arm-none-eabi/13.2.1/../../../arm-none-eabi/lib/thumb/v7e-m+dp/hard/libm.a(libm_a-sf_exp.o)
__math_oflow                                      /usr/lib/gcc/arm-none-eabi/13.2.1/../../../arm-none-eabi/lib/thumb/v7e-m+dp/hard/libm.a(libm_a-math_err.o)
__math_oflowf                                     /usr/lib/gcc/arm-none-eabi/13.2.1/../../../arm-none-eabi/lib/thumb/v7e-m+dp/hard/libm.a(libm_a-math_errf.o)
                                                  /usr/lib/gcc/arm-none-eabi/13.2.1/../../../arm-none-eabi/lib/thumb/v7e-m+dp/hard/libm.a(libm_a-ef_cosh.o)
                                                  /usr/lib/gcc/arm-none-eabi/13.2.1/../../../arm-none-eabi/lib/thumb/v7e-m+dp/hard/libm.a(libm_a-sf_expm1.o)
                                                  /usr/lib/gcc/arm-none-eabi/13.2.1/../../../arm-none-eabi/lib/thumb/v7e-m+dp/hard/libm.a(libm_a-sf_pow.o)
                                                  /usr/lib/gcc/arm-none-eabi/13.2.1/../../../arm-none-eabi/lib/thumb/v7e-m+dp/hard/libm.a(libm_a-sf_exp.o)
__math_uflow                                      /usr/lib/gcc/arm-none-eabi/13.2.1/../../../arm-none-eabi/lib/thumb/v7e-m+dp/hard/libm.a(libm_a-math_err.o)
                                                  /usr/lib/gcc/arm-none-eabi/13.2.1/../../../arm-none-eabi/lib/thumb/v7e-m+dp/hard/libm.a(libm_a-sf_erf.o)
__math_uflowf                                     /usr/lib/gcc/arm-none-eabi/13.2.1/../../../arm-none-eabi/lib/thumb/v7e-m+dp/hard/libm.a(libm_a-math_errf.o)
                                                  /usr/lib/gcc/arm-none-eabi/13.2.1/../../../arm-none-eabi/lib/thumb/v7e-m+dp/hard/libm.a(libm_a-sf_pow.o)
                                                  /usr/lib/gcc/arm-none-eabi/13.2.1/../../../arm-none-eabi/lib/thumb/v7e-m+dp/hard/libm.a(libm_a-sf_exp.o)
__on_exit_args                                    /usr/lib/gcc/arm-none-eabi/13.2.1/../../../arm-none-eabi/lib/thumb/v7e-m+dp/hard/libc_nano.a(libc_a-__atexit.o)
__powf_log2_data                                  /usr/lib/gcc/arm-none-eabi/13.2.1/../../../arm-none-eabi/lib/thumb/v7e-m+dp/hard/libm.a(libm_a-sf_pow_log2_data.o)
                                                  /usr/lib/gcc/arm-none-eabi/13.2.1/../../../arm-none-eabi/lib/thumb/v7e-m+dp/hard/libm.a(libm_a-sf_pow.o)
__preinit_array_end                               /usr/lib/gcc/arm-none-eabi/13.2.1/../../../arm-none-eabi/lib/thumb/v7e-m+dp/hard/libc_nano.a(libc_a-init.o)
__preinit_array_start                             /usr/lib/gcc/arm-none-eabi/13.2.1/../../../arm-none-eabi/lib/thumb/v7e-m+dp/hard/libc_nano.a(libc_a-init.o)
__register_exitproc                               /usr/lib/gcc/arm-none-eabi/13.2.1/../../../arm-none-eabi/lib/thumb/v7e-m+dp/hard/libc_nano.a(libc_a-__atexit.o)
                                                  /usr/lib/gcc/arm-none-eabi/13.2.1/../../../arm-none-eabi/lib/thumb/v7e-m+dp/hard/libc_nano.a(libc_a-atexit.o)
__register_frame_info                             /usr/lib/gcc/arm-none-eabi/13.2.1/thumb/v7e-m+dp/hard/crtbegin.o
__sclose                                          /usr/lib/gcc/arm-none-eabi/13.2.1/../../../arm-none-eabi/lib/thumb/v7e-m+dp/hard/libc_nano.a(libc_a-stdio.o)
                                                  /usr/lib/gcc/arm-none-eabi/13.2.1/../../../arm-none-eabi/lib/thumb/v7e-m+dp/hard/libc_nano.a(libc_a-findfp.o)
__seofread                                        /usr/lib/gcc/arm-none-eabi/13.2.1/../../../arm-none-eabi/lib/thumb/v7e-m+dp/hard/libc_nano.a(libc_a-stdio.o)
__sf                                              /usr/lib/gcc/arm-none-eabi/13.2.1/../../../arm-none-eabi/lib/thumb/v7e-m+dp/hard/libc_nano.a(libc_a-findfp.o)
                                                  /usr/lib/gcc/arm-none-eabi/13.2.1/../../../arm-none-eabi/lib/thumb/v7e-m+dp/hard/libc_nano.a(libc_a-impure.o)
__sflush_r                                        /usr/lib/gcc/arm-none-eabi/13.2.1/../../../arm-none-eabi/lib/thumb/v7e-m+dp/hard/libc_nano.a(libc_a-fflush.o)
__sfp                                             /usr/lib/gcc/arm-none-eabi/13.2.1/../../../arm-none-eabi/lib/thumb/v7e-m+dp/hard/libc_nano.a(libc_a-findfp.o)
__sfp_lock_acquire                                /usr/lib/gcc/arm-none-eabi/13.2.1/../../../arm-none-eabi/lib/thumb/v7e-m+dp/hard/libc_nano.a(libc_a-findfp.o)
__sfp_lock_release                                /usr/lib/gcc/arm-none-eabi/13.2.1/../../../arm-none-eabi/lib/thumb/v7e-m+dp/hard/libc_nano.a(libc_a-findfp.o)
__sglue                                           /usr/lib/gcc/arm-none-eabi/13.2.1/../../../arm-none-eabi/lib/thumb/v7e-m+dp/hard/libc_nano.a(libc_a-findfp.o)
                                                  /usr/lib/gcc/arm-none-eabi/13.2.1/../../../arm-none-eabi/lib/thumb/v7e-m+dp/hard/libc_nano.a(libc_a-fflush.o)
__sinit                                           /usr/lib/gcc/arm-none-eabi/13.2.1/../../../arm-none-eabi/lib/thumb/v7e-m+dp/hard/libc_nano.a(libc_a-findfp.o)
                                                  /usr/lib/gcc/arm-none-eabi/13.2.1/../../../arm-none-eabi/lib/thumb/v7e-m+dp/hard/libc_nano.a(libc_a-fflush.o)
__sread                                           /usr/lib/gcc/arm-none-eabi/13.2.1/../../../arm-none-eabi/lib/thumb/v7e-m+dp/hard/libc_nano.a(libc_a-stdio.o)
                                                  /usr/lib/gcc/arm-none-eabi/13.2.1/../../../arm-none-eabi/lib/thumb/v7e-m+dp/hard/libc_nano.a(libc_a-findfp.o)
__sseek                                           /usr/lib/gcc/arm-none-eabi/13.2.1/../../../arm-none-eabi/lib/thumb/v7e-m+dp/hard/libc_nano.a(libc_a-stdio.o)
                                                  /usr/lib/gcc/arm-none-eabi/13.2.1/../../../arm-none-eabi/lib/thumb/v7e-m+dp/hard/libc_nano.a(libc_a-findfp.o)
__stack                                           /usr/lib/gcc/arm-none-eabi/13.2.1/../../../arm-none-eabi/lib/thumb/v7e-m+dp/hard/crt0.o