Archive member included to satisfy reference by file (symbol)

/opt/ST/STEdgeAI/4.0/Middlewares/ST/AI/Lib/GCC/STM32H7/NetworkRuntime1200_CM7_GCC.a(layers_ml_treeensembleclassifier_float.o)
                              network.o (forward_tree_ensemble_classifier)
/opt/ST/STEdgeAI/4.0/Middlewares/ST/AI/Lib/GCC/STM32H7/NetworkRuntime1200_CM7_GCC.a(layers_nl_generic_float.o)
                              network.o (nl_func_sm_channel_f32)
/opt/ST/STEdgeAI/4.0/Middlewares/ST/AI/Lib/GCC/STM32H7/NetworkRuntime1200_CM7_GCC.a(lite_nl_softmax_if32of32.o)
                              /opt/ST/STEdgeAI/4.0/Middlewares/ST/AI/Lib/GCC/STM32H7/NetworkRuntime1200_CM7_GCC.a(layers_nl_generic_float.o) (forward_lite_nl_softmax_if32of32_kernel)
/opt/ST/STEdgeAI/4.0/Middlewares/ST/AI/Lib/GCC/STM32H7/NetworkRuntime1200_CM7_GCC.a(lite_nl_relu_if32of32.o)
                              /opt/ST/STEdgeAI/4.0/Middlewares/ST/AI/Lib/GCC/STM32H7/NetworkRuntime1200_CM7_GCC.a(layers_nl_generic_float.o) (forward_lite_nl_prelu_if32of32_kernel)
/opt/ST/STEdgeAI/4.0/Middlewares/ST/AI/Lib/GCC/STM32H7/NetworkRuntime1200_CM7_GCC.a(lite_nl_generic_float.o)
                              /opt/ST/STEdgeAI/4.0/Middlewares/ST/AI/Lib/GCC/STM32H7/NetworkRuntime1200_CM7_GCC.a(layers_nl_generic_float.o) (forward_lite_nl_softmax_if32of32)
/opt/ST/STEdgeAI/4.0/Middlewares/ST/AI/Lib/GCC/STM32H7/NetworkRuntime1200_CM7_GCC.a(st_int8_fill.o)
                              /opt/ST/STEdgeAI/4.0/Middlewares/ST/AI/Lib/GCC/STM32H7/NetworkRuntime1200_CM7_GCC.a(layers_nl_generic_float.o) (st_int8_fill)
/opt/ST/STEdgeAI/4.0/Middlewares/ST/AI/Lib/GCC/STM32H7/NetworkRuntime1200_CM7_GCC.a(ai_math_helpers.o)
                              /opt/ST/STEdgeAI/4.0/Middlewares/ST/AI/Lib/GCC/STM32H7/NetworkRuntime1200_CM7_GCC.a(layers_nl_generic_float.o) (ai_math_sqrt)
/opt/ST/STEdgeAI/4.0/Middlewares/ST/AI/Lib/GCC/STM32H7/NetworkRuntime1200_CM7_GCC.a(ai_math_elementwise_mul_int8.o)
                              /opt/ST/STEdgeAI/4.0/Middlewares/ST/AI/Lib/GCC/STM32H7/NetworkRuntime1200_CM7_GCC.a(ai_math_helpers.o) (ai_math_elementwise_mul_int8)
/opt/ST/STEdgeAI/4.0/Middlewares/ST/AI/Lib/GCC/STM32H7/NetworkRuntime1200_CM7_GCC.a(ai_math_elementwise_sum_int8.o)
                              /opt/ST/STEdgeAI/4.0/Middlewares/ST/AI/Lib/GCC/STM32H7/NetworkRuntime1200_CM7_GCC.a(ai_math_helpers.o) (ai_math_elementwise_sum_int8)
/opt/ST/STEdgeAI/4.0/Middlewares/ST/AI/Lib/GCC/STM32H7/NetworkRuntime1200_CM7_GCC.a(st_align_factor.o)
                              /opt/ST/STEdgeAI/4.0/Middlewares/ST/AI/Lib/GCC/STM32H7/NetworkRuntime1200_CM7_GCC.a(ai_math_helpers.o) (align_factor)
/usr/lib/gcc/arm-none-eabi/13.2.1/thumb/v7e-m+dp/hard/libgcc.a(_fixsfdi.o)
                              /opt/ST/STEdgeAI/4.0/Middlewares/ST/AI/Lib/GCC/STM32H7/NetworkRuntime1200_CM7_GCC.a(st_align_factor.o) (__aeabi_f2lz)
/usr/lib/gcc/arm-none-eabi/13.2.1/thumb/v7e-m+dp/hard/libgcc.a(_fixunssfdi.o)
                              /usr/lib/gcc/arm-none-eabi/13.2.1/thumb/v7e-m+dp/hard/libgcc.a(_fixsfdi.o) (__aeabi_f2ulz)
/usr/lib/gcc/arm-none-eabi/13.2.1/../../../arm-none-eabi/lib/thumb/v7e-m+dp/hard/libc_nano.a(libc_a-init.o)
                              /usr/lib/gcc/arm-none-eabi/13.2.1/../../../arm-none-eabi/lib/thumb/v7e-m+dp/hard/crt0.o (__libc_init_array)
/usr/lib/gcc/arm-none-eabi/13.2.1/../../../arm-none-eabi/lib/thumb/v7e-m+dp/hard/libc_nano.a(libc_a-memset.o)
                              /usr/lib/gcc/arm-none-eabi/13.2.1/../../../arm-none-eabi/lib/thumb/v7e-m+dp/hard/crt0.o (memset)
/usr/lib/gcc/arm-none-eabi/13.2.1/../../../arm-none-eabi/lib/thumb/v7e-m+dp/hard/libc_nano.a(libc_a-errno.o)
                              syscalls.o (__errno)
/usr/lib/gcc/arm-none-eabi/13.2.1/../../../arm-none-eabi/lib/thumb/v7e-m+dp/hard/libc_nano.a(libc_a-exit.o)
                              /usr/lib/gcc/arm-none-eabi/13.2.1/../../../arm-none-eabi/lib/thumb/v7e-m+dp/hard/crt0.o (exit)
/usr/lib/gcc/arm-none-eabi/13.2.1/../../../arm-none-eabi/lib/thumb/v7e-m+dp/hard/libc_nano.a(libc_a-atexit.o)
                              /usr/lib/gcc/arm-none-eabi/13.2.1/../../../arm-none-eabi/lib/thumb/v7e-m+dp/hard/crt0.o (atexit)
/usr/lib/gcc/arm-none-eabi/13.2.1/../../../arm-none-eabi/lib/thumb/v7e-m+dp/hard/libc_nano.a(libc_a-fini.o)
                              /usr/lib/gcc/arm-none-eabi/13.2.1/../../../arm-none-eabi/lib/thumb/v7e-m+dp/hard/crt0.o (__libc_fini_array)
/usr/lib/gcc/arm-none-eabi/13.2.1/../../../arm-none-eabi/lib/thumb/v7e-m+dp/hard/libc_nano.a(libc_a-impure.o)
                              /usr/lib/gcc/arm-none-eabi/13.2.1/../../../arm-none-eabi/lib/thumb/v7e-m+dp/hard/libc_nano.a(libc_a-errno.o) (_impure_ptr)
/usr/lib/gcc/arm-none-eabi/13.2.1/../../../arm-none-eabi/lib/thumb/v7e-m+dp/hard/libc_nano.a(libc_a-findfp.o)
                              /usr/lib/gcc/arm-none-eabi/13.2.1/../../../arm-none-eabi/lib/thumb/v7e-m+dp/hard/libc_nano.a(libc_a-exit.o) (__stdio_exit_handler)
[...]
Memory Configuration

Name             Origin             Length             Attributes
RAM              0x20000000         0x02000000         xrw
FLASH            0x08000000         0x02000000         xr
*default*        0x00000000         0xffffffff

Linker script and memory map

LOAD /usr/lib/gcc/arm-none-eabi/13.2.1/thumb/v7e-m+dp/hard/crti.o
LOAD /usr/lib/gcc/arm-none-eabi/13.2.1/thumb/v7e-m+dp/hard/crtbegin.o
LOAD /usr/lib/gcc/arm-none-eabi/13.2.1/../../../arm-none-eabi/lib/thumb/v7e-m+dp/hard/crt0.o
START GROUP
LOAD /usr/lib/gcc/arm-none-eabi/13.2.1/../../../arm-none-eabi/lib/thumb/v7e-m+dp/hard/libm.a
END GROUP
LOAD network.o
LOAD startup_stm32xx.o
LOAD stedgeai_app_main.o
LOAD network_data.o
LOAD syscalls.o
LOAD sysmem.o
LOAD /opt/ST/STEdgeAI/4.0/Middlewares/ST/AI/Lib/GCC/STM32H7/NetworkRuntime1200_CM7_GCC.a
START GROUP
LOAD /usr/lib/gcc/arm-none-eabi/13.2.1/thumb/v7e-m+dp/hard/libgcc.a
LOAD /usr/lib/gcc/arm-none-eabi/13.2.1/../../../arm-none-eabi/lib/thumb/v7e-m+dp/hard/libc_nano.a
END GROUP
START GROUP
LOAD /usr/lib/gcc/arm-none-eabi/13.2.1/thumb/v7e-m+dp/hard/libgcc.a
LOAD /usr/lib/gcc/arm-none-eabi/13.2.1/../../../arm-none-eabi/lib/thumb/v7e-m+dp/hard/libc_nano.a
END GROUP
LOAD /usr/lib/gcc/arm-none-eabi/13.2.1/thumb/v7e-m+dp/hard/crtend.o
LOAD /usr/lib/gcc/arm-none-eabi/13.2.1/thumb/v7e-m+dp/hard/crtn.o
                0x21000000                        _estack = 0x21000000
                0x00002000                        _Min_Heap_Size = 0x2000
                0x00001000                        _Min_Stack_Size = 0x1000

.isr_vector     0x08000000       0x40
                0x08000000                        . = ALIGN (0x4)
 *(.isr_vector)
 .isr_vector    0x08000000       0x40 startup_stm32xx.o
                0x08000000                g_pfnVectors
                0x08000040                        . = ALIGN (0x4)

.text           0x08000040      0xde8
                0x08000040                        . = ALIGN (0x4)
 *(.text)
 .text          0x08000040       0x88 /usr/lib/gcc/arm-none-eabi/13.2.1/thumb/v7e-m+dp/hard/crtbegin.o
 .text          0x080000c8       0x50 /usr/lib/gcc/arm-none-eabi/13.2.1/../../../arm-none-eabi/lib/thumb/v7e-m+dp/hard/libc_nano.a(libc_a-init.o)
                0x080000c8                __libc_init_array
 .text          0x08000118       0xa4 /usr/lib/gcc/arm-none-eabi/13.2.1/../../../arm-none-eabi/lib/thumb/v7e-m+dp/hard/libc_nano.a(libc_a-memset.o)
                0x08000118                memset
 .text          0x080001bc        0xc /usr/lib/gcc/arm-none-eabi/13.2.1/../../../arm-none-eabi/lib/thumb/v7e-m+dp/hard/libc_nano.a(libc_a-errno.o)
                0x080001bc                __errno
 .text          0x080001c8       0xe4 /usr/lib/gcc/arm-none-eabi/13.2.1/../../../arm-none-eabi/lib/thumb/v7e-m+dp/hard/libm.a(libm_a-sf_exp.o)
                0x080001c8                expf
 .text          0x080002ac       0x98 /usr/lib/gcc/arm-none-eabi/13.2.1/../../../arm-none-eabi/lib/thumb/v7e-m+dp/hard/libm.a(libm_a-math_errf.o)
                0x080002e4                __math_uflowf
                0x080002f0                __math_may_uflowf
                0x080002fc                __math_oflowf
                0x08000308                __math_divzerof
                0x08000328                __math_invalidf
 *(.text*)
 .text._stai_network_check
                0x08000344       0x3c network.o
 .text.stai_network_init
                0x08000380       0x3c network.o
                0x08000380                stai_network_init
 .text.forward_lite_tree_ensemble_classifier_label
                0x080003bc      0x140 network.o
                0x080003bc                forward_lite_tree_ensemble_classifier_label
 .text.stai_network_run
                0x080004fc       0x84 network.o
                0x080004fc                stai_network_run
 .text.stai_network_get_activations
                0x08000580       0x50 network.o
                0x08000580                stai_network_get_activations
 .text.stai_network_get_inputs
                0x080005d0       0x50 network.o
                0x080005d0                stai_network_get_inputs
 .text.stai_network_get_outputs
                0x08000620       0x54 network.o
                0x08000620                stai_network_get_outputs
 .text.stai_network_set_activations
                0x08000674       0x94 network.o
                0x08000674                stai_network_set_activations
 .text.Reset_Handler
                0x08000708       0x50 startup_stm32xx.o
                0x08000708                Reset_Handler
 .text.Default_Handler
                0x08000758        0x2 startup_stm32xx.o
                0x08000758                DebugMon_Handler
                0x08000758                HardFault_Handler
                0x08000758                SysTick_Handler
                0x08000758                PendSV_Handler
                0x08000758                NMI_Handler
                0x08000758                UsageFault_Handler
                0x08000758                Default_Handler
                0x08000758                MemManage_Handler
                0x08000758                SVC_Handler
                0x08000758                BusFault_Handler
 *fill*         0x0800075a        0x2 
 .text.aiInit   0x0800075c       0x54 stedgeai_app_main.o
                0x0800075c                aiInit
 .text.aiRun    0x080007b0        0xc stedgeai_app_main.o
                0x080007b0                aiRun
 .text.main_loop
                0x080007bc        0xc stedgeai_app_main.o
                0x080007bc                main_loop
 .text.SystemInit
                0x080007c8        0x2 stedgeai_app_main.o
                0x080007c8                SystemInit
 .text.startup.main
                0x080007ca        0x6 stedgeai_app_main.o
                0x080007ca                main
 .text.func_dummy
                0x080007d0        0x4 /opt/ST/STEdgeAI/4.0/Middlewares/ST/AI/Lib/GCC/STM32H7/NetworkRuntime1200_CM7_GCC.a(layers_ml_treeensembleclassifier_float.o)
 .text.decodeEstimator_LEQ_8Bits
                0x080007d4       0xf0 /opt/ST/STEdgeAI/4.0/Middlewares/ST/AI/Lib/GCC/STM32H7/NetworkRuntime1200_CM7_GCC.a(layers_ml_treeensembleclassifier_float.o)
                0x080007d4                decodeEstimator_LEQ_8Bits
 .text.tree_ensemble_classifier_decoder
                0x080008c4      0x308 /opt/ST/STEdgeAI/4.0/Middlewares/ST/AI/Lib/GCC/STM32H7/NetworkRuntime1200_CM7_GCC.a(layers_ml_treeensembleclassifier_float.o)
                0x080008c4                tree_ensemble_classifier_decoder
 .text.forward_tree_ensemble_classifier
                0x08000bcc      0x158 /opt/ST/STEdgeAI/4.0/Middlewares/ST/AI/Lib/GCC/STM32H7/NetworkRuntime1200_CM7_GCC.a(layers_ml_treeensembleclassifier_float.o)
                0x08000bcc                forward_tree_ensemble_classifier
 .text.nl_func_sm_channel_f32
                0x08000d24       0x10 /opt/ST/STEdgeAI/4.0/Middlewares/ST/AI/Lib/GCC/STM32H7/NetworkRuntime1200_CM7_GCC.a(layers_nl_generic_float.o)
                0x08000d24                nl_func_sm_channel_f32
 .text.forward_lite_nl_softmax_if32of32_kernel
                0x08000d34       0xdc /opt/ST/STEdgeAI/4.0/Middlewares/ST/AI/Lib/GCC/STM32H7/NetworkRuntime1200_CM7_GCC.a(lite_nl_softmax_if32of32.o)
                0x08000d34                forward_lite_nl_softmax_if32of32_kernel
 *(.glue_7)
 .glue_7        0x08000e10        0x0 linker stubs
 *(.glue_7t)
 .glue_7t       0x08000e10        0x0 linker stubs
 *(.eh_frame)
 .eh_frame      0x08000e10        0x0 /usr/lib/gcc/arm-none-eabi/13.2.1/thumb/v7e-m+dp/hard/crtbegin.o
 *(.init)
 .init          0x08000e10        0x4 /usr/lib/gcc/arm-none-eabi/13.2.1/thumb/v7e-m+dp/hard/crti.o
                0x08000e10                _init
 .init          0x08000e14        0x8 /usr/lib/gcc/arm-none-eabi/13.2.1/thumb/v7e-m+dp/hard/crtn.o
 *(.fini)
 .fini          0x08000e1c        0x4 /usr/lib/gcc/arm-none-eabi/13.2.1/thumb/v7e-m+dp/hard/crti.o
                0x08000e1c                _fini
 .fini          0x08000e20        0x8 /usr/lib/gcc/arm-none-eabi/13.2.1/thumb/v7e-m+dp/hard/crtn.o
                0x08000e28                        . = ALIGN (0x4)
                0x08000e28                        _etext = .

.vfp11_veneer   0x08000e28        0x0
 .vfp11_veneer  0x08000e28        0x0 linker stubs

.v4_bx          0x08000e28        0x0
 .v4_bx         0x08000e28        0x0 linker stubs

.iplt           0x08000e28        0x0
 .iplt          0x08000e28        0x0 /usr/lib/gcc/arm-none-eabi/13.2.1/thumb/v7e-m+dp/hard/crtbegin.o

.rodata         0x08000e28     0xf9a8
                0x08000e28                        . = ALIGN (0x4)
 *(.rodata)
 .rodata        0x08000e28      0x148 /usr/lib/gcc/arm-none-eabi/13.2.1/../../../arm-none-eabi/lib/thumb/v7e-m+dp/hard/libm.a(libm_a-sf_exp2_data.o)
                0x08000e28                __exp2f_data
 *(.rodata*)
 .rodata._network_context.0
                0x08000f70       0x38 network.o
 .rodata.label_chain
                0x08000fa8        0x8 network.o
 .rodata.g_network_weights_array
                0x08000fb0     0xf820 network_data.o
                0x08000fb0                g_network_weights_array
                0x080107d0                        . = ALIGN (0x4)

.rel.dyn        0x080107d0        0x0
 .rel.iplt      0x080107d0        0x0 /usr/lib/gcc/arm-none-eabi/13.2.1/thumb/v7e-m+dp/hard/crtbegin.o

.ARM.extab      0x080107d0        0x0
                0x080107d0                        . = ALIGN (0x4)
 *(.ARM.extab* .gnu.linkonce.armextab.*)
                0x080107d0                        . = ALIGN (0x4)

.ARM            0x080107d0        0x0
                0x080107d0                        . = ALIGN (0x4)
                0x080107d0                        __exidx_start = .
 *(.ARM.exidx*)
                0x080107d0                        __exidx_end = .
                0x080107d0                        . = ALIGN (0x4)

.preinit_array  0x080107d0        0x0
                0x080107d0                        . = ALIGN (0x4)
                0x080107d0                        PROVIDE (__preinit_array_start = .)
 *(.preinit_array*)
                0x080107d0                        PROVIDE (__preinit_array_end = .)
                0x080107d0                        . = ALIGN (0x4)

.init_array     0x080107d0        0x4
                0x080107d0                        . = ALIGN (0x4)
                0x080107d0                        PROVIDE (__init_array_start = .)
 *(SORT_BY_NAME(.init_array.*))
 *(.init_array*)
 .init_array    0x080107d0        0x4 /usr/lib/gcc/arm-none-eabi/13.2.1/thumb/v7e-m+dp/hard/crtbegin.o
                0x080107d4                        PROVIDE (__init_array_end = .)
                0x080107d4                        . = ALIGN (0x4)

.fini_array     0x080107d4        0x4
                0x080107d4                        . = ALIGN (0x4)
                0x080107d4                        PROVIDE (__fini_array_start = .)
 *(SORT_BY_NAME(.fini_array.*))
 *(.fini_array*)
 .fini_array    0x080107d4        0x4 /usr/lib/gcc/arm-none-eabi/13.2.1/thumb/v7e-m+dp/hard/crtbegin.o
                0x080107d8                        PROVIDE (__fini_array_end = .)
                0x080107d8                        . = ALIGN (0x4)
                0x080107d8                        _sidata = LOADADDR (.data)

.data           0x20000000      0x564 load address 0x080107d8
                0x20000000                        . = ALIGN (0x4)
                0x20000000                        _sdata = .
 *(.data)
 .data          0x20000000       0x50 /usr/lib/gcc/arm-none-eabi/13.2.1/../../../arm-none-eabi/lib/thumb/v7e-m+dp/hard/libc_nano.a(libc_a-impure.o)
                0x20000000                _impure_ptr
                0x20000004                _impure_data
 *(.data*)
 .data.label_layer
                0x20000050       0x34 network.o
 .data.__compound_literal.41
                0x20000084       0x30 network.o
 .data.__compound_literal.39
                0x200000b4       0x30 network.o
 .data.__compound_literal.38
                0x200000e4        0x8 network.o
 .data.__compound_literal.37
                0x200000ec        0x4 network.o
 .data.label_output1
                0x200000f0       0x1c network.o
 .data.__compound_literal.36
                0x2000010c       0x10 network.o
 .data.__compound_literal.35
                0x2000011c       0x10 network.o
 .data.label_output0
                0x2000012c       0x1c network.o
 .data.__compound_literal.34
                0x20000148       0x10 network.o
 .data.__compound_literal.33
                0x20000158       0x10 network.o
 .data.label_nodes_values
                0x20000168       0x1c network.o
 .data.__compound_literal.32
                0x20000184       0x10 network.o
 .data.__compound_literal.31
                0x20000194       0x10 network.o
 .data.label_nodes_truenodeids
                0x200001a4       0x1c network.o
 .data.__compound_literal.30
                0x200001c0       0x10 network.o
 .data.__compound_literal.29
                0x200001d0       0x10 network.o
 .data.label_nodes_featureids
                0x200001e0       0x1c network.o
 .data.__compound_literal.28
                0x200001fc       0x10 network.o
 .data.__compound_literal.27
                0x2000020c       0x10 network.o
 .data.label_nodes_falsenodeids
                0x2000021c       0x1c network.o
 .data.__compound_literal.26
                0x20000238       0x10 network.o
 .data.__compound_literal.25
                0x20000248       0x10 network.o
 .data.label_nb_node_by_estimator
                0x20000258       0x1c network.o
 .data.__compound_literal.24
                0x20000274       0x10 network.o
 .data.__compound_literal.23
                0x20000284       0x10 network.o
 .data.label_nb_class_by_estimator
                0x20000294       0x1c network.o
 .data.__compound_literal.22
                0x200002b0       0x10 network.o
 .data.__compound_literal.21
                0x200002c0       0x10 network.o
 .data.label_classlabels_int64s
                0x200002d0       0x1c network.o
 .data.__compound_literal.20
                0x200002ec       0x10 network.o
 .data.__compound_literal.19
                0x200002fc       0x10 network.o
 .data.label_class_weights
                0x2000030c       0x1c network.o
 .data.__compound_literal.18
                0x20000328       0x10 network.o
 .data.__compound_literal.17
                0x20000338       0x10 network.o
 .data.label_class_nodeids
                0x20000348       0x1c network.o
 .data.__compound_literal.16
                0x20000364       0x10 network.o
 .data.__compound_literal.15
                0x20000374       0x10 network.o
 .data.label_class_ids
                0x20000384       0x1c network.o
 .data.__compound_literal.14
                0x200003a0       0x10 network.o
 .data.__compound_literal.13
                0x200003b0       0x10 network.o
 .data.label_branch_mode
                0x200003c0       0x1c network.o
 .data.__compound_literal.12
                0x200003dc       0x10 network.o
 .data.__compound_literal.11
                0x200003ec       0x10 network.o
 .data.label_base_values
                0x200003fc       0x1c network.o
 .data.__compound_literal.10
                0x20000418       0x10 network.o
 .data.__compound_literal.9
                0x20000428       0x10 network.o
 .data.float_input_output
                0x20000438       0x1c network.o
 .data.__compound_literal.8
                0x20000454       0x10 network.o
 .data.__compound_literal.7
                0x20000464       0x10 network.o
 .data.label_class_ids_array
                0x20000474       0x10 network.o
 .data.label_base_values_array
                0x20000484       0x10 network.o
 .data.label_classlabels_int64s_array
                0x20000494       0x10 network.o
 .data.label_nb_class_by_estimator_array
                0x200004a4       0x10 network.o
 .data.label_class_nodeids_array
                0x200004b4       0x10 network.o
 .data.label_nb_node_by_estimator_array
                0x200004c4       0x10 network.o
 .data.label_class_weights_array
                0x200004d4       0x10 network.o
 .data.label_nodes_falsenodeids_array
                0x200004e4       0x10 network.o
 .data.label_nodes_truenodeids_array
                0x200004f4       0x10 network.o
 .data.label_nodes_values_array
                0x20000504       0x10 network.o
 .data.label_nodes_featureids_array
                0x20000514       0x10 network.o
 .data.label_branch_mode_array
                0x20000524       0x10 network.o
 .data.label_output1_array
                0x20000534       0x10 network.o
 .data.label_output0_array
                0x20000544       0x10 network.o
 .data.float_input_output_array
                0x20000554       0x10 network.o
                0x20000564                        . = ALIGN (0x4)
                0x20000564                        _edata = .

.tm_clone_table
                0x20000564        0x0 load address 0x08010d3c
 .tm_clone_table
                0x20000564        0x0 /usr/lib/gcc/arm-none-eabi/13.2.1/thumb/v7e-m+dp/hard/crtbegin.o
 .tm_clone_table
                0x20000564        0x0 /usr/lib/gcc/arm-none-eabi/13.2.1/thumb/v7e-m+dp/hard/crtend.o

.igot.plt       0x20000564        0x0 load address 0x08010d3c
 .igot.plt      0x20000564        0x0 /usr/lib/gcc/arm-none-eabi/13.2.1/thumb/v7e-m+dp/hard/crtbegin.o
                0x20000564                        . = ALIGN (0x4)

.bss            0x20000568      0x3d8 load address 0x08010d3c
                0x20000568                        _sbss = .
                0x20000568                        __bss_start__ = _sbss
 *(.bss)
 .bss           0x20000568       0x1c /usr/lib/gcc/arm-none-eabi/13.2.1/thumb/v7e-m+dp/hard/crtbegin.o
 .bss           0x20000584      0x13c /usr/lib/gcc/arm-none-eabi/13.2.1/../../../arm-none-eabi/lib/thumb/v7e-m+dp/hard/libc_nano.a(libc_a-findfp.o)
                0x20000584                __sf
                0x200006bc                __stdio_exit_handler
 *(.bss*)
 .bss.__compound_literal.40
                0x200006c0        0x4 network.o
 .bss.m_acts    0x200006c4        0x4 stedgeai_app_main.o
 .bss.m_outputs
                0x200006c8        0x8 stedgeai_app_main.o
 .bss.m_inputs  0x200006d0        0x4 stedgeai_app_main.o
 .bss.activations_1
                0x200006d4      0x230 stedgeai_app_main.o
 *fill*         0x20000904        0x4 
 .bss.m_network
                0x20000908       0x38 stedgeai_app_main.o
                0x20000908                m_network
 *(COMMON)
                0x20000940                        . = ALIGN (0x4)
                0x20000940                        _ebss = .
                0x20000940                        __bss_end__ = _ebss

._user_heap_stack
                0x20000940     0x3000 load address 0x08010d3c
                0x20000940                        . = ALIGN (0x8)
                [!provide]                        PROVIDE (end = .)
                0x20000940                        PROVIDE (_end = .)
                0x20002940                        . = (. + _Min_Heap_Size)
 *fill*         0x20000940     0x2000 
                0x20003940                        . = (. + _Min_Stack_Size)
 *fill*         0x20002940     0x1000 
                0x20003940                        . = ALIGN (0x8)

/DISCARD/
 libc.a(*)
 libm.a(*)
 libgcc.a(*)

.ARM.attributes
                0x00000000       0x2e
 *(.ARM.attributes)
 .ARM.attributes
                0x00000000       0x20 /usr/lib/gcc/arm-none-eabi/13.2.1/thumb/v7e-m+dp/hard/crti.o
 .ARM.attributes
                0x00000020       0x32 /usr/lib/gcc/arm-none-eabi/13.2.1/thumb/v7e-m+dp/hard/crtbegin.o
 .ARM.attributes
                0x00000052       0x32 network.o
 .ARM.attributes
                0x00000084       0x21 startup_stm32xx.o
 .ARM.attributes
                0x000000a5       0x32 stedgeai_app_main.o
 .ARM.attributes
                0x000000d7       0x32 network_data.o
 .ARM.attributes
                0x00000109       0x2e /opt/ST/STEdgeAI/4.0/Middlewares/ST/AI/Lib/GCC/STM32H7/NetworkRuntime1200_CM7_GCC.a(layers_ml_treeensembleclassifier_float.o)
 .ARM.attributes
                0x00000137       0x2e /opt/ST/STEdgeAI/4.0/Middlewares/ST/AI/Lib/GCC/STM32H7/NetworkRuntime1200_CM7_GCC.a(layers_nl_generic_float.o)
 .ARM.attributes
                0x00000165       0x2e /opt/ST/STEdgeAI/4.0/Middlewares/ST/AI/Lib/GCC/STM32H7/NetworkRuntime1200_CM7_GCC.a(lite_nl_softmax_if32of32.o)
 .ARM.attributes
                0x00000193       0x32 /usr/lib/gcc/arm-none-eabi/13.2.1/../../../arm-none-eabi/lib/thumb/v7e-m+dp/hard/libc_nano.a(libc_a-init.o)
 .ARM.attributes
                0x000001c5       0x32 /usr/lib/gcc/arm-none-eabi/13.2.1/../../../arm-none-eabi/lib/thumb/v7e-m+dp/hard/libc_nano.a(libc_a-memset.o)
 .ARM.attributes
                0x000001f7       0x32 /usr/lib/gcc/arm-none-eabi/13.2.1/../../../arm-none-eabi/lib/thumb/v7e-m+dp/hard/libc_nano.a(libc_a-errno.o)
 .ARM.attributes
                0x00000229       0x32 /usr/lib/gcc/arm-none-eabi/13.2.1/../../../arm-none-eabi/lib/thumb/v7e-m+dp/hard/libc_nano.a(libc_a-impure.o)
 .ARM.attributes
                0x0000025b       0x32 /usr/lib/gcc/arm-none-eabi/13.2.1/../../../arm-none-eabi/lib/thumb/v7e-m+dp/hard/libc_nano.a(libc_a-findfp.o)
 .ARM.attributes
                0x0000028d       0x32 /usr/lib/gcc/arm-none-eabi/13.2.1/thumb/v7e-m+dp/hard/crtend.o
 .ARM.attributes
                0x000002bf       0x20 /usr/lib/gcc/arm-none-eabi/13.2.1/thumb/v7e-m+dp/hard/crtn.o
OUTPUT(network.elf elf32-littlearm)
LOAD linker stubs
LOAD /usr/lib/gcc/arm-none-eabi/13.2.1/../../../arm-none-eabi/lib/thumb/v7e-m+dp/hard/libc.a
LOAD /usr/lib/gcc/arm-none-eabi/13.2.1/../../../arm-none-eabi/lib/thumb/v7e-m+dp/hard/libm.a
LOAD /usr/lib/gcc/arm-none-eabi/13.2.1/thumb/v7e-m+dp/hard/libgcc.a

.comment        0x00000000       0x69
 .comment       0x00000000       0x69 /usr/lib/gcc/arm-none-eabi/13.2.1/thumb/v7e-m+dp/hard/crtbegin.o
                                 0x27 (size before relaxing)
 .comment       0x00000069       0x27 network.o
 .comment       0x00000069       0x27 stedgeai_app_main.o
 .comment       0x00000069       0x27 network_data.o
 .comment       0x00000069       0x44 /opt/ST/STEdgeAI/4.0/Middlewares/ST/AI/Lib/GCC/STM32H7/NetworkRuntime1200_CM7_GCC.a(layers_ml_treeensembleclassifier_float.o)
 .comment       0x00000069       0x44 /opt/ST/STEdgeAI/4.0/Middlewares/ST/AI/Lib/GCC/STM32H7/NetworkRuntime1200_CM7_GCC.a(layers_nl_generic_float.o)
 .comment       0x00000069       0x44 /opt/ST/STEdgeAI/4.0/Middlewares/ST/AI/Lib/GCC/STM32H7/NetworkRuntime1200_CM7_GCC.a(lite_nl_softmax_if32of32.o)
 .comment       0x00000069       0x27 /usr/lib/gcc/arm-none-eabi/13.2.1/../../../arm-none-eabi/lib/thumb/v7e-m+dp/hard/libc_nano.a(libc_a-init.o)
 .comment       0x00000069       0x27 /usr/lib/gcc/arm-none-eabi/13.2.1/../../../arm-none-eabi/lib/thumb/v7e-m+dp/hard/libc_nano.a(libc_a-memset.o)
 .comment       0x00000069       0x27 /usr/lib/gcc/arm-none-eabi/13.2.1/../../../arm-none-eabi/lib/thumb/v7e-m+dp/hard/libc_nano.a(libc_a-errno.o)
 .comment       0x00000069       0x27 /usr/lib/gcc/arm-none-eabi/13.2.1/../../../arm-none-eabi/lib/thumb/v7e-m+dp/hard/libc_nano.a(libc_a-impure.o)
 .comment       0x00000069       0x27 /usr/lib/gcc/arm-none-eabi/13.2.1/../../../arm-none-eabi/lib/thumb/v7e-m+dp/hard/libc_nano.a(libc_a-findfp.o)
 .comment       0x00000069       0x27 /usr/lib/gcc/arm-none-eabi/13.2.1/thumb/v7e-m+dp/hard/crtend.o

.debug_info     0x00000000     0x444b
 .debug_info    0x00000000     0x1f94 network.o
 .debug_info    0x00001f94       0x32 startup_stm32xx.o
 .debug_info    0x00001fc6      0x4fc stedgeai_app_main.o
 .debug_info    0x000024c2       0xc1 network_data.o
 .debug_info    0x00002583      0x10b /usr/lib/gcc/arm-none-eabi/13.2.1/../../../arm-none-eabi/lib/thumb/v7e-m+dp/hard/libc_nano.a(libc_a-init.o)
 .debug_info    0x0000268e      0x135 /usr/lib/gcc/arm-none-eabi/13.2.1/../../../arm-none-eabi/lib/thumb/v7e-m+dp/hard/libc_nano.a(libc_a-memset.o)
 .debug_info    0x000027c3      0x6f1 /usr/lib/gcc/arm-none-eabi/13.2.1/../../../arm-none-eabi/lib/thumb/v7e-m+dp/hard/libc_nano.a(libc_a-errno.o)
 .debug_info    0x00002eb4      0x70b /usr/lib/gcc/arm-none-eabi/13.2.1/../../../arm-none-eabi/lib/thumb/v7e-m+dp/hard/libc_nano.a(libc_a-impure.o)
 .debug_info    0x000035bf      0xe8c /usr/lib/gcc/arm-none-eabi/13.2.1/../../../arm-none-eabi/lib/thumb/v7e-m+dp/hard/libc_nano.a(libc_a-findfp.o)

.debug_abbrev   0x00000000      0xe1b
 .debug_abbrev  0x00000000      0x3ab network.o
 .debug_abbrev  0x000003ab       0x24 startup_stm32xx.o
 .debug_abbrev  0x000003cf      0x1a7 stedgeai_app_main.o
 .debug_abbrev  0x00000576       0x76 network_data.o
 .debug_abbrev  0x000005ec       0xc9 /usr/lib/gcc/arm-none-eabi/13.2.1/../../../arm-none-eabi/lib/thumb/v7e-m+dp/hard/libc_nano.a(libc_a-init.o)
 .debug_abbrev  0x000006b5       0xb7 /usr/lib/gcc/arm-none-eabi/13.2.1/../../../arm-none-eabi/lib/thumb/v7e-m+dp/hard/libc_nano.a(libc_a-memset.o)
 .debug_abbrev  0x0000076c      0x15e /usr/lib/gcc/arm-none-eabi/13.2.1/../../../arm-none-eabi/lib/thumb/v7e-m+dp/hard/libc_nano.a(libc_a-errno.o)
 .debug_abbrev  0x000008ca      0x149 /usr/lib/gcc/arm-none-eabi/13.2.1/../../../arm-none-eabi/lib/thumb/v7e-m+dp/hard/libc_nano.a(libc_a-impure.o)
 .debug_abbrev  0x00000a13      0x408 /usr/lib/gcc/arm-none-eabi/13.2.1/../../../arm-none-eabi/lib/thumb/v7e-m+dp/hard/libc_nano.a(libc_a-findfp.o)

.debug_loc      0x00000000     0x1345
 .debug_loc     0x00000000     0x1345 network.o

.debug_aranges  0x00000000      0x1c0
 .debug_aranges
                0x00000000       0xa8 network.o
 .debug_aranges
                0x000000a8       0x28 startup_stm32xx.o
 .debug_aranges
                0x000000d0       0x40 stedgeai_app_main.o
 .debug_aranges
                0x00000110       0x18 network_data.o
 .debug_aranges
                0x00000128       0x20 /usr/lib/gcc/arm-none-eabi/13.2.1/../../../arm-none-eabi/lib/thumb/v7e-m+dp/hard/libc_nano.a(libc_a-init.o)
 .debug_aranges
                0x00000148       0x20 /usr/lib/gcc/arm-none-eabi/13.2.1/../../../arm-none-eabi/lib/thumb/v7e-m+dp/hard/libc_nano.a(libc_a-memset.o)
 .debug_aranges
                0x00000168       0x20 /usr/lib/gcc/arm-none-eabi/13.2.1/../../../arm-none-eabi/lib/thumb/v7e-m+dp/hard/libc_nano.a(libc_a-errno.o)
 .debug_aranges
                0x00000188       0x18 /usr/lib/gcc/arm-none-eabi/13.2.1/../../../arm-none-eabi/lib/thumb/v7e-m+dp/hard/libc_nano.a(libc_a-impure.o)
 .debug_aranges
                0x000001a0       0x20 /usr/lib/gcc/arm-none-eabi/13.2.1/../../../arm-none-eabi/lib/thumb/v7e-m+dp/hard/libc_nano.a(libc_a-findfp.o)

.debug_ranges   0x00000000      0x158
 .debug_ranges  0x00000000      0x108 network.o
 .debug_ranges  0x00000108       0x20 startup_stm32xx.o
 .debug_ranges  0x00000128       0x30 stedgeai_app_main.o

.debug_macro    0x00000000     0x3ded
 .debug_macro   0x00000000      0x614 network.o
 .debug_macro   0x00000614      0xade network.o
 .debug_macro   0x000010f2      0x34e network.o
 .debug_macro   0x00001440      0x190 network.o
 .debug_macro   0x000015d0       0x22 network.o
 .debug_macro   0x000015f2       0x60 network.o
 .debug_macro   0x00001652       0x29 network.o
 .debug_macro   0x0000167b       0x94 network.o
 .debug_macro   0x0000170f       0x3c network.o
 .debug_macro   0x0000174b      0x103 network.o
 .debug_macro   0x0000184e       0x3a network.o
 .debug_macro   0x00001888       0x3c network.o
 .debug_macro   0x000018c4      0x379 network.o
 .debug_macro   0x00001c3d       0x46 network.o
 .debug_macro   0x00001c83       0x22 network.o
 .debug_macro   0x00001ca5      0x342 network.o
 .debug_macro   0x00001fe7       0x16 network.o
 .debug_macro   0x00001ffd       0x57 network.o
 .debug_macro   0x00002054      0x370 network.o
 .debug_macro   0x000023c4       0x16 network.o
 .debug_macro   0x000023da       0x4a network.o
 .debug_macro   0x00002424       0x34 network.o
 .debug_macro   0x00002458       0x10 network.o
 .debug_macro   0x00002468       0x52 network.o
 .debug_macro   0x000024ba      0x1de network.o
 .debug_macro   0x00002698       0x10 network.o
 .debug_macro   0x000026a8       0x22 network.o
 .debug_macro   0x000026ca       0x10 network.o
 .debug_macro   0x000026da       0xc0 network.o
 .debug_macro   0x0000279a      0x229 network.o
 .debug_macro   0x000029c3       0x2e network.o
 .debug_macro   0x000029f1       0xcf network.o
 .debug_macro   0x00002ac0      0x1ed network.o
 .debug_macro   0x00002cad       0x16 network.o
 .debug_macro   0x00002cc3       0x2e network.o
 .debug_macro   0x00002cf1       0xdc network.o
 .debug_macro   0x00002dcd       0x4d network.o
 .debug_macro   0x00002e1a       0x25 network.o
 .debug_macro   0x00002e3f       0x6d network.o
 .debug_macro   0x00002eac       0x16 network.o
 .debug_macro   0x00002ec2       0x7c network.o
 .debug_macro   0x00002f3e       0x22 network.o
 .debug_macro   0x00002f60       0x10 network.o
 .debug_macro   0x00002f70       0x10 network.o
 .debug_macro   0x00002f80       0x11 network.o
 .debug_macro   0x00002f91       0x2e network.o
 .debug_macro   0x00002fbf       0x2e network.o
 .debug_macro   0x00002fed      0x19b network.o
 .debug_macro   0x00003188      0x10c network.o
 .debug_macro   0x00003294      0x202 network.o
 .debug_macro   0x00003496       0x3a network.o
 .debug_macro   0x000034d0       0x16 network.o
 .debug_macro   0x000034e6      0x1ee network.o
 .debug_macro   0x000036d4       0x16 network.o
 .debug_macro   0x000036ea       0x10 network.o
 .debug_macro   0x000036fa      0x1b5 stedgeai_app_main.o
 .debug_macro   0x000038af       0x34 stedgeai_app_main.o
 .debug_macro   0x000038e3       0x16 stedgeai_app_main.o
 .debug_macro   0x000038f9       0x9e stedgeai_app_main.o
 .debug_macro   0x00003997      0x112 stedgeai_app_main.o
 .debug_macro   0x00003aa9       0x10 stedgeai_app_main.o
 .debug_macro   0x00003ab9       0x16 stedgeai_app_main.o
 .debug_macro   0x00003acf       0x16 stedgeai_app_main.o
 .debug_macro   0x00003ae5      0x170 stedgeai_app_main.o
 .debug_macro   0x00003c55       0x16 stedgeai_app_main.o
 .debug_macro   0x00003c6b       0x16 stedgeai_app_main.o
 .debug_macro   0x00003c81       0x29 stedgeai_app_main.o
 .debug_macro   0x00003caa       0x16 stedgeai_app_main.o
 .debug_macro   0x00003cc0       0x28 stedgeai_app_main.o
 .debug_macro   0x00003ce8       0xab stedgeai_app_main.o
 .debug_macro   0x00003d93       0x10 stedgeai_app_main.o
 .debug_macro   0x00003da3       0x4a network_data.o

.debug_line     0x00000000     0x263e
 .debug_line    0x00000000     0x16a3 network.o
 .debug_line    0x000016a3       0xb7 startup_stm32xx.o
 .debug_line    0x0000175a      0x3e4 stedgeai_app_main.o
 .debug_line    0x00001b3e      0x13d network_data.o
 .debug_line    0x00001c7b      0x11e /usr/lib/gcc/arm-none-eabi/13.2.1/../../../arm-none-eabi/lib/thumb/v7e-m+dp/hard/libc_nano.a(libc_a-init.o)
 .debug_line    0x00001d99      0x1b6 /usr/lib/gcc/arm-none-eabi/13.2.1/../../../arm-none-eabi/lib/thumb/v7e-m+dp/hard/libc_nano.a(libc_a-memset.o)
 .debug_line    0x00001f4f      0x10c /usr/lib/gcc/arm-none-eabi/13.2.1/../../../arm-none-eabi/lib/thumb/v7e-m+dp/hard/libc_nano.a(libc_a-errno.o)
 .debug_line    0x0000205b       0xe7 /usr/lib/gcc/arm-none-eabi/13.2.1/../../../arm-none-eabi/lib/thumb/v7e-m+dp/hard/libc_nano.a(libc_a-impure.o)
 .debug_line    0x00002142      0x4fc /usr/lib/gcc/arm-none-eabi/13.2.1/../../../arm-none-eabi/lib/thumb/v7e-m+dp/hard/libc_nano.a(libc_a-findfp.o)

.debug_str      0x00000000    0x15a01
 .debug_str     0x00000000    0x15a01 network.o
                              0x14e9c (size before relaxing)
 .debug_str     0x00015a01       0xea startup_stm32xx.o
 .debug_str     0x00015a01     0x88db stedgeai_app_main.o
 .debug_str     0x00015a01     0x42d8 network_data.o
 .debug_str     0x00015a01      0x1fd /usr/lib/gcc/arm-none-eabi/13.2.1/../../../arm-none-eabi/lib/thumb/v7e-m+dp/hard/libc_nano.a(libc_a-init.o)
 .debug_str     0x00015a01      0x1b0 /usr/lib/gcc/arm-none-eabi/13.2.1/../../../arm-none-eabi/lib/thumb/v7e-m+dp/hard/libc_nano.a(libc_a-memset.o)
 .debug_str     0x00015a01      0x4b9 /usr/lib/gcc/arm-none-eabi/13.2.1/../../../arm-none-eabi/lib/thumb/v7e-m+dp/hard/libc_nano.a(libc_a-errno.o)
 .debug_str     0x00015a01      0x4bf /usr/lib/gcc/arm-none-eabi/13.2.1/../../../arm-none-eabi/lib/thumb/v7e-m+dp/hard/libc_nano.a(libc_a-impure.o)
 .debug_str     0x00015a01      0x6c2 /usr/lib/gcc/arm-none-eabi/13.2.1/../../../arm-none-eabi/lib/thumb/v7e-m+dp/hard/libc_nano.a(libc_a-findfp.o)

.debug_frame    0x00000000      0x3cc
 .debug_frame   0x00000000      0x1e4 network.o
 .debug_frame   0x000001e4       0x7c stedgeai_app_main.o
 .debug_frame   0x00000260       0x2c /usr/lib/gcc/arm-none-eabi/13.2.1/../../../arm-none-eabi/lib/thumb/v7e-m+dp/hard/libc_nano.a(libc_a-init.o)
 .debug_frame   0x0000028c       0x2c /usr/lib/gcc/arm-none-eabi/13.2.1/../../../arm-none-eabi/lib/thumb/v7e-m+dp/hard/libc_nano.a(libc_a-memset.o)
 .debug_frame   0x000002b8       0x20 /usr/lib/gcc/arm-none-eabi/13.2.1/../../../arm-none-eabi/lib/thumb/v7e-m+dp/hard/libc_nano.a(libc_a-errno.o)
 .debug_frame   0x000002d8       0xf4 /usr/lib/gcc/arm-none-eabi/13.2.1/../../../arm-none-eabi/lib/thumb/v7e-m+dp/hard/libc_nano.a(libc_a-findfp.o)

.debug_loclists
                0x00000000      0x3f7
 .debug_loclists
                0x00000000       0x65 /usr/lib/gcc/arm-none-eabi/13.2.1/../../../arm-none-eabi/lib/thumb/v7e-m+dp/hard/libc_nano.a(libc_a-init.o)
 .debug_loclists
                0x00000065      0x1c2 /usr/lib/gcc/arm-none-eabi/13.2.1/../../../arm-none-eabi/lib/thumb/v7e-m+dp/hard/libc_nano.a(libc_a-memset.o)
 .debug_loclists
                0x00000227      0x1d0 /usr/lib/gcc/arm-none-eabi/13.2.1/../../../arm-none-eabi/lib/thumb/v7e-m+dp/hard/libc_nano.a(libc_a-findfp.o)

.debug_rnglists
                0x00000000       0x77
 .debug_rnglists
                0x00000000       0x77 /usr/lib/gcc/arm-none-eabi/13.2.1/../../../arm-none-eabi/lib/thumb/v7e-m+dp/hard/libc_nano.a(libc_a-findfp.o)

Cross Reference Table

Symbol                                            File
BusFault_Handler                                  startup_stm32xx.o
DebugMon_Handler                                  startup_stm32xx.o
Default_Handler                                   startup_stm32xx.o
HardFault_Handler                                 startup_stm32xx.o
MemManage_Handler                                 startup_stm32xx.o
NMI_Handler                                       startup_stm32xx.o
PendSV_Handler                                    startup_stm32xx.o
Reset_Handler                                     startup_stm32xx.o
SVC_Handler                                       startup_stm32xx.o
SysTick_Handler                                   startup_stm32xx.o
SystemInit                                        stedgeai_app_main.o
                                                  startup_stm32xx.o
UsageFault_Handler                                startup_stm32xx.o
_ITM_deregisterTMCloneTable                       /usr/lib/gcc/arm-none-eabi/13.2.1/thumb/v7e-m+dp/hard/crtbegin.o
_ITM_registerTMCloneTable                         /usr/lib/gcc/arm-none-eabi/13.2.1/thumb/v7e-m+dp/hard/crtbegin.o
_Min_Stack_Size                                   sysmem.o
__TMC_END__                                       /usr/lib/gcc/arm-none-eabi/13.2.1/thumb/v7e-m+dp/hard/crtend.o
                                                  /usr/lib/gcc/arm-none-eabi/13.2.1/thumb/v7e-m+dp/hard/crtbegin.o
__adddf3                                          /usr/lib/gcc/arm-none-eabi/13.2.1/thumb/v7e-m+dp/hard/libgcc.a(_arm_addsubdf3.o)
__aeabi_dadd                                      /usr/lib/gcc/arm-none-eabi/13.2.1/thumb/v7e-m+dp/hard/libgcc.a(_arm_addsubdf3.o)
__aeabi_drsub                                     /usr/lib/gcc/arm-none-eabi/13.2.1/thumb/v7e-m+dp/hard/libgcc.a(_arm_addsubdf3.o)
__aeabi_dsub                                      /usr/lib/gcc/arm-none-eabi/13.2.1/thumb/v7e-m+dp/hard/libgcc.a(_arm_addsubdf3.o)
__aeabi_f2d                                       /usr/lib/gcc/arm-none-eabi/13.2.1/thumb/v7e-m+dp/hard/libgcc.a(_arm_addsubdf3.o)
__aeabi_f2lz                                      /usr/lib/gcc/arm-none-eabi/13.2.1/thumb/v7e-m+dp/hard/libgcc.a(_fixsfdi.o)
                                                  /opt/ST/STEdgeAI/4.0/Middlewares/ST/AI/Lib/GCC/STM32H7/NetworkRuntime1200_CM7_GCC.a(st_align_factor.o)
__aeabi_f2ulz                                     /usr/lib/gcc/arm-none-eabi/13.2.1/thumb/v7e-m+dp/hard/libgcc.a(_fixunssfdi.o)
                                                  /usr/lib/gcc/arm-none-eabi/13.2.1/thumb/v7e-m+dp/hard/libgcc.a(_fixsfdi.o)
__aeabi_i2d                                       /usr/lib/gcc/arm-none-eabi/13.2.1/thumb/v7e-m+dp/hard/libgcc.a(_arm_addsubdf3.o)
__aeabi_l2d                                       /usr/lib/gcc/arm-none-eabi/13.2.1/thumb/v7e-m+dp/hard/libgcc.a(_arm_addsubdf3.o)
                                                  /usr/lib/gcc/arm-none-eabi/13.2.1/../../../arm-none-eabi/lib/thumb/v7e-m+dp/hard/libm.a(libm_a-cosf.o)
                                                  /usr/lib/gcc/arm-none-eabi/13.2.1/../../../arm-none-eabi/lib/thumb/v7e-m+dp/hard/libm.a(libm_a-sinf.o)
__aeabi_ui2d                                      /usr/lib/gcc/arm-none-eabi/13.2.1/thumb/v7e-m+dp/hard/libgcc.a(_arm_addsubdf3.o)
__aeabi_ul2d                                      /usr/lib/gcc/arm-none-eabi/13.2.1/thumb/v7e-m+dp/hard/libgcc.a(_arm_addsubdf3.o)
__atexit                                          /usr/lib/gcc/arm-none-eabi/13.2.1/../../../arm-none-eabi/lib/thumb/v7e-m+dp/hard/libc_nano.a(libc_a-__call_atexit.o)
                                                  /usr/lib/gcc/arm-none-eabi/13.2.1/../../../arm-none-eabi/lib/thumb/v7e-m+dp/hard/libc_nano.a(libc_a-__atexit.o)
__atexit0                                         /usr/lib/gcc/arm-none-eabi/13.2.1/../../../arm-none-eabi/lib/thumb/v7e-m+dp/hard/libc_nano.a(libc_a-__atexit.o)
__atexit_dummy                                    /usr/lib/gcc/arm-none-eabi/13.2.1/../../../arm-none-eabi/lib/thumb/v7e-m+dp/hard/libc_nano.a(libc_a-__atexit.o)
__bss_end__                                       /usr/lib/gcc/arm-none-eabi/13.2.1/../../../arm-none-eabi/lib/thumb/v7e-m+dp/hard/crt0.o
__bss_start__                                     /usr/lib/gcc/arm-none-eabi/13.2.1/../../../arm-none-eabi/lib/thumb/v7e-m+dp/hard/crt0.o
__call_exitprocs                                  /usr/lib/gcc/arm-none-eabi/13.2.1/../../../arm-none-eabi/lib/thumb/v7e-m+dp/hard/libc_nano.a(libc_a-__call_atexit.o)
                                                  /usr/lib/gcc/arm-none-eabi/13.2.1/../../../arm-none-eabi/lib/thumb/v7e-m+dp/hard/libc_nano.a(libc_a-__atexit.o)
                                                  /usr/lib/gcc/arm-none-eabi/13.2.1/../../../arm-none-eabi/lib/thumb/v7e-m+dp/hard/libc_nano.a(libc_a-exit.o)
__deregister_frame_info                           /usr/lib/gcc/arm-none-eabi/13.2.1/thumb/v7e-m+dp/hard/crtbegin.o
__dso_handle                                      /usr/lib/gcc/arm-none-eabi/13.2.1/thumb/v7e-m+dp/hard/crtbegin.o
__env                                             syscalls.o
__errno                                           /usr/lib/gcc/arm-none-eabi/13.2.1/../../../arm-none-eabi/lib/thumb/v7e-m+dp/hard/libc_nano.a(libc_a-errno.o)
                                                  /usr/lib/gcc/arm-none-eabi/13.2.1/../../../arm-none-eabi/lib/thumb/v7e-m+dp/hard/libm.a(libm_a-math_err.o)
                                                  /usr/lib/gcc/arm-none-eabi/13.2.1/../../../arm-none-eabi/lib/thumb/v7e-m+dp/hard/libm.a(libm_a-wf_asin.o)
                                                  /usr/lib/gcc/arm-none-eabi/13.2.1/../../../arm-none-eabi/lib/thumb/v7e-m+dp/hard/libm.a(libm_a-wf_atanh.o)
                                                  /usr/lib/gcc/arm-none-eabi/13.2.1/../../../arm-none-eabi/lib/thumb/v7e-m+dp/hard/libm.a(libm_a-wf_sinh.o)
                                                  /usr/lib/gcc/arm-none-eabi/13.2.1/../../../arm-none-eabi/lib/thumb/v7e-m+dp/hard/libm.a(libm_a-math_errf.o)
                                                  /usr/lib/gcc/arm-none-eabi/13.2.1/../../../arm-none-eabi/lib/thumb/v7e-m+dp/hard/libm.a(libm_a-wf_acosh.o)
                                                  /usr/lib/gcc/arm-none-eabi/13.2.1/../../../arm-none-eabi/lib/thumb/v7e-m+dp/hard/libm.a(libm_a-wf_cosh.o)
                                                  /usr/lib/gcc/arm-none-eabi/13.2.1/../../../arm-none-eabi/lib/thumb/v7e-m+dp/hard/libm.a(libm_a-wf_acos.o)
                                                  /usr/lib/gcc/arm-none-eabi/13.2.1/../../../arm-none-eabi/lib/thumb/v7e-m+dp/hard/libm.a(libm_a-wf_fmod.o)
                                                  sysmem.o
                                                  syscalls.o
__exp2f_data                                      /usr/lib/gcc/arm-none-eabi/13.2.1/../../../arm-none-eabi/lib/thumb/v7e-m+dp/hard/libm.a(libm_a-sf_exp2_data.o)
                                                  /usr/lib/gcc/arm-none-eabi/13.2.1/../../../arm-none-eabi/lib/thumb/v7e-m+dp/hard/libm.a(libm_a-sf_pow.o)
                                                  /usr/lib/gcc/arm-none-eabi/13.2.1/../../../arm-none-eabi/lib/thumb/v7e-m+dp/hard/libm.a(libm_a-sf_exp.o)
__extendsfdf2                                     /usr/lib/gcc/arm-none-eabi/13.2.1/thumb/v7e-m+dp/hard/libgcc.a(_arm_addsubdf3.o)
__fini_array_end                                  /usr/lib/gcc/arm-none-eabi/13.2.1/../../../arm-none-eabi/lib/thumb/v7e-m+dp/hard/libc_nano.a(libc_a-fini.o)
__fini_array_start                                /usr/lib/gcc/arm-none-eabi/13.2.1/../../../arm-none-eabi/lib/thumb/v7e-m+dp/hard/libc_nano.a(libc_a-fini.o)
__fixsfdi                                         /usr/lib/gcc/arm-none-eabi/13.2.1/thumb/v7e-m+dp/hard/libgcc.a(_fixsfdi.o)
__fixunssfdi                                      /usr/lib/gcc/arm-none-eabi/13.2.1/thumb/v7e-m+dp/hard/libgcc.a(_fixunssfdi.o)
__floatdidf                                       /usr/lib/gcc/arm-none-eabi/13.2.1/thumb/v7e-m+dp/hard/libgcc.a(_arm_addsubdf3.o)
__floatsidf                                       /usr/lib/gcc/arm-none-eabi/13.2.1/thumb/v7e-m+dp/hard/libgcc.a(_arm_addsubdf3.o)
__floatundidf                                     /usr/lib/gcc/arm-none-eabi/13.2.1/thumb/v7e-m+dp/hard/libgcc.a(_arm_addsubdf3.o)
__floatunsidf                                     /usr/lib/gcc/arm-none-eabi/13.2.1/thumb/v7e-m+dp/hard/libgcc.a(_arm_addsubdf3.o)
__fp_lock_all                                     /usr/lib/gcc/arm-none-eabi/13.2.1/../../../arm-none-eabi/lib/thumb/v7e-m+dp/hard/libc_nano.a(libc_a-findfp.o)
__fp_unlock_all                                   /usr/lib/gcc/arm-none-eabi/13.2.1/../../../arm-none-eabi/lib/thumb/v7e-m+dp/hard/libc_nano.a(libc_a-findfp.o)
__ieee754_acosf                                   /usr/lib/gcc/arm-none-eabi/13.2.1/../../../arm-none-eabi/lib/thumb/v7e-m+dp/hard/libm.a(libm_a-ef_acos.o)
                                                  /usr/lib/gcc/arm-none-eabi/13.2.1/../../../arm-none-eabi/lib/thumb/v7e-m+dp/hard/libm.a(libm_a-wf_acos.o)
__ieee754_acoshf                                  /usr/lib/gcc/arm-none-eabi/13.2.1/../../../arm-none-eabi/lib/thumb/v7e-m+dp/hard/libm.a(libm_a-ef_acosh.o)
                                                  /usr/lib/gcc/arm-none-eabi/13.2.1/../../../arm-none-eabi/lib/thumb/v7e-m+dp/hard/libm.a(libm_a-wf_acosh.o)
__ieee754_asinf                                   /usr/lib/gcc/arm-none-eabi/13.2.1/../../../arm-none-eabi/lib/thumb/v7e-m+dp/hard/libm.a(libm_a-ef_asin.o)
                                                  /usr/lib/gcc/arm-none-eabi/13.2.1/../../../arm-none-eabi/lib/thumb/v7e-m+dp/hard/libm.a(libm_a-wf_asin.o)
__ieee754_atanhf                                  /usr/lib/gcc/arm-none-eabi/13.2.1/../../../arm-none-eabi/lib/thumb/v7e-m+dp/hard/libm.a(libm_a-ef_atanh.o)
                                                  /usr/lib/gcc/arm-none-eabi/13.2.1/../../../arm-none-eabi/lib/thumb/v7e-m+dp/hard/libm.a(libm_a-wf_atanh.o)
__ieee754_coshf                                   /usr/lib/gcc/arm-none-eabi/13.2.1/../../../arm-none-eabi/lib/thumb/v7e-m+dp/hard/libm.a(libm_a-ef_cosh.o)
                                                  /usr/lib/gcc/arm-none-eabi/13.2.1/../../../arm-none-eabi/lib/thumb/v7e-m+dp/hard/libm.a(libm_a-wf_cosh.o)
__ieee754_fmodf                                   /usr/lib/gcc/arm-none-eabi/13.2.1/../../../arm-none-eabi/lib/thumb/v7e-m+dp/hard/libm.a(libm_a-ef_fmod.o)
                                                  /usr/lib/gcc/arm-none-eabi/13.2.1/../../../arm-none-eabi/lib/thumb/v7e-m+dp/hard/libm.a(libm_a-wf_fmod.o)
__ieee754_rem_pio2f                               /usr/lib/gcc/arm-none-eabi/13.2.1/../../../arm-none-eabi/lib/thumb/v7e-m+dp/hard/libm.a(libm_a-ef_rem_pio2.o)
                                                  /usr/lib/gcc/arm-none-eabi/13.2.1/../../../arm-none-eabi/lib/thumb/v7e-m+dp/hard/libm.a(libm_a-sf_tan.o)
__ieee754_sinhf                                   /usr/lib/gcc/arm-none-eabi/13.2.1/../../../arm-none-eabi/lib/thumb/v7e-m+dp/hard/libm.a(libm_a-ef_sinh.o)
                                                  /usr/lib/gcc/arm-none-eabi/13.2.1/../../../arm-none-eabi/lib/thumb/v7e-m+dp/hard/libm.a(libm_a-wf_sinh.o)
__ieee754_sqrtf                                   /usr/lib/gcc/arm-none-eabi/13.2.1/../../../arm-none-eabi/lib/thumb/v7e-m+dp/hard/libm.a(libm_a-ef_sqrt.o)
                                                  /usr/lib/gcc/arm-none-eabi/13.2.1/../../../arm-none-eabi/lib/thumb/v7e-m+dp/hard/libm.a(libm_a-ef_asin.o)
                                                  /usr/lib/gcc/arm-none-eabi/13.2.1/../../../arm-none-eabi/lib/thumb/v7e-m+dp/hard/libm.a(libm_a-sf_asinh.o)
                                                  /usr/lib/gcc/arm-none-eabi/13.2.1/../../../arm-none-eabi/lib/thumb/v7e-m+dp/hard/libm.a(libm_a-ef_acosh.o)
                                                  /usr/lib/gcc/arm-none-eabi/13.2.1/../../../arm-none-eabi/lib/thumb/v7e-m+dp/hard/libm.a(libm_a-ef_acos.o)
__init_array_end                                  /usr/lib/gcc/arm-none-eabi/13.2.1/../../../arm-none-eabi/lib/thumb/v7e-m+dp/hard/libc_nano.a(libc_a-init.o)
__init_array_start                                /usr/lib/gcc/arm-none-eabi/13.2.1/../../../arm-none-eabi/lib/thumb/v7e-m+dp/hard/libc_nano.a(libc_a-init.o)
__inv_pio4                                        /usr/lib/gcc/arm-none-eabi/13.2.1/../../../arm-none-eabi/lib/thumb/v7e-m+dp/hard/libm.a(libm_a-sincosf_data.o)
                                                  /usr/lib/gcc/arm-none-eabi/13.2.1/../../../arm-none-eabi/lib/thumb/v7e-m+dp/hard/libm.a(libm_a-cosf.o)
                                                  /usr/lib/gcc/arm-none-eabi/13.2.1/../../../arm-none-eabi/lib/thumb/v7e-m+dp/hard/libm.a(libm_a-sinf.o)
__io_getchar                                      syscalls.o
__io_putchar                                      syscalls.o
__kernel_rem_pio2f                                /usr/lib/gcc/arm-none-eabi/13.2.1/../../../arm-none-eabi/lib/thumb/v7e-m+dp/hard/libm.a(libm_a-kf_rem_pio2.o)
                                                  /usr/lib/gcc/arm-none-eabi/13.2.1/../../../arm-none-eabi/lib/thumb/v7e-m+dp/hard/libm.a(libm_a-ef_rem_pio2.o)
__kernel_tanf                                     /usr/lib/gcc/arm-none-eabi/13.2.1/../../../arm-none-eabi/lib/thumb/v7e-m+dp/hard/libm.a(libm_a-kf_tan.o)
                                                  /usr/lib/gcc/arm-none-eabi/13.2.1/../../../arm-none-eabi/lib/thumb/v7e-m+dp/hard/libm.a(libm_a-sf_tan.o)
__libc_fini_array                                 /usr/lib/gcc/arm-none-eabi/13.2.1/../../../arm-none-eabi/lib/thumb/v7e-m+dp/hard/libc_nano.a(libc_a-fini.o)
                                                  /usr/lib/gcc/arm-none-eabi/13.2.1/../../../arm-none-eabi/lib/thumb/v7e-m+dp/hard/crt0.o
__libc_init_array                                 /usr/lib/gcc/arm-none-eabi/13.2.1/../../../arm-none-eabi/lib/thumb/v7e-m+dp/hard/libc_nano.a(libc_a-init.o)
                                                  startup_stm32xx.o
                                                  /usr/lib/gcc/arm-none-eabi/13.2.1/../../../arm-none-eabi/lib/thumb/v7e-m+dp/hard/crt0.o
__logf_data                                       /usr/lib/gcc/arm-none-eabi/13.2.1/../../../arm-none-eabi/lib/thumb/v7e-m+dp/hard/libm.a(libm_a-sf_log_data.o)
                                                  /usr/lib/gcc/arm-none-eabi/13.2.1/../../../arm-none-eabi/lib/thumb/v7e-m+dp/hard/libm.a(libm_a-sf_log.o)
__malloc_free_list                                /usr/lib/gcc/arm-none-eabi/13.2.1/../../../arm-none-eabi/lib/thumb/v7e-m+dp/hard/libc_nano.a(libc_a-mallocr.o)
                                                  /usr/lib/gcc/arm-none-eabi/13.2.1/../../../arm-none-eabi/lib/thumb/v7e-m+dp/hard/libc_nano.a(libc_a-freer.o)
__malloc_lock                                     /usr/lib/gcc/arm-none-eabi/13.2.1/../../../arm-none-eabi/lib/thumb/v7e-m+dp/hard/libc_nano.a(libc_a-mlock.o)
                                                  /usr/lib/gcc/arm-none-eabi/13.2.1/../../../arm-none-eabi/lib/thumb/v7e-m+dp/hard/libc_nano.a(libc_a-freer.o)
                                                  /usr/lib/gcc/arm-none-eabi/13.2.1/../../../arm-none-eabi/lib/thumb/v7e-m+dp/hard/libc_nano.a(libc_a-mallocr.o)
__malloc_sbrk_start                               /usr/lib/gcc/arm-none-eabi/13.2.1/../../../arm-none-eabi/lib/thumb/v7e-m+dp/hard/libc_nano.a(libc_a-mallocr.o)
__malloc_unlock                                   /usr/lib/gcc/arm-none-eabi/13.2.1/../../../arm-none-eabi/lib/thumb/v7e-m+dp/hard/libc_nano.a(libc_a-mlock.o)
                                                  /usr/lib/gcc/arm-none-eabi/13.2.1/../../../arm-none-eabi/lib/thumb/v7e-m+dp/hard/libc_nano.a(libc_a-freer.o)
                                                  /usr/lib/gcc/arm-none-eabi/13.2.1/../../../arm-none-eabi/lib/thumb/v7e-m+dp/hard/libc_nano.a(libc_a-mallocr.o)
__math_check_oflow                                /usr/lib/gcc/arm-none-eabi/13.2.1/../../../arm-none-eabi/lib/thumb/v7e-m+dp/hard/libm.a(libm_a-math_err.o)
__math_check_uflow                                /usr/lib/gcc/arm-none-eabi/13.2.1/../../../arm-none-eabi/lib/thumb/v7e-m+dp/hard/libm.a(libm_a-math_err.o)
__math_divzero                                    /usr/lib/gcc/arm-none-eabi/13.2.1/../../../arm-none-eabi/lib/thumb/v7e-m+dp/hard/libm.a(libm_a-math_err.o)
__math_divzerof                                   /usr/lib/gcc/arm-none-eabi/13.2.1/../../../arm-none-eabi/lib/thumb/v7e-m+dp/hard/libm.a(libm_a-math_errf.o)
                                                  /usr/lib/gcc/arm-none-eabi/13.2.1/../../../arm-none-eabi/lib/thumb/v7e-m+dp/hard/libm.a(libm_a-sf_log1p.o)
                                                  /usr/lib/gcc/arm-none-eabi/13.2.1/../../../arm-none-eabi/lib/thumb/v7e-m+dp/hard/libm.a(libm_a-sf_log.o)
                                                  /usr/lib/gcc/arm-none-eabi/13.2.1/../../../arm-none-eabi/lib/thumb/v7e-m+dp/hard/libm.a(libm_a-sf_pow.o)
__math_invalid                                    /usr/lib/gcc/arm-none-eabi/13.2.1/../../../arm-none-eabi/lib/thumb/v7e-m+dp/hard/libm.a(libm_a-math_err.o)
__math_invalidf                                   /usr/lib/gcc/arm-none-eabi/13.2.1/../../../arm-none-eabi/lib/thumb/v7e-m+dp/hard/libm.a(libm_a-math_errf.o)
                                                  /usr/lib/gcc/arm-none-eabi/13.2.1/../../../arm-none-eabi/lib/thumb/v7e-m+dp/hard/libm.a(libm_a-sf_log1p.o)
                                                  /usr/lib/gcc/arm-none-eabi/13.2.1/../../../arm-none-eabi/lib/thumb/v7e-m+dp/hard/libm.a(libm_a-sf_log.o)
                                                  /usr/lib/gcc/arm-none-eabi/13.2.1/../../../arm-none-eabi/lib/thumb/v7e-m+dp/hard/libm.a(libm_a-cosf.o)
                                                  /usr/lib/gcc/arm-none-eabi/13.2.1/../../../arm-none-eabi/lib/thumb/v7e-m+dp/hard/libm.a(libm_a-sf_pow.o)
                                                  /usr/lib/gcc/arm-none-eabi/13.2.1/../../../arm-none-eabi/lib/thumb/v7e-m+dp/hard/libm.a(libm_a-sinf.o)
__math_may_uflow                                  /usr/lib/gcc/arm-none-eabi/13.2.1/../../../arm-none-eabi/lib/thumb/v7e-m+dp/hard/libm.a(libm_a-math_err.o)
__math_may_uflowf                                 /usr/lib/gcc/arm-none-eabi/13.2.1/../../../arm-none-eabi/lib/thumb/v7e-m+dp/hard/libm.a(libm_a-math_errf.o)
                                                  /usr/lib/gcc/arm-none-eabi/13.2.1/../../../arm-none-eabi/lib/thumb/v7e-m+dp/hard/libm.a(libm_a-sf_pow.o)
                                                  /usr/lib/gcc/arm-none-eabi/13.2.1/../../../arm-none-eabi/lib/thumb/v7e-m+dp/hard/libm.a(libm_a-sf_exp.o)
__math_oflow                                      /usr/lib/gcc/arm-none-eabi/13.2.1/../../../arm-none-eabi/lib/thumb/v7e-m+dp/hard/libm.a(libm_a-math_err.o)
__math_oflowf                                     /usr/lib/gcc/arm-none-eabi/13.2.1/../../../arm-none-eabi/lib/thumb/v7e-m+dp/hard/libm.a(libm_a-math_errf.o)
                                                  /usr/lib/gcc/arm-none-eabi/13.2.1/../../../arm-none-eabi/lib/thumb/v7e-m+dp/hard/libm.a(libm_a-ef_cosh.o)
                                                  /usr/lib/gcc/arm-none-eabi/13.2.1/../../../arm-none-eabi/lib/thumb/v7e-m+dp/hard/libm.a(libm_a-sf_expm1.o)
                                                  /usr/lib/gcc/arm-none-eabi/13.2.1/../../../arm-none-eabi/lib/thumb/v7e-m+dp/hard/libm.a(libm_a-sf_pow.o)
                                                  /usr/lib/gcc/arm-none-eabi/13.2.1/../../../arm-none-eabi/lib/thumb/v7e-m+dp/hard/libm.a(libm_a-sf_exp.o)
__math_uflow                                      /usr/lib/gcc/arm-none-eabi/13.2.1/../../../arm-none-eabi/lib/thumb/v7e-m+dp/hard/libm.a(libm_a-math_err.o)
                                                  /usr/lib/gcc/arm-none-eabi/13.2.1/../../../arm-none-eabi/lib/thumb/v7e-m+dp/hard/libm.a(libm_a-sf_erf.o)
__math_uflowf                                     /usr/lib/gcc/arm-none-eabi/13.2.1/../../../arm-none-eabi/lib/thumb/v7e-m+dp/hard/libm.a(libm_a-math_errf.o)
                                                  /usr/lib/gcc/arm-none-eabi/13.2.1/../../../arm-none-eabi/lib/thumb/v7e-m+dp/hard/libm.a(libm_a-sf_pow.o)
                                                  /usr/lib/gcc/arm-none-eabi/13.2.1/../../../arm-none-eabi/lib/thumb/v7e-m+dp/hard/libm.a(libm_a-sf_exp.o)
__on_exit_args                                    /usr/lib/gcc/arm-none-eabi/13.2.1/../../../arm-none-eabi/lib/thumb/v7e-m+dp/hard/libc_nano.a(libc_a-__atexit.o)
__powf_log2_data                                  /usr/lib/gcc/arm-none-eabi/13.2.1/../../../arm-none-eabi/lib/thumb/v7e-m+dp/hard/libm.a(libm_a-sf_pow_log2_data.o)
                                                  /usr/lib/gcc/arm-none-eabi/13.2.1/../../../arm-none-eabi/lib/thumb/v7e-m+dp/hard/libm.a(libm_a-sf_pow.o)
__preinit_array_end                               /usr/lib/gcc/arm-none-eabi/13.2.1/../../../arm-none-eabi/lib/thumb/v7e-m+dp/hard/libc_nano.a(libc_a-init.o)
__preinit_array_start                             /usr/lib/gcc/arm-none-eabi/13.2.1/../../../arm-none-eabi/lib/thumb/v7e-m+dp/hard/libc_nano.a(libc_a-init.o)
__register_exitproc                               /usr/lib/gcc/arm-none-eabi/13.2.1/../../../arm-none-eabi/lib/thumb/v7e-m+dp/hard/libc_nano.a(libc_a-__atexit.o)
                                                  /usr/lib/gcc/arm-none-eabi/13.2.1/../../../arm-none-eabi/lib/thumb/v7e-m+dp/hard/libc_nano.a(libc_a-atexit.o)
__register_frame_info                             /usr/lib/gcc/arm-none-eabi/13.2.1/thumb/v7e-m+dp/hard/crtbegin.o
__sclose                                          /usr/lib/gcc/arm-none-eabi/13.2.1/../../../arm-none-eabi/lib/thumb/v7e-m+dp/hard/libc_nano.a(libc_a-stdio.o)
                                                  /usr/lib/gcc/arm-none-eabi/13.2.1/../../../arm-none-eabi/lib/thumb/v7e-m+dp/hard/libc_nano.a(libc_a-findfp.o)
__seofread                                        /usr/lib/gcc/arm-none-eabi/13.2.1/../../../arm-none-eabi/lib/thumb/v7e-m+dp/hard/libc_nano.a(libc_a-stdio.o)
__sf                                              /usr/lib/gcc/arm-none-eabi/13.2.1/../../../arm-none-eabi/lib/thumb/v7e-m+dp/hard/libc_nano.a(libc_a-findfp.o)
                                                  /usr/lib/gcc/arm-none-eabi/13.2.1/../../../arm-none-eabi/lib/thumb/v7e-m+dp/hard/libc_nano.a(libc_a-impure.o)
__sflush_r                                        /usr/lib/gcc/arm-none-eabi/13.2.1/../../../arm-none-eabi/lib/thumb/v7e-m+dp/hard/libc_nano.a(libc_a-fflush.o)
__sfp                                             /usr/lib/gcc/arm-none-eabi/13.2.1/../../../arm-none-eabi/lib/thumb/v7e-m+dp/hard/libc_nano.a(libc_a-findfp.o)
__sfp_lock_acquire                                /usr/lib/gcc/arm-none-eabi/13.2.1/../../../arm-none-eabi/lib/thumb/v7e-m+dp/hard/libc_nano.a(libc_a-findfp.o)
__sfp_lock_release                                /usr/lib/gcc/arm-none-eabi/13.2.1/../../../arm-none-eabi/lib/thumb/v7e-m+dp/hard/libc_nano.a(libc_a-findfp.o)
__sglue                                           /usr/lib/gcc/arm-none-eabi/13.2.1/../../../arm-none-eabi/lib/thumb/v7e-m+dp/hard/libc_nano.a(libc_a-findfp.o)
                                                  /usr/lib/gcc/arm-none-eabi/13.2.1/../../../arm-none-eabi/lib/thumb/v7e-m+dp/hard/libc_nano.a(libc_a-fflush.o)
__sincosf_table                                   /usr/lib/gcc/arm-none-eabi/13.2.1/../../../arm-none-eabi/lib/thumb/v7e-m+dp/hard/libm.a(libm_a-sincosf_data.o)
                                                  /usr/lib/gcc/arm-none-eabi/13.2.1/../../../arm-none-eabi/lib/thumb/v7e-m+dp/hard/libm.a(libm_a-cosf.o)
                                                  /usr/lib/gcc/arm-none-eabi/13.2.1/../../../arm-none-eabi/lib/thumb/v7e-m+dp/hard/libm.a(libm_a-sinf.o)
__sinit                                           /usr/lib/gcc/arm-none-eabi/13.2.1/../../../arm-none-eabi/lib/thumb/v7e-m+dp/hard/libc_nano.a(libc_a-findfp.o)
                                                  /usr/lib/gcc/arm-none-eabi/13.2.1/../../../arm-none-eabi/lib/thumb/v7e-m+dp/hard/libc_nano.a(libc_a-fflush.o)
__sread                                           /usr/lib/gcc/arm-none-eabi/13.2.1/../../../arm-none-eabi/lib/thumb/v7e-m+dp/hard/libc_nano.a(libc_a-stdio.o)
                                                  /usr/lib/gcc/arm-none-eabi/13.2.1/../../../arm-none-eabi/lib/thumb/v7e-m+dp/hard/libc_nano.a(libc_a-findfp.o)
__sseek                                           /usr/lib/gcc/arm-none-eabi/13.2.1/../../../arm-none-eabi/lib/thumb/v7e-m+dp/hard/libc_nano.a(libc_a-stdio.o)
                                                  /usr/lib/gcc/arm-none-eabi/13.2.1/../../../arm-none-eabi/lib/thumb/v7e-m+dp/hard/libc_nano.a(libc_a-findfp.o)
__stack                                           /usr/lib/gcc/arm-none-eabi/13.2.1/../../../arm-none-eabi/lib/thumb/v7e-m+dp/hard/crt0.o
__stdio_exit_handler                              /usr/lib/gcc/arm-none-eabi/13.2.1/../../../arm-none-eabi/lib/thumb/v7e-m+dp/hard/libc_nano.a(libc_a-findfp.o)
                                                  /usr/lib/gcc/arm-none-eabi/13.2.1/../../../arm-none-eabi/lib/thumb/v7e-m+dp/hard/libc_nano.a(libc_a-exit.o)
__subdf3                                          /usr/lib/gcc/arm-none-eabi/13.2.1/thumb/v7e-m+dp/hard/libgcc.a(_arm_addsubdf3.o)
__swrite                                          /usr/lib/gcc/arm-none-eabi/13.2.1/../../../arm-none-eabi/lib/thumb/v7e-m+dp/hard/libc_nano.a(libc_a-stdio.o)
                                                  /usr/lib/gcc/arm-none-eabi/13.2.1/../../../arm-none-eabi/lib/thumb/v7e-m+dp/hard/libc_nano.a(libc_a-findfp.o)
_close                                            syscalls.o
                                                  /usr/lib/gcc/arm-none-eabi/13.2.1/../../../arm-none-eabi/lib/thumb/v7e-m+dp/hard/libc_nano.a(libc_a-closer.o)
_close_r                                          /usr/lib/gcc/arm-none-eabi/13.2.1/../../../arm-none-eabi/lib/thumb/v7e-m+dp/hard/libc_nano.a(libc_a-closer.o)
                                                  /usr/lib/gcc/arm-none-eabi/13.2.1/../../../arm-none-eabi/lib/thumb/v7e-m+dp/hard/libc_nano.a(libc_a-stdio.o)
_ebss                                             startup_stm32xx.o
_edata                                            startup_stm32xx.o
_end                                              sysmem.o
_estack                                           sysmem.o
                                                  startup_stm32xx.o
_execve                                           syscalls.o
_exit                                             syscalls.o
                                                  /usr/lib/gcc/arm-none-eabi/13.2.1/../../../arm-none-eabi/lib/thumb/v7e-m+dp/hard/libc_nano.a(libc_a-exit.o)
_fflush_r                                         /usr/lib/gcc/arm-none-eabi/13.2.1/../../../arm-none-eabi/lib/thumb/v7e-m+dp/hard/libc_nano.a(libc_a-fflush.o)
                                                  /usr/lib/gcc/arm-none-eabi/13.2.1/../../../arm-none-eabi/lib/thumb/v7e-m+dp/hard/libc_nano.a(libc_a-findfp.o)
_fini                                             /usr/lib/gcc/arm-none-eabi/13.2.1/thumb/v7e-m+dp/hard/crti.o
                                                  /usr/lib/gcc/arm-none-eabi/13.2.1/../../../arm-none-eabi/lib/thumb/v7e-m+dp/hard/libc_nano.a(libc_a-fini.o)
_fork                                             syscalls.o
_free_r                                           /usr/lib/gcc/arm-none-eabi/13.2.1/../../../arm-none-eabi/lib/thumb/v7e-m+dp/hard/libc_nano.a(libc_a-freer.o)
                                                  /usr/lib/gcc/arm-none-eabi/13.2.1/../../../arm-none-eabi/lib/thumb/v7e-m+dp/hard/libc_nano.a(libc_a-reent.o)
                                                  /usr/lib/gcc/arm-none-eabi/13.2.1/../../../arm-none-eabi/lib/thumb/v7e-m+dp/hard/libc_nano.a(libc_a-fflush.o)
_fstat                                            syscalls.o
_fwalk_sglue                                      /usr/lib/gcc/arm-none-eabi/13.2.1/../../../arm-none-eabi/lib/thumb/v7e-m+dp/hard/libc_nano.a(libc_a-fwalk.o)
                                                  /usr/lib/gcc/arm-none-eabi/13.2.1/../../../arm-none-eabi/lib/thumb/v7e-m+dp/hard/libc_nano.a(libc_a-fflush.o)
                                                  /usr/lib/gcc/arm-none-eabi/13.2.1/../../../arm-none-eabi/lib/thumb/v7e-m+dp/hard/libc_nano.a(libc_a-findfp.o)
_getpid                                           syscalls.o
_impure_data                                      /usr/lib/gcc/arm-none-eabi/13.2.1/../../../arm-none-eabi/lib/thumb/v7e-m+dp/hard/libc_nano.a(libc_a-impure.o)
                                                  /usr/lib/gcc/arm-none-eabi/13.2.1/../../../arm-none-eabi/lib/thumb/v7e-m+dp/hard/libc_nano.a(libc_a-fflush.o)
                                                  /usr/lib/gcc/arm-none-eabi/13.2.1/../../../arm-none-eabi/lib/thumb/v7e-m+dp/hard/libc_nano.a(libc_a-findfp.o)
_impure_ptr                                       /usr/lib/gcc/arm-none-eabi/13.2.1/../../../arm-none-eabi/lib/thumb/v7e-m+dp/hard/libc_nano.a(libc_a-impure.o)
                                                  /usr/lib/gcc/arm-none-eabi/13.2.1/../../../arm-none-eabi/lib/thumb/v7e-m+dp/hard/libc_nano.a(libc_a-reent.o)
                                                  /usr/lib/gcc/arm-none-eabi/13.2.1/../../../arm-none-eabi/lib/thumb/v7e-m+dp/hard/libc_nano.a(libc_a-fflush.o)
                                                  /usr/lib/gcc/arm-none-eabi/13.2.1/../../../arm-none-eabi/lib/thumb/v7e-m+dp/hard/libc_nano.a(libc_a-errno.o)
_init                                             /usr/lib/gcc/arm-none-eabi/13.2.1/thumb/v7e-m+dp/hard/crti.o
                                                  /usr/lib/gcc/arm-none-eabi/13.2.1/../../../arm-none-eabi/lib/thumb/v7e-m+dp/hard/libc_nano.a(libc_a-init.o)
_isatty                                           syscalls.o
_kill                                             syscalls.o
_link                                             syscalls.o
_lseek                                            syscalls.o
                                                  /usr/lib/gcc/arm-none-eabi/13.2.1/../../../arm-none-eabi/lib/thumb/v7e-m+dp/hard/libc_nano.a(libc_a-lseekr.o)
_lseek_r                                          /usr/lib/gcc/arm-none-eabi/13.2.1/../../../arm-none-eabi/lib/thumb/v7e-m+dp/hard/libc_nano.a(libc_a-lseekr.o)
                                                  /usr/lib/gcc/arm-none-eabi/13.2.1/../../../arm-none-eabi/lib/thumb/v7e-m+dp/hard/libc_nano.a(libc_a-stdio.o)
_mainCRTStartup                                   /usr/lib/gcc/arm-none-eabi/13.2.1/../../../arm-none-eabi/lib/thumb/v7e-m+dp/hard/crt0.o
_malloc_r                                         /usr/lib/gcc/arm-none-eabi/13.2.1/../../../arm-none-eabi/lib/thumb/v7e-m+dp/hard/libc_nano.a(libc_a-mallocr.o)
                                                  /usr/lib/gcc/arm-none-eabi/13.2.1/../../../arm-none-eabi/lib/thumb/v7e-m+dp/hard/libc_nano.a(libc_a-findfp.o)
_open                                             syscalls.o
_read                                             syscalls.o
                                                  /usr/lib/gcc/arm-none-eabi/13.2.1/../../../arm-none-eabi/lib/thumb/v7e-m+dp/hard/libc_nano.a(libc_a-readr.o)
_read_r                                           /usr/lib/gcc/arm-none-eabi/13.2.1/../../../arm-none-eabi/lib/thumb/v7e-m+dp/hard/libc_nano.a(libc_a-readr.o)
                                                  /usr/lib/gcc/arm-none-eabi/13.2.1/../../../arm-none-eabi/lib/thumb/v7e-m+dp/hard/libc_nano.a(libc_a-stdio.o)
_reclaim_reent                                    /usr/lib/gcc/arm-none-eabi/13.2.1/../../../arm-none-eabi/lib/thumb/v7e-m+dp/hard/libc_nano.a(libc_a-reent.o)
_sbrk                                             sysmem.o
                                                  /usr/lib/gcc/arm-none-eabi/13.2.1/../../../arm-none-eabi/lib/thumb/v7e-m+dp/hard/libc_nano.a(libc_a-sbrkr.o)
_sbrk_r                                           /usr/lib/gcc/arm-none-eabi/13.2.1/../../../arm-none-eabi/lib/thumb/v7e-m+dp/hard/libc_nano.a(libc_a-sbrkr.o)
                                                  /usr/lib/gcc/arm-none-eabi/13.2.1/../../../arm-none-eabi/lib/thumb/v7e-m+dp/hard/libc_nano.a(libc_a-mallocr.o)
_sbss                                             startup_stm32xx.o
_sdata                                            startup_stm32xx.o
_sidata                                           startup_stm32xx.o
_stack_init                                       /usr/lib/gcc/arm-none-eabi/13.2.1/../../../arm-none-eabi/lib/thumb/v7e-m+dp/hard/crt0.o
_start                                            /usr/lib/gcc/arm-none-eabi/13.2.1/../../../arm-none-eabi/lib/thumb/v7e-m+dp/hard/crt0.o
_stat                                             syscalls.o
_times                                            syscalls.o
_unlink                                           syscalls.o
_wait                                             syscalls.o
_write                                            syscalls.o
                                                  /usr/lib/gcc/arm-none-eabi/13.2.1/../../../arm-none-eabi/lib/thumb/v7e-m+dp/hard/libc_nano.a(libc_a-writer.o)
_write_r                                          /usr/lib/gcc/arm-none-eabi/13.2.1/../../../arm-none-eabi/lib/thumb/v7e-m+dp/hard/libc_nano.a(libc_a-writer.o)
                                                  /usr/lib/gcc/arm-none-eabi/13.2.1/../../../arm-none-eabi/lib/thumb/v7e-m+dp/hard/libc_nano.a(libc_a-stdio.o)
acosf                                             /usr/lib/gcc/arm-none-eabi/13.2.1/../../../arm-none-eabi/lib/thumb/v7e-m+dp/hard/libm.a(libm_a-wf_acos.o)
                                                  /opt/ST/STEdgeAI/4.0/Middlewares/ST/AI/Lib/GCC/STM32H7/NetworkRuntime1200_CM7_GCC.a(lite_nl_generic_float.o)
                                                  /opt/ST/STEdgeAI/4.0/Middlewares/ST/AI/Lib/GCC/STM32H7/NetworkRuntime1200_CM7_GCC.a(layers_nl_generic_float.o)
acoshf                                            /usr/lib/gcc/arm-none-eabi/13.2.1/../../../arm-none-eabi/lib/thumb/v7e-m+dp/hard/libm.a(libm_a-wf_acosh.o)
                                                  /opt/ST/STEdgeAI/4.0/Middlewares/ST/AI/Lib/GCC/STM32H7/NetworkRuntime1200_CM7_GCC.a(lite_nl_generic_float.o)
                                                  /opt/ST/STEdgeAI/4.0/Middlewares/ST/AI/Lib/GCC/STM32H7/NetworkRuntime1200_CM7_GCC.a(layers_nl_generic_float.o)
aiInit                                            stedgeai_app_main.o
aiRun                                             stedgeai_app_main.o
ai_and                                            /opt/ST/STEdgeAI/4.0/Middlewares/ST/AI/Lib/GCC/STM32H7/NetworkRuntime1200_CM7_GCC.a(ai_math_helpers.o)
ai_and_buffer                                     /opt/ST/STEdgeAI/4.0/Middlewares/ST/AI/Lib/GCC/STM32H7/NetworkRuntime1200_CM7_GCC.a(ai_math_helpers.o)
ai_atan2                                          /opt/ST/STEdgeAI/4.0/Middlewares/ST/AI/Lib/GCC/STM32H7/NetworkRuntime1200_CM7_GCC.a(ai_math_helpers.o)
ai_atan2_buffer                                   /opt/ST/STEdgeAI/4.0/Middlewares/ST/AI/Lib/GCC/STM32H7/NetworkRuntime1200_CM7_GCC.a(ai_math_helpers.o)
ai_bitshift_left                                  /opt/ST/STEdgeAI/4.0/Middlewares/ST/AI/Lib/GCC/STM32H7/NetworkRuntime1200_CM7_GCC.a(ai_math_helpers.o)
ai_bitshift_left_buffer                           /opt/ST/STEdgeAI/4.0/Middlewares/ST/AI/Lib/GCC/STM32H7/NetworkRuntime1200_CM7_GCC.a(ai_math_helpers.o)
ai_bitshift_left_buffer_u16                       /opt/ST/STEdgeAI/4.0/Middlewares/ST/AI/Lib/GCC/STM32H7/NetworkRuntime1200_CM7_GCC.a(ai_math_helpers.o)
ai_bitshift_left_buffer_u32                       /opt/ST/STEdgeAI/4.0/Middlewares/ST/AI/Lib/GCC/STM32H7/NetworkRuntime1200_CM7_GCC.a(ai_math_helpers.o)
ai_bitshift_left_buffer_u8                        /opt/ST/STEdgeAI/4.0/Middlewares/ST/AI/Lib/GCC/STM32H7/NetworkRuntime1200_CM7_GCC.a(ai_math_helpers.o)
ai_bitshift_left_u16                              /opt/ST/STEdgeAI/4.0/Middlewares/ST/AI/Lib/GCC/STM32H7/NetworkRuntime1200_CM7_GCC.a(ai_math_helpers.o)
ai_bitshift_left_u32                              /opt/ST/STEdgeAI/4.0/Middlewares/ST/AI/Lib/GCC/STM32H7/NetworkRuntime1200_CM7_GCC.a(ai_math_helpers.o)
ai_bitshift_left_u8                               /opt/ST/STEdgeAI/4.0/Middlewares/ST/AI/Lib/GCC/STM32H7/NetworkRuntime1200_CM7_GCC.a(ai_math_helpers.o)
ai_bitshift_right                                 /opt/ST/STEdgeAI/4.0/Middlewares/ST/AI/Lib/GCC/STM32H7/NetworkRuntime1200_CM7_GCC.a(ai_math_helpers.o)
ai_bitshift_right_buffer                          /opt/ST/STEdgeAI/4.0/Middlewares/ST/AI/Lib/GCC/STM32H7/NetworkRuntime1200_CM7_GCC.a(ai_math_helpers.o)
ai_bitshift_right_buffer_u16                      /opt/ST/STEdgeAI/4.0/Middlewares/ST/AI/Lib/GCC/STM32H7/NetworkRuntime1200_CM7_GCC.a(ai_math_helpers.o)
ai_bitshift_right_buffer_u32                      /opt/ST/STEdgeAI/4.0/Middlewares/ST/AI/Lib/GCC/STM32H7/NetworkRuntime1200_CM7_GCC.a(ai_math_helpers.o)
ai_bitshift_right_buffer_u8                       /opt/ST/STEdgeAI/4.0/Middlewares/ST/AI/Lib/GCC/STM32H7/NetworkRuntime1200_CM7_GCC.a(ai_math_helpers.o)
ai_bitshift_right_u16                             /opt/ST/STEdgeAI/4.0/Middlewares/ST/AI/Lib/GCC/STM32H7/NetworkRuntime1200_CM7_GCC.a(ai_math_helpers.o)
ai_bitshift_right_u32                             /opt/ST/STEdgeAI/4.0/Middlewares/ST/AI/Lib/GCC/STM32H7/NetworkRuntime1200_CM7_GCC.a(ai_math_helpers.o)
ai_bitshift_right_u8                              /opt/ST/STEdgeAI/4.0/Middlewares/ST/AI/Lib/GCC/STM32H7/NetworkRuntime1200_CM7_GCC.a(ai_math_helpers.o)
ai_div                                            /opt/ST/STEdgeAI/4.0/Middlewares/ST/AI/Lib/GCC/STM32H7/NetworkRuntime1200_CM7_GCC.a(ai_math_helpers.o)
ai_div_buffer                                     /opt/ST/STEdgeAI/4.0/Middlewares/ST/AI/Lib/GCC/STM32H7/NetworkRuntime1200_CM7_GCC.a(ai_math_helpers.o)
ai_div_buffer_INT8                                /opt/ST/STEdgeAI/4.0/Middlewares/ST/AI/Lib/GCC/STM32H7/NetworkRuntime1200_CM7_GCC.a(ai_math_helpers.o)
ai_div_buffer_UINT8                               /opt/ST/STEdgeAI/4.0/Middlewares/ST/AI/Lib/GCC/STM32H7/NetworkRuntime1200_CM7_GCC.a(ai_math_helpers.o)
ai_div_buffer_f32                                 /opt/ST/STEdgeAI/4.0/Middlewares/ST/AI/Lib/GCC/STM32H7/NetworkRuntime1200_CM7_GCC.a(ai_math_helpers.o)
ai_div_buffer_s16                                 /opt/ST/STEdgeAI/4.0/Middlewares/ST/AI/Lib/GCC/STM32H7/NetworkRuntime1200_CM7_GCC.a(ai_math_helpers.o)
ai_div_buffer_s32                                 /opt/ST/STEdgeAI/4.0/Middlewares/ST/AI/Lib/GCC/STM32H7/NetworkRuntime1200_CM7_GCC.a(ai_math_helpers.o)
ai_div_buffer_s8                                  /opt/ST/STEdgeAI/4.0/Middlewares/ST/AI/Lib/GCC/STM32H7/NetworkRuntime1200_CM7_GCC.a(ai_math_helpers.o)
ai_div_buffer_u16                                 /opt/ST/STEdgeAI/4.0/Middlewares/ST/AI/Lib/GCC/STM32H7/NetworkRuntime1200_CM7_GCC.a(ai_math_helpers.o)
ai_div_buffer_u32                                 /opt/ST/STEdgeAI/4.0/Middlewares/ST/AI/Lib/GCC/STM32H7/NetworkRuntime1200_CM7_GCC.a(ai_math_helpers.o)
ai_div_buffer_u8                                  /opt/ST/STEdgeAI/4.0/Middlewares/ST/AI/Lib/GCC/STM32H7/NetworkRuntime1200_CM7_GCC.a(ai_math_helpers.o)
ai_div_f32                                        /opt/ST/STEdgeAI/4.0/Middlewares/ST/AI/Lib/GCC/STM32H7/NetworkRuntime1200_CM7_GCC.a(ai_math_helpers.o)
ai_div_s16                                        /opt/ST/STEdgeAI/4.0/Middlewares/ST/AI/Lib/GCC/STM32H7/NetworkRuntime1200_CM7_GCC.a(ai_math_helpers.o)
ai_div_s32                                        /opt/ST/STEdgeAI/4.0/Middlewares/ST/AI/Lib/GCC/STM32H7/NetworkRuntime1200_CM7_GCC.a(ai_math_helpers.o)
ai_div_s8                                         /opt/ST/STEdgeAI/4.0/Middlewares/ST/AI/Lib/GCC/STM32H7/NetworkRuntime1200_CM7_GCC.a(ai_math_helpers.o)
ai_div_u16                                        /opt/ST/STEdgeAI/4.0/Middlewares/ST/AI/Lib/GCC/STM32H7/NetworkRuntime1200_CM7_GCC.a(ai_math_helpers.o)
ai_div_u32                                        /opt/ST/STEdgeAI/4.0/Middlewares/ST/AI/Lib/GCC/STM32H7/NetworkRuntime1200_CM7_GCC.a(ai_math_helpers.o)
ai_div_u8                                         /opt/ST/STEdgeAI/4.0/Middlewares/ST/AI/Lib/GCC/STM32H7/NetworkRuntime1200_CM7_GCC.a(ai_math_helpers.o)
ai_equal                                          /opt/ST/STEdgeAI/4.0/Middlewares/ST/AI/Lib/GCC/STM32H7/NetworkRuntime1200_CM7_GCC.a(ai_math_helpers.o)
ai_equal_buffer                                   /opt/ST/STEdgeAI/4.0/Middlewares/ST/AI/Lib/GCC/STM32H7/NetworkRuntime1200_CM7_GCC.a(ai_math_helpers.o)
ai_equal_buffer_f32                               /opt/ST/STEdgeAI/4.0/Middlewares/ST/AI/Lib/GCC/STM32H7/NetworkRuntime1200_CM7_GCC.a(ai_math_helpers.o)
ai_equal_buffer_s16                               /opt/ST/STEdgeAI/4.0/Middlewares/ST/AI/Lib/GCC/STM32H7/NetworkRuntime1200_CM7_GCC.a(ai_math_helpers.o)
ai_equal_buffer_s32                               /opt/ST/STEdgeAI/4.0/Middlewares/ST/AI/Lib/GCC/STM32H7/NetworkRuntime1200_CM7_GCC.a(ai_math_helpers.o)
ai_equal_buffer_s8                                /opt/ST/STEdgeAI/4.0/Middlewares/ST/AI/Lib/GCC/STM32H7/NetworkRuntime1200_CM7_GCC.a(ai_math_helpers.o)
ai_equal_buffer_u16                               /opt/ST/STEdgeAI/4.0/Middlewares/ST/AI/Lib/GCC/STM32H7/NetworkRuntime1200_CM7_GCC.a(ai_math_helpers.o)
ai_equal_buffer_u32                               /opt/ST/STEdgeAI/4.0/Middlewares/ST/AI/Lib/GCC/STM32H7/NetworkRuntime1200_CM7_GCC.a(ai_math_helpers.o)
ai_equal_buffer_u8                                /opt/ST/STEdgeAI/4.0/Middlewares/ST/AI/Lib/GCC/STM32H7/NetworkRuntime1200_CM7_GCC.a(ai_math_helpers.o)
ai_equal_f32                                      /opt/ST/STEdgeAI/4.0/Middlewares/ST/AI/Lib/GCC/STM32H7/NetworkRuntime1200_CM7_GCC.a(ai_math_helpers.o)
ai_equal_s16                                      /opt/ST/STEdgeAI/4.0/Middlewares/ST/AI/Lib/GCC/STM32H7/NetworkRuntime1200_CM7_GCC.a(ai_math_helpers.o)
ai_equal_s32                                      /opt/ST/STEdgeAI/4.0/Middlewares/ST/AI/Lib/GCC/STM32H7/NetworkRuntime1200_CM7_GCC.a(ai_math_helpers.o)
ai_equal_s8                                       /opt/ST/STEdgeAI/4.0/Middlewares/ST/AI/Lib/GCC/STM32H7/NetworkRuntime1200_CM7_GCC.a(ai_math_helpers.o)
ai_equal_u16                                      /opt/ST/STEdgeAI/4.0/Middlewares/ST/AI/Lib/GCC/STM32H7/NetworkRuntime1200_CM7_GCC.a(ai_math_helpers.o)
ai_equal_u32                                      /opt/ST/STEdgeAI/4.0/Middlewares/ST/AI/Lib/GCC/STM32H7/NetworkRuntime1200_CM7_GCC.a(ai_math_helpers.o)
ai_equal_u8                                       /opt/ST/STEdgeAI/4.0/Middlewares/ST/AI/Lib/GCC/STM32H7/NetworkRuntime1200_CM7_GCC.a(ai_math_helpers.o)
ai_floor_div                                      /opt/ST/STEdgeAI/4.0/Middlewares/ST/AI/Lib/GCC/STM32H7/NetworkRuntime1200_CM7_GCC.a(ai_math_helpers.o)
ai_floor_div_buffer                               /opt/ST/STEdgeAI/4.0/Middlewares/ST/AI/Lib/GCC/STM32H7/NetworkRuntime1200_CM7_GCC.a(ai_math_helpers.o)
ai_floor_mod                                      /opt/ST/STEdgeAI/4.0/Middlewares/ST/AI/Lib/GCC/STM32H7/NetworkRuntime1200_CM7_GCC.a(ai_math_helpers.o)
ai_floor_mod_buffer                               /opt/ST/STEdgeAI/4.0/Middlewares/ST/AI/Lib/GCC/STM32H7/NetworkRuntime1200_CM7_GCC.a(ai_math_helpers.o)
ai_greater                                        /opt/ST/STEdgeAI/4.0/Middlewares/ST/AI/Lib/GCC/STM32H7/NetworkRuntime1200_CM7_GCC.a(ai_math_helpers.o)
ai_greater_buffer                                 /opt/ST/STEdgeAI/4.0/Middlewares/ST/AI/Lib/GCC/STM32H7/NetworkRuntime1200_CM7_GCC.a(ai_math_helpers.o)
ai_greater_buffer_f32                             /opt/ST/STEdgeAI/4.0/Middlewares/ST/AI/Lib/GCC/STM32H7/NetworkRuntime1200_CM7_GCC.a(ai_math_helpers.o)
ai_greater_buffer_s16                             /opt/ST/STEdgeAI/4.0/Middlewares/ST/AI/Lib/GCC/STM32H7/NetworkRuntime1200_CM7_GCC.a(ai_math_helpers.o)
ai_greater_buffer_s32                             /opt/ST/STEdgeAI/4.0/Middlewares/ST/AI/Lib/GCC/STM32H7/NetworkRuntime1200_CM7_GCC.a(ai_math_helpers.o)
ai_greater_buffer_s8                              /opt/ST/STEdgeAI/4.0/Middlewares/ST/AI/Lib/GCC/STM32H7/NetworkRuntime1200_CM7_GCC.a(ai_math_helpers.o)
ai_greater_buffer_u16                             /opt/ST/STEdgeAI/4.0/Middlewares/ST/AI/Lib/GCC/STM32H7/NetworkRuntime1200_CM7_GCC.a(ai_math_helpers.o)
ai_greater_buffer_u32                             /opt/ST/STEdgeAI/4.0/Middlewares/ST/AI/Lib/GCC/STM32H7/NetworkRuntime1200_CM7_GCC.a(ai_math_helpers.o)
ai_greater_buffer_u8                              /opt/ST/STEdgeAI/4.0/Middlewares/ST/AI/Lib/GCC/STM32H7/NetworkRuntime1200_CM7_GCC.a(ai_math_helpers.o)
ai_greater_f32                                    /opt/ST/STEdgeAI/4.0/Middlewares/ST/AI/Lib/GCC/STM32H7/NetworkRuntime1200_CM7_GCC.a(ai_math_helpers.o)
ai_greater_or_equal                               /opt/ST/STEdgeAI/4.0/Middlewares/ST/AI/Lib/GCC/STM32H7/NetworkRuntime1200_CM7_GCC.a(ai_math_helpers.o)
ai_greater_or_equal_buffer                        /opt/ST/STEdgeAI/4.0/Middlewares/ST/AI/Lib/GCC/STM32H7/NetworkRuntime1200_CM7_GCC.a(ai_math_helpers.o)
ai_greater_or_equal_buffer_f32                    /opt/ST/STEdgeAI/4.0/Middlewares/ST/AI/Lib/GCC/STM32H7/NetworkRuntime1200_CM7_GCC.a(ai_math_helpers.o)
ai_greater_or_equal_buffer_s16                    /opt/ST/STEdgeAI/4.0/Middlewares/ST/AI/Lib/GCC/STM32H7/NetworkRuntime1200_CM7_GCC.a(ai_math_helpers.o)
ai_greater_or_equal_buffer_s32                    /opt/ST/STEdgeAI/4.0/Middlewares/ST/AI/Lib/GCC/STM32H7/NetworkRuntime1200_CM7_GCC.a(ai_math_helpers.o)
ai_greater_or_equal_buffer_s8                     /opt/ST/STEdgeAI/4.0/Middlewares/ST/AI/Lib/GCC/STM32H7/NetworkRuntime1200_CM7_GCC.a(ai_math_helpers.o)
ai_greater_or_equal_buffer_u16                    /opt/ST/STEdgeAI/4.0/Middlewares/ST/AI/Lib/GCC/STM32H7/NetworkRuntime1200_CM7_GCC.a(ai_math_helpers.o)
ai_greater_or_equal_buffer_u32                    /opt/ST/STEdgeAI/4.0/Middlewares/ST/AI/Lib/GCC/STM32H7/NetworkRuntime1200_CM7_GCC.a(ai_math_helpers.o)
ai_greater_or_equal_buffer_u8                     /opt/ST/STEdgeAI/4.0/Middlewares/ST/AI/Lib/GCC/STM32H7/NetworkRuntime1200_CM7_GCC.a(ai_math_helpers.o)
ai_greater_or_equal_f32                           /opt/ST/STEdgeAI/4.0/Middlewares/ST/AI/Lib/GCC/STM32H7/NetworkRuntime1200_CM7_GCC.a(ai_math_helpers.o)
ai_greater_or_equal_s16                           /opt/ST/STEdgeAI/4.0/Middlewares/ST/AI/Lib/GCC/STM32H7/NetworkRuntime1200_CM7_GCC.a(ai_math_helpers.o)
ai_greater_or_equal_s32                           /opt/ST/STEdgeAI/4.0/Middlewares/ST/AI/Lib/GCC/STM32H7/NetworkRuntime1200_CM7_GCC.a(ai_math_helpers.o)
ai_greater_or_equal_s8                            /opt/ST/STEdgeAI/4.0/Middlewares/ST/AI/Lib/GCC/STM32H7/NetworkRuntime1200_CM7_GCC.a(ai_math_helpers.o)
ai_greater_or_equal_u16                           /opt/ST/STEdgeAI/4.0/Middlewares/ST/AI/Lib/GCC/STM32H7/NetworkRuntime1200_CM7_GCC.a(ai_math_helpers.o)
ai_greater_or_equal_u32                           /opt/ST/STEdgeAI/4.0/Middlewares/ST/AI/Lib/GCC/STM32H7/NetworkRuntime1200_CM7_GCC.a(ai_math_helpers.o)
ai_greater_or_equal_u8                            /opt/ST/STEdgeAI/4.0/Middlewares/ST/AI/Lib/GCC/STM32H7/NetworkRuntime1200_CM7_GCC.a(ai_math_helpers.o)
ai_greater_s16                                    /opt/ST/STEdgeAI/4.0/Middlewares/ST/AI/Lib/GCC/STM32H7/NetworkRuntime1200_CM7_GCC.a(ai_math_helpers.o)
ai_greater_s32                                    /opt/ST/STEdgeAI/4.0/Middlewares/ST/AI/Lib/GCC/STM32H7/NetworkRuntime1200_CM7_GCC.a(ai_math_helpers.o)
ai_greater_s8                                     /opt/ST/STEdgeAI/4.0/Middlewares/ST/AI/Lib/GCC/STM32H7/NetworkRuntime1200_CM7_GCC.a(ai_math_helpers.o)
ai_greater_u16                                    /opt/ST/STEdgeAI/4.0/Middlewares/ST/AI/Lib/GCC/STM32H7/NetworkRuntime1200_CM7_GCC.a(ai_math_helpers.o)
ai_greater_u32                                    /opt/ST/STEdgeAI/4.0/Middlewares/ST/AI/Lib/GCC/STM32H7/NetworkRuntime1200_CM7_GCC.a(ai_math_helpers.o)
ai_greater_u8                                     /opt/ST/STEdgeAI/4.0/Middlewares/ST/AI/Lib/GCC/STM32H7/NetworkRuntime1200_CM7_GCC.a(ai_math_helpers.o)
ai_less                                           /opt/ST/STEdgeAI/4.0/Middlewares/ST/AI/Lib/GCC/STM32H7/NetworkRuntime1200_CM7_GCC.a(ai_math_helpers.o)
ai_less_buffer                                    /opt/ST/STEdgeAI/4.0/Middlewares/ST/AI/Lib/GCC/STM32H7/NetworkRuntime1200_CM7_GCC.a(ai_math_helpers.o)
ai_less_buffer_f32                                /opt/ST/STEdgeAI/4.0/Middlewares/ST/AI/Lib/GCC/STM32H7/NetworkRuntime1200_CM7_GCC.a(ai_math_helpers.o)
ai_less_buffer_s16                                /opt/ST/STEdgeAI/4.0/Middlewares/ST/AI/Lib/GCC/STM32H7/NetworkRuntime1200_CM7_GCC.a(ai_math_helpers.o)
ai_less_buffer_s32                                /opt/ST/STEdgeAI/4.0/Middlewares/ST/AI/Lib/GCC/STM32H7/NetworkRuntime1200_CM7_GCC.a(ai_math_helpers.o)
ai_less_buffer_s8                                 /opt/ST/STEdgeAI/4.0/Middlewares/ST/AI/Lib/GCC/STM32H7/NetworkRuntime1200_CM7_GCC.a(ai_math_helpers.o)
ai_less_buffer_u16                                /opt/ST/STEdgeAI/4.0/Middlewares/ST/AI/Lib/GCC/STM32H7/NetworkRuntime1200_CM7_GCC.a(ai_math_helpers.o)
ai_less_buffer_u32                                /opt/ST/STEdgeAI/4.0/Middlewares/ST/AI/Lib/GCC/STM32H7/NetworkRuntime1200_CM7_GCC.a(ai_math_helpers.o)
ai_less_buffer_u8                                 /opt/ST/STEdgeAI/4.0/Middlewares/ST/AI/Lib/GCC/STM32H7/NetworkRuntime1200_CM7_GCC.a(ai_math_helpers.o)
ai_less_f32                                       /opt/ST/STEdgeAI/4.0/Middlewares/ST/AI/Lib/GCC/STM32H7/NetworkRuntime1200_CM7_GCC.a(ai_math_helpers.o)
ai_less_or_equal                                  /opt/ST/STEdgeAI/4.0/Middlewares/ST/AI/Lib/GCC/STM32H7/NetworkRuntime1200_CM7_GCC.a(ai_math_helpers.o)
ai_less_or_equal_buffer                           /opt/ST/STEdgeAI/4.0/Middlewares/ST/AI/Lib/GCC/STM32H7/NetworkRuntime1200_CM7_GCC.a(ai_math_helpers.o)
ai_less_or_equal_buffer_f32                       /opt/ST/STEdgeAI/4.0/Middlewares/ST/AI/Lib/GCC/STM32H7/NetworkRuntime1200_CM7_GCC.a(ai_math_helpers.o)
ai_less_or_equal_buffer_s16                       /opt/ST/STEdgeAI/4.0/Middlewares/ST/AI/Lib/GCC/STM32H7/NetworkRuntime1200_CM7_GCC.a(ai_math_helpers.o)
ai_less_or_equal_buffer_s32                       /opt/ST/STEdgeAI/4.0/Middlewares/ST/AI/Lib/GCC/STM32H7/NetworkRuntime1200_CM7_GCC.a(ai_math_helpers.o)
ai_less_or_equal_buffer_s8                        /opt/ST/STEdgeAI/4.0/Middlewares/ST/AI/Lib/GCC/STM32H7/NetworkRuntime1200_CM7_GCC.a(ai_math_helpers.o)
ai_less_or_equal_buffer_u16                       /opt/ST/STEdgeAI/4.0/Middlewares/ST/AI/Lib/GCC/STM32H7/NetworkRuntime1200_CM7_GCC.a(ai_math_helpers.o)
ai_less_or_equal_buffer_u32                       /opt/ST/STEdgeAI/4.0/Middlewares/ST/AI/Lib/GCC/STM32H7/NetworkRuntime1200_CM7_GCC.a(ai_math_helpers.o)
ai_less_or_equal_buffer_u8                        /opt/ST/STEdgeAI/4.0/Middlewares/ST/AI/Lib/GCC/STM32H7/NetworkRuntime1200_CM7_GCC.a(ai_math_helpers.o)
ai_less_or_equal_f32                              /opt/ST/STEdgeAI/4.0/Middlewares/ST/AI/Lib/GCC/STM32H7/NetworkRuntime1200_CM7_GCC.a(ai_math_helpers.o)
ai_less_or_equal_s16                              /opt/ST/STEdgeAI/4.0/Middlewares/ST/AI/Lib/GCC/STM32H7/NetworkRuntime1200_CM7_GCC.a(ai_math_helpers.o)
ai_less_or_equal_s32                              /opt/ST/STEdgeAI/4.0/Middlewares/ST/AI/Lib/GCC/STM32H7/NetworkRuntime1200_CM7_GCC.a(ai_math_helpers.o)
ai_less_or_equal_s8                               /opt/ST/STEdgeAI/4.0/Middlewares/ST/AI/Lib/GCC/STM32H7/NetworkRuntime1200_CM7_GCC.a(ai_math_helpers.o)
ai_less_or_equal_u16                              /opt/ST/STEdgeAI/4.0/Middlewares/ST/AI/Lib/GCC/STM32H7/NetworkRuntime1200_CM7_GCC.a(ai_math_helpers.o)
ai_less_or_equal_u32                              /opt/ST/STEdgeAI/4.0/Middlewares/ST/AI/Lib/GCC/STM32H7/NetworkRuntime1200_CM7_GCC.a(ai_math_helpers.o)
ai_less_or_equal_u8                               /opt/ST/STEdgeAI/4.0/Middlewares/ST/AI/Lib/GCC/STM32H7/NetworkRuntime1200_CM7_GCC.a(ai_math_helpers.o)
ai_less_s16                                       /opt/ST/STEdgeAI/4.0/Middlewares/ST/AI/Lib/GCC/STM32H7/NetworkRuntime1200_CM7_GCC.a(ai_math_helpers.o)
ai_less_s32                                       /opt/ST/STEdgeAI/4.0/Middlewares/ST/AI/Lib/GCC/STM32H7/NetworkRuntime1200_CM7_GCC.a(ai_math_helpers.o)
ai_less_s8                                        /opt/ST/STEdgeAI/4.0/Middlewares/ST/AI/Lib/GCC/STM32H7/NetworkRuntime1200_CM7_GCC.a(ai_math_helpers.o)
ai_less_u16                                       /opt/ST/STEdgeAI/4.0/Middlewares/ST/AI/Lib/GCC/STM32H7/NetworkRuntime1200_CM7_GCC.a(ai_math_helpers.o)
ai_less_u32                                       /opt/ST/STEdgeAI/4.0/Middlewares/ST/AI/Lib/GCC/STM32H7/NetworkRuntime1200_CM7_GCC.a(ai_math_helpers.o)
ai_less_u8                                        /opt/ST/STEdgeAI/4.0/Middlewares/ST/AI/Lib/GCC/STM32H7/NetworkRuntime1200_CM7_GCC.a(ai_math_helpers.o)
ai_math_cosh                                      /opt/ST/STEdgeAI/4.0/Middlewares/ST/AI/Lib/GCC/STM32H7/NetworkRuntime1200_CM7_GCC.a(ai_math_helpers.o)
ai_math_elementwise_mul_int8                      /opt/ST/STEdgeAI/4.0/Middlewares/ST/AI/Lib/GCC/STM32H7/NetworkRuntime1200_CM7_GCC.a(ai_math_elementwise_mul_int8.o)
                                                  /opt/ST/STEdgeAI/4.0/Middlewares/ST/AI/Lib/GCC/STM32H7/NetworkRuntime1200_CM7_GCC.a(ai_math_helpers.o)
ai_math_elementwise_sum_int8                      /opt/ST/STEdgeAI/4.0/Middlewares/ST/AI/Lib/GCC/STM32H7/NetworkRuntime1200_CM7_GCC.a(ai_math_elementwise_sum_int8.o)
                                                  /opt/ST/STEdgeAI/4.0/Middlewares/ST/AI/Lib/GCC/STM32H7/NetworkRuntime1200_CM7_GCC.a(ai_math_helpers.o)
ai_math_erfinv                                    /opt/ST/STEdgeAI/4.0/Middlewares/ST/AI/Lib/GCC/STM32H7/NetworkRuntime1200_CM7_GCC.a(ai_math_helpers.o)
                                                  /opt/ST/STEdgeAI/4.0/Middlewares/ST/AI/Lib/GCC/STM32H7/NetworkRuntime1200_CM7_GCC.a(layers_nl_generic_float.o)
ai_math_exp                                       /opt/ST/STEdgeAI/4.0/Middlewares/ST/AI/Lib/GCC/STM32H7/NetworkRuntime1200_CM7_GCC.a(ai_math_helpers.o)
ai_math_gelu                                      /opt/ST/STEdgeAI/4.0/Middlewares/ST/AI/Lib/GCC/STM32H7/NetworkRuntime1200_CM7_GCC.a(ai_math_helpers.o)
ai_math_hard_sigmoid                              /opt/ST/STEdgeAI/4.0/Middlewares/ST/AI/Lib/GCC/STM32H7/NetworkRuntime1200_CM7_GCC.a(ai_math_helpers.o)
ai_math_hard_swish                                /opt/ST/STEdgeAI/4.0/Middlewares/ST/AI/Lib/GCC/STM32H7/NetworkRuntime1200_CM7_GCC.a(ai_math_helpers.o)
ai_math_pow                                       /opt/ST/STEdgeAI/4.0/Middlewares/ST/AI/Lib/GCC/STM32H7/NetworkRuntime1200_CM7_GCC.a(ai_math_helpers.o)
ai_math_prelu                                     /opt/ST/STEdgeAI/4.0/Middlewares/ST/AI/Lib/GCC/STM32H7/NetworkRuntime1200_CM7_GCC.a(ai_math_helpers.o)
ai_math_relu                                      /opt/ST/STEdgeAI/4.0/Middlewares/ST/AI/Lib/GCC/STM32H7/NetworkRuntime1200_CM7_GCC.a(ai_math_helpers.o)
ai_math_sigmoid                                   /opt/ST/STEdgeAI/4.0/Middlewares/ST/AI/Lib/GCC/STM32H7/NetworkRuntime1200_CM7_GCC.a(ai_math_helpers.o)
ai_math_sign                                      /opt/ST/STEdgeAI/4.0/Middlewares/ST/AI/Lib/GCC/STM32H7/NetworkRuntime1200_CM7_GCC.a(ai_math_helpers.o)
ai_math_sqrt                                      /opt/ST/STEdgeAI/4.0/Middlewares/ST/AI/Lib/GCC/STM32H7/NetworkRuntime1200_CM7_GCC.a(ai_math_helpers.o)
                                                  /opt/ST/STEdgeAI/4.0/Middlewares/ST/AI/Lib/GCC/STM32H7/NetworkRuntime1200_CM7_GCC.a(lite_nl_generic_float.o)
                                                  /opt/ST/STEdgeAI/4.0/Middlewares/ST/AI/Lib/GCC/STM32H7/NetworkRuntime1200_CM7_GCC.a(layers_nl_generic_float.o)
ai_math_swish                                     /opt/ST/STEdgeAI/4.0/Middlewares/ST/AI/Lib/GCC/STM32H7/NetworkRuntime1200_CM7_GCC.a(ai_math_helpers.o)
ai_math_tanh                                      /opt/ST/STEdgeAI/4.0/Middlewares/ST/AI/Lib/GCC/STM32H7/NetworkRuntime1200_CM7_GCC.a(ai_math_helpers.o)
ai_max                                            /opt/ST/STEdgeAI/4.0/Middlewares/ST/AI/Lib/GCC/STM32H7/NetworkRuntime1200_CM7_GCC.a(ai_math_helpers.o)
ai_max_buffer                                     /opt/ST/STEdgeAI/4.0/Middlewares/ST/AI/Lib/GCC/STM32H7/NetworkRuntime1200_CM7_GCC.a(ai_math_helpers.o)
ai_max_buffer_INT8                                /opt/ST/STEdgeAI/4.0/Middlewares/ST/AI/Lib/GCC/STM32H7/NetworkRuntime1200_CM7_GCC.a(ai_math_helpers.o)
ai_max_buffer_UINT8                               /opt/ST/STEdgeAI/4.0/Middlewares/ST/AI/Lib/GCC/STM32H7/NetworkRuntime1200_CM7_GCC.a(ai_math_helpers.o)
ai_max_buffer_f32                                 /opt/ST/STEdgeAI/4.0/Middlewares/ST/AI/Lib/GCC/STM32H7/NetworkRuntime1200_CM7_GCC.a(ai_math_helpers.o)
ai_max_buffer_s16                                 /opt/ST/STEdgeAI/4.0/Middlewares/ST/AI/Lib/GCC/STM32H7/NetworkRuntime1200_CM7_GCC.a(ai_math_helpers.o)
ai_max_buffer_s32                                 /opt/ST/STEdgeAI/4.0/Middlewares/ST/AI/Lib/GCC/STM32H7/NetworkRuntime1200_CM7_GCC.a(ai_math_helpers.o)
ai_max_buffer_s8                                  /opt/ST/STEdgeAI/4.0/Middlewares/ST/AI/Lib/GCC/STM32H7/NetworkRuntime1200_CM7_GCC.a(ai_math_helpers.o)
ai_max_buffer_u16                                 /opt/ST/STEdgeAI/4.0/Middlewares/ST/AI/Lib/GCC/STM32H7/NetworkRuntime1200_CM7_GCC.a(ai_math_helpers.o)
ai_max_buffer_u32                                 /opt/ST/STEdgeAI/4.0/Middlewares/ST/AI/Lib/GCC/STM32H7/NetworkRuntime1200_CM7_GCC.a(ai_math_helpers.o)
ai_max_buffer_u8                                  /opt/ST/STEdgeAI/4.0/Middlewares/ST/AI/Lib/GCC/STM32H7/NetworkRuntime1200_CM7_GCC.a(ai_math_helpers.o)
ai_max_f32                                        /opt/ST/STEdgeAI/4.0/Middlewares/ST/AI/Lib/GCC/STM32H7/NetworkRuntime1200_CM7_GCC.a(ai_math_helpers.o)
ai_max_s16                                        /opt/ST/STEdgeAI/4.0/Middlewares/ST/AI/Lib/GCC/STM32H7/NetworkRuntime1200_CM7_GCC.a(ai_math_helpers.o)
ai_max_s32                                        /opt/ST/STEdgeAI/4.0/Middlewares/ST/AI/Lib/GCC/STM32H7/NetworkRuntime1200_CM7_GCC.a(ai_math_helpers.o)
ai_max_s8                                         /opt/ST/STEdgeAI/4.0/Middlewares/ST/AI/Lib/GCC/STM32H7/NetworkRuntime1200_CM7_GCC.a(ai_math_helpers.o)
ai_max_u16                                        /opt/ST/STEdgeAI/4.0/Middlewares/ST/AI/Lib/GCC/STM32H7/NetworkRuntime1200_CM7_GCC.a(ai_math_helpers.o)
ai_max_u32                                        /opt/ST/STEdgeAI/4.0/Middlewares/ST/AI/Lib/GCC/STM32H7/NetworkRuntime1200_CM7_GCC.a(ai_math_helpers.o)
ai_max_u8                                         /opt/ST/STEdgeAI/4.0/Middlewares/ST/AI/Lib/GCC/STM32H7/NetworkRuntime1200_CM7_GCC.a(ai_math_helpers.o)
ai_min                                            /opt/ST/STEdgeAI/4.0/Middlewares/ST/AI/Lib/GCC/STM32H7/NetworkRuntime1200_CM7_GCC.a(ai_math_helpers.o)
ai_min_buffer                                     /opt/ST/STEdgeAI/4.0/Middlewares/ST/AI/Lib/GCC/STM32H7/NetworkRuntime1200_CM7_GCC.a(ai_math_helpers.o)
ai_min_buffer_INT8                                /opt/ST/STEdgeAI/4.0/Middlewares/ST/AI/Lib/GCC/STM32H7/NetworkRuntime1200_CM7_GCC.a(ai_math_helpers.o)
ai_min_buffer_UINT8                               /opt/ST/STEdgeAI/4.0/Middlewares/ST/AI/Lib/GCC/STM32H7/NetworkRuntime1200_CM7_GCC.a(ai_math_helpers.o)
ai_min_buffer_f32                                 /opt/ST/STEdgeAI/4.0/Middlewares/ST/AI/Lib/GCC/STM32H7/NetworkRuntime1200_CM7_GCC.a(ai_math_helpers.o)
ai_min_buffer_s16                                 /opt/ST/STEdgeAI/4.0/Middlewares/ST/AI/Lib/GCC/STM32H7/NetworkRuntime1200_CM7_GCC.a(ai_math_helpers.o)